Java HotSpot(TM) 64-Bit Server VM (25.261-b25) for linux-amd64 JRE (1.8.0_261-b25), built on Jun 18 2020 01:36:43 by "java_re" with gcc 7.3.0
Memory: 4k page, physical 99188216k(4447144k free), swap 33550328k(33422744k free)
CommandLine flags: -XX:InitialHeapSize=1073741824 -XX:MaxHeapSize=12884901888 -XX:+PrintGC -XX:+PrintGCDateStamps -XX:+PrintGCDetails -XX:+PrintGCTimeStamps -XX:+UseCompressedClassPointers -XX:+UseCompressedOops -XX:+UseParallelGC 
2022-06-29T12:53:04.107-0400: 2.252: [GC (Metadata GC Threshold) [PSYoungGen: 178245K->21660K(305664K)] 178245K->21748K(1005056K), 0.0242886 secs] [Times: user=0.05 sys=0.01, real=0.02 secs] 
2022-06-29T12:53:04.131-0400: 2.276: [Full GC (Metadata GC Threshold) [PSYoungGen: 21660K->0K(305664K)] [ParOldGen: 88K->20954K(699392K)] 21748K->20954K(1005056K), [Metaspace: 20715K->20715K(1069056K)], 0.0346052 secs] [Times: user=0.18 sys=0.02, real=0.04 secs] 
2022-06-29T12:53:05.723-0400: 3.868: [GC (Metadata GC Threshold) [PSYoungGen: 134547K->18912K(379904K)] 155501K->39938K(1079296K), 0.0128277 secs] [Times: user=0.04 sys=0.01, real=0.01 secs] 
2022-06-29T12:53:05.736-0400: 3.881: [Full GC (Metadata GC Threshold) [PSYoungGen: 18912K->0K(379904K)] [ParOldGen: 21026K->26748K(731136K)] 39938K->26748K(1111040K), [Metaspace: 34717K->34717K(1081344K)], 0.0393390 secs] [Times: user=0.19 sys=0.02, real=0.04 secs] 
2022-06-29T12:53:55.985-0400: 54.130: [GC (Metadata GC Threshold) [PSYoungGen: 355888K->24513K(472064K)] 382636K->51269K(1203200K), 0.0209110 secs] [Times: user=0.05 sys=0.01, real=0.02 secs] 
2022-06-29T12:53:56.006-0400: 54.151: [Full GC (Metadata GC Threshold) [PSYoungGen: 24513K->0K(472064K)] [ParOldGen: 26756K->40579K(1038336K)] 51269K->40579K(1510400K), [Metaspace: 57994K->57987K(1101824K)], 0.1328649 secs] [Times: user=0.90 sys=0.03, real=0.13 secs] 
2022-06-29T12:53:59.163-0400: 57.308: [GC (Allocation Failure) [PSYoungGen: 447488K->35703K(524800K)] 488067K->76331K(1563136K), 0.0296167 secs] [Times: user=0.05 sys=0.03, real=0.03 secs] 
2022-06-29T12:54:00.954-0400: 59.100: [GC (Metadata GC Threshold) [PSYoungGen: 324429K->24306K(524800K)] 365057K->64942K(1563136K), 0.0148644 secs] [Times: user=0.07 sys=0.01, real=0.01 secs] 
2022-06-29T12:54:00.969-0400: 59.115: [Full GC (Metadata GC Threshold) [PSYoungGen: 24306K->0K(524800K)] [ParOldGen: 40635K->49512K(1454592K)] 64942K->49512K(1979392K), [Metaspace: 96937K->96937K(1136640K)], 0.0956190 secs] [Times: user=0.39 sys=0.02, real=0.10 secs] 
2022-06-29T12:54:04.996-0400: 63.141: [GC (Allocation Failure) [PSYoungGen: 481280K->34283K(667648K)] 530792K->96471K(2122240K), 0.0443086 secs] [Times: user=0.10 sys=0.03, real=0.04 secs] 
2022-06-29T12:54:09.280-0400: 67.425: [GC (Allocation Failure) [PSYoungGen: 667627K->45557K(678912K)] 729815K->138657K(2133504K), 0.0573625 secs] [Times: user=0.16 sys=0.06, real=0.06 secs] 
2022-06-29T12:54:10.851-0400: 68.996: [GC (Allocation Failure) [PSYoungGen: 678901K->67069K(904192K)] 772001K->220633K(2358784K), 0.1068484 secs] [Times: user=0.23 sys=0.11, real=0.11 secs] 
2022-06-29T12:54:11.956-0400: 70.101: [GC (Metadata GC Threshold) [PSYoungGen: 349713K->99677K(940544K)] 503277K->253249K(2395136K), 0.0842747 secs] [Times: user=0.19 sys=0.12, real=0.08 secs] 
2022-06-29T12:54:12.040-0400: 70.186: [Full GC (Metadata GC Threshold) [PSYoungGen: 99677K->0K(940544K)] [ParOldGen: 153571K->138763K(1757696K)] 253249K->138763K(2698240K), [Metaspace: 161874K->161831K(1193984K)], 0.2097479 secs] [Times: user=0.93 sys=0.03, real=0.21 secs] 
2022-06-29T12:54:16.010-0400: 74.155: [GC (Allocation Failure) [PSYoungGen: 837120K->34802K(1249792K)] 975883K->173573K(3007488K), 0.0433232 secs] [Times: user=0.11 sys=0.04, real=0.04 secs] 
2022-06-29T12:54:19.869-0400: 78.015: [GC (Allocation Failure) [PSYoungGen: 1199602K->115170K(1280000K)] 1338373K->400092K(3037696K), 0.1158402 secs] [Times: user=0.53 sys=0.31, real=0.12 secs] 
2022-06-29T12:54:22.975-0400: 81.120: [GC (GCLocker Initiated GC) [PSYoungGen: 1279970K->75217K(1752576K)] 1564892K->373339K(3510272K), 0.0565244 secs] [Times: user=0.24 sys=0.10, real=0.05 secs] 
2022-06-29T13:01:57.521-0400: 535.666: [GC (Allocation Failure) [PSYoungGen: 1677777K->54164K(1779200K)] 1975909K->416159K(3536896K), 0.1313531 secs] [Times: user=0.44 sys=0.44, real=0.13 secs] 
2022-06-29T13:03:09.555-0400: 607.700: [GC (Allocation Failure) [PSYoungGen: 1656724K->101144K(2195968K)] 2018719K->496835K(3953664K), 0.2033937 secs] [Times: user=0.39 sys=0.13, real=0.20 secs] 
2022-06-29T13:20:34.310-0400: 1652.455: [GC (Allocation Failure) [PSYoungGen: 2181912K->37262K(2251776K)] 2577603K->460481K(4009472K), 0.0879728 secs] [Times: user=0.46 sys=0.04, real=0.09 secs] 
2022-06-29T13:24:02.664-0400: 1860.809: [GC (Allocation Failure) [PSYoungGen: 2118030K->44786K(2600960K)] 2541249K->468012K(4358656K), 0.0377155 secs] [Times: user=0.15 sys=0.02, real=0.04 secs] 
2022-06-29T13:27:57.345-0400: 2095.490: [GC (Allocation Failure) [PSYoungGen: 2573554K->53215K(2504192K)] 2996780K->476450K(4261888K), 0.0531181 secs] [Times: user=0.21 sys=0.03, real=0.05 secs] 
2022-06-29T13:30:35.135-0400: 2253.280: [GC (Allocation Failure) [PSYoungGen: 2504159K->55573K(2432512K)] 2927394K->478816K(4190208K), 0.0444939 secs] [Times: user=0.18 sys=0.05, real=0.04 secs] 
2022-06-29T13:32:20.784-0400: 2358.929: [GC (Allocation Failure) [PSYoungGen: 2432277K->55999K(2361856K)] 2855520K->479249K(4119552K), 0.0430793 secs] [Times: user=0.22 sys=0.00, real=0.04 secs] 
2022-06-29T13:33:29.594-0400: 2427.739: [GC (Allocation Failure) [PSYoungGen: 2361535K->65704K(2303488K)] 2784785K->488962K(4061184K), 0.0376623 secs] [Times: user=0.23 sys=0.02, real=0.04 secs] 
2022-06-29T13:34:30.446-0400: 2488.591: [GC (Allocation Failure) [PSYoungGen: 2303144K->62687K(2234880K)] 2726402K->485954K(3992576K), 0.0328173 secs] [Times: user=0.17 sys=0.00, real=0.03 secs] 
2022-06-29T13:37:46.362-0400: 2684.507: [GC (Allocation Failure) [PSYoungGen: 2234591K->77452K(2187264K)] 2657858K->500726K(3944960K), 0.0546343 secs] [Times: user=0.31 sys=0.01, real=0.05 secs] 
2022-06-29T13:39:26.289-0400: 2784.433: [GC (Allocation Failure) [PSYoungGen: 2186892K->77667K(2127360K)] 2610166K->500950K(3885056K), 0.0526063 secs] [Times: user=0.23 sys=0.01, real=0.05 secs] 
2022-06-29T13:40:48.332-0400: 2866.477: [GC (Allocation Failure) [PSYoungGen: 2127203K->92174K(2084352K)] 2550486K->515465K(3842048K), 0.0485739 secs] [Times: user=0.26 sys=0.00, real=0.05 secs] 
2022-06-29T13:41:36.493-0400: 2914.638: [GC (Allocation Failure) [PSYoungGen: 2083854K->95834K(2032640K)] 2507145K->519132K(3790336K), 0.0646726 secs] [Times: user=0.35 sys=0.01, real=0.07 secs] 
2022-06-29T13:42:01.755-0400: 2939.900: [GC (Allocation Failure) [PSYoungGen: 2032218K->67568K(1950720K)] 2455516K->518595K(3708416K), 0.0384979 secs] [Times: user=0.28 sys=0.03, real=0.04 secs] 
2022-06-29T13:42:57.172-0400: 2995.317: [GC (Allocation Failure) [PSYoungGen: 1950704K->56239K(1888256K)] 2401731K->524588K(3645952K), 0.0405696 secs] [Times: user=0.25 sys=0.02, real=0.04 secs] 
2022-06-29T13:46:27.350-0400: 3205.495: [GC (Allocation Failure) [PSYoungGen: 1888175K->68907K(1851904K)] 2356524K->537264K(3609600K), 0.0525863 secs] [Times: user=0.27 sys=0.00, real=0.05 secs] 
2022-06-29T13:47:37.197-0400: 3275.342: [GC (Allocation Failure) [PSYoungGen: 1851691K->65111K(1801216K)] 2320048K->533476K(3558912K), 0.0416437 secs] [Times: user=0.25 sys=0.01, real=0.04 secs] 
2022-06-29T13:48:23.675-0400: 3321.820: [GC (Allocation Failure) [PSYoungGen: 1800791K->68218K(1759232K)] 2269156K->536591K(3516928K), 0.0417685 secs] [Times: user=0.24 sys=0.00, real=0.05 secs] 
2022-06-29T13:49:13.280-0400: 3371.425: [GC (Allocation Failure) [PSYoungGen: 1758842K->72835K(1720320K)] 2227215K->541217K(3478016K), 0.0419861 secs] [Times: user=0.21 sys=0.00, real=0.04 secs] 
2022-06-29T13:49:46.391-0400: 3404.536: [GC (Allocation Failure) [PSYoungGen: 1719939K->78606K(1683968K)] 2188321K->547787K(3441664K), 0.0519151 secs] [Times: user=0.25 sys=0.00, real=0.05 secs] 
2022-06-29T13:50:19.133-0400: 3437.278: [GC (Allocation Failure) [PSYoungGen: 1683726K->76176K(1640960K)] 2152907K->548894K(3398656K), 0.0448787 secs] [Times: user=0.23 sys=0.02, real=0.05 secs] 
2022-06-29T13:50:55.302-0400: 3473.447: [GC (Allocation Failure) [PSYoungGen: 1640848K->69607K(1595392K)] 2113566K->556466K(3353088K), 0.0378960 secs] [Times: user=0.22 sys=0.01, real=0.04 secs] 
2022-06-29T13:51:34.320-0400: 3512.465: [GC (Allocation Failure) [PSYoungGen: 1595367K->69678K(1558528K)] 2082226K->559545K(3316224K), 0.0421188 secs] [Times: user=0.21 sys=0.01, real=0.04 secs] 
2022-06-29T13:52:04.063-0400: 3542.208: [GC (Allocation Failure) [PSYoungGen: 1558062K->68139K(1521152K)] 2047929K->558014K(3278848K), 0.0303396 secs] [Times: user=0.20 sys=0.01, real=0.03 secs] 
2022-06-29T13:52:29.309-0400: 3567.454: [GC (Allocation Failure) [PSYoungGen: 1520683K->62446K(1480192K)] 2010558K->556026K(3237888K), 0.0373414 secs] [Times: user=0.21 sys=0.01, real=0.04 secs] 
2022-06-29T13:52:44.308-0400: 3582.453: [GC (Allocation Failure) [PSYoungGen: 1480174K->60346K(1444864K)] 1973754K->557003K(3202560K), 0.0317571 secs] [Times: user=0.19 sys=0.00, real=0.03 secs] 
2022-06-29T13:53:21.870-0400: 3620.014: [GC (Allocation Failure) [PSYoungGen: 1444794K->53080K(1405440K)] 1941451K->557507K(3163136K), 0.0326016 secs] [Times: user=0.18 sys=0.01, real=0.03 secs] 
2022-06-29T13:54:37.009-0400: 3695.154: [GC (Allocation Failure) [PSYoungGen: 1405272K->52659K(1374208K)] 1909699K->559054K(3131904K), 0.0363299 secs] [Times: user=0.18 sys=0.01, real=0.04 secs] 
2022-06-29T13:55:44.916-0400: 3763.061: [GC (Allocation Failure) [PSYoungGen: 1374131K->49424K(1341440K)] 1880526K->557815K(3099136K), 0.0330878 secs] [Times: user=0.19 sys=0.00, real=0.03 secs] 
2022-06-29T13:56:47.295-0400: 3825.440: [GC (Allocation Failure) [PSYoungGen: 1341200K->45668K(1309184K)] 1849591K->557931K(3066880K), 0.0272918 secs] [Times: user=0.16 sys=0.00, real=0.02 secs] 
2022-06-29T13:57:03.936-0400: 3842.081: [GC (Allocation Failure) [PSYoungGen: 1308772K->39211K(1274880K)] 1821035K->558652K(3032576K), 0.0248158 secs] [Times: user=0.15 sys=0.00, real=0.02 secs] 
2022-06-29T13:57:53.239-0400: 3891.384: [GC (Allocation Failure) [PSYoungGen: 1274667K->37598K(1282560K)] 1794108K->557974K(3040256K), 0.0283146 secs] [Times: user=0.20 sys=0.01, real=0.03 secs] 
2022-06-29T13:58:26.027-0400: 3924.172: [GC (Allocation Failure) [PSYoungGen: 1246430K->41344K(1224192K)] 1766806K->563243K(2981888K), 0.0278183 secs] [Times: user=0.14 sys=0.00, real=0.03 secs] 
2022-06-29T13:59:03.322-0400: 3961.467: [GC (Allocation Failure) [PSYoungGen: 1224064K->38853K(1230336K)] 1745963K->561160K(2988032K), 0.0293737 secs] [Times: user=0.13 sys=0.01, real=0.03 secs] 
2022-06-29T13:59:55.992-0400: 4014.137: [GC (Allocation Failure) [PSYoungGen: 1196485K->38001K(1171968K)] 1718792K->561512K(2929664K), 0.0276390 secs] [Times: user=0.15 sys=0.00, real=0.03 secs] 
2022-06-29T14:00:20.022-0400: 4038.167: [GC (Allocation Failure) [PSYoungGen: 1171569K->39202K(1179648K)] 1695080K->563788K(2937344K), 0.0247986 secs] [Times: user=0.14 sys=0.00, real=0.03 secs] 
2022-06-29T14:00:31.728-0400: 4049.873: [GC (Allocation Failure) [PSYoungGen: 1149218K->35433K(1123328K)] 1673804K->562720K(2881024K), 0.0248794 secs] [Times: user=0.13 sys=0.00, real=0.02 secs] 
2022-06-29T14:00:44.617-0400: 4062.763: [GC (Allocation Failure) [PSYoungGen: 1122921K->33750K(1134080K)] 1650208K->563313K(2891776K), 0.0220646 secs] [Times: user=0.12 sys=0.00, real=0.03 secs] 
2022-06-29T14:00:53.476-0400: 4071.621: [GC (Allocation Failure) [PSYoungGen: 1099222K->34712K(1079296K)] 1628785K->565578K(2836992K), 0.0224710 secs] [Times: user=0.14 sys=0.00, real=0.02 secs] 
2022-06-29T14:01:05.893-0400: 4084.038: [GC (Allocation Failure) [PSYoungGen: 1079192K->35012K(1089536K)] 1610058K->566189K(2847232K), 0.0261079 secs] [Times: user=0.13 sys=0.00, real=0.02 secs] 
2022-06-29T14:01:34.112-0400: 4112.257: [GC (Allocation Failure) [PSYoungGen: 1059012K->46168K(1050624K)] 1590189K->577578K(2808320K), 0.0335540 secs] [Times: user=0.15 sys=0.00, real=0.03 secs] 
2022-06-29T14:02:44.179-0400: 4182.324: [GC (Allocation Failure) [PSYoungGen: 1050200K->45079K(1041920K)] 1581610K->577264K(2799616K), 0.0303123 secs] [Times: user=0.18 sys=0.00, real=0.03 secs] 
2022-06-29T14:03:32.777-0400: 4230.922: [GC (Allocation Failure) [PSYoungGen: 1029655K->39949K(1006592K)] 1561840K->574431K(2764288K), 0.0288232 secs] [Times: user=0.15 sys=0.01, real=0.03 secs] 
2022-06-29T14:04:23.540-0400: 4281.686: [GC (Allocation Failure) [PSYoungGen: 1006093K->40420K(1004032K)] 1540575K->576654K(2761728K), 0.0267578 secs] [Times: user=0.15 sys=0.01, real=0.03 secs] 
2022-06-29T14:04:53.299-0400: 4311.444: [GC (Allocation Failure) [PSYoungGen: 988644K->37551K(968704K)] 1524878K->575813K(2726400K), 0.0275987 secs] [Times: user=0.13 sys=0.00, real=0.02 secs] 
2022-06-29T14:05:13.537-0400: 4331.683: [GC (Allocation Failure) [PSYoungGen: 968367K->39086K(966656K)] 1506629K->577652K(2724352K), 0.0288025 secs] [Times: user=0.14 sys=0.00, real=0.03 secs] 
2022-06-29T14:06:05.546-0400: 4383.692: [GC (Allocation Failure) [PSYoungGen: 953006K->34016K(931840K)] 1491572K->573094K(2689536K), 0.0209073 secs] [Times: user=0.13 sys=0.00, real=0.02 secs] 
2022-06-29T14:08:24.181-0400: 4522.327: [GC (Allocation Failure) [PSYoungGen: 931552K->33194K(934400K)] 1470630K->573614K(2692096K), 0.0280329 secs] [Times: user=0.16 sys=0.01, real=0.03 secs] 
2022-06-29T14:08:58.629-0400: 4556.774: [GC (Allocation Failure) [PSYoungGen: 914858K->34117K(900608K)] 1455278K->575008K(2658304K), 0.0242101 secs] [Times: user=0.13 sys=0.01, real=0.02 secs] 
2022-06-29T14:09:46.560-0400: 4604.705: [GC (Allocation Failure) [PSYoungGen: 900421K->32226K(901632K)] 1441312K->573836K(2659328K), 0.0201713 secs] [Times: user=0.12 sys=0.00, real=0.02 secs] 
2022-06-29T14:10:06.479-0400: 4624.624: [GC (Allocation Failure) [PSYoungGen: 883682K->36220K(872960K)] 1425292K->579186K(2630656K), 0.0199867 secs] [Times: user=0.12 sys=0.00, real=0.02 secs] 
2022-06-29T14:10:47.958-0400: 4666.104: [GC (Allocation Failure) [PSYoungGen: 872828K->36743K(868864K)] 1415794K->579853K(2626560K), 0.0220837 secs] [Times: user=0.14 sys=0.01, real=0.02 secs] 
2022-06-29T14:11:31.652-0400: 4709.798: [GC (Allocation Failure) [PSYoungGen: 859015K->36708K(845312K)] 1402125K->580058K(2603008K), 0.0213563 secs] [Times: user=0.13 sys=0.01, real=0.02 secs] 
2022-06-29T14:11:59.565-0400: 4737.711: [GC (Allocation Failure) [PSYoungGen: 845156K->40424K(839680K)] 1388506K->583998K(2597376K), 0.0256146 secs] [Times: user=0.14 sys=0.01, real=0.02 secs] 
2022-06-29T14:12:27.733-0400: 4765.878: [GC (Allocation Failure) [PSYoungGen: 835560K->37846K(819712K)] 1379134K->581645K(2577408K), 0.0213594 secs] [Times: user=0.14 sys=0.00, real=0.02 secs] 
2022-06-29T14:13:05.765-0400: 4803.910: [GC (Allocation Failure) [PSYoungGen: 819670K->33828K(812544K)] 1363469K->581820K(2570240K), 0.0246029 secs] [Times: user=0.12 sys=0.00, real=0.02 secs] 
2022-06-29T14:13:37.672-0400: 4835.818: [GC (Metadata GC Threshold) [PSYoungGen: 297835K->28858K(785920K)] 845827K->580405K(2543616K), 0.0206344 secs] [Times: user=0.13 sys=0.00, real=0.02 secs] 
2022-06-29T14:13:37.693-0400: 4835.838: [Full GC (Metadata GC Threshold) [PSYoungGen: 28858K->0K(785920K)] [ParOldGen: 551546K->373130K(2555904K)] 580405K->373130K(3341824K), [Metaspace: 268098K->266979K(1292288K)], 0.8485518 secs] [Times: user=3.64 sys=0.06, real=0.85 secs] 
2022-06-29T14:14:42.266-0400: 4900.412: [GC (Allocation Failure) [PSYoungGen: 756736K->11365K(810496K)] 1129866K->384495K(3366400K), 0.0193234 secs] [Times: user=0.09 sys=0.00, real=0.01 secs] 
2022-06-29T14:15:02.852-0400: 4920.998: [GC (Allocation Failure) [PSYoungGen: 765541K->11820K(813056K)] 1138671K->384959K(3368960K), 0.0146300 secs] [Times: user=0.08 sys=0.00, real=0.01 secs] 
2022-06-29T14:15:17.011-0400: 4935.157: [GC (Allocation Failure) [PSYoungGen: 765996K->20113K(822272K)] 1139135K->393260K(3378176K), 0.0229259 secs] [Times: user=0.10 sys=0.00, real=0.03 secs] 
2022-06-29T14:15:27.299-0400: 4945.444: [GC (Allocation Failure) [PSYoungGen: 781969K->16604K(821760K)] 1155116K->389751K(3377664K), 0.0179122 secs] [Times: user=0.09 sys=0.00, real=0.02 secs] 
2022-06-29T14:16:19.569-0400: 4997.714: [GC (Allocation Failure) [PSYoungGen: 778460K->14389K(829440K)] 1151607K->387543K(3385344K), 0.0156209 secs] [Times: user=0.09 sys=0.00, real=0.02 secs] 
2022-06-29T14:16:42.480-0400: 5020.626: [GC (Allocation Failure) [PSYoungGen: 786997K->25576K(832000K)] 1160151K->398730K(3387904K), 0.0214568 secs] [Times: user=0.11 sys=0.00, real=0.02 secs] 
2022-06-29T14:17:07.447-0400: 5045.593: [GC (Allocation Failure) [PSYoungGen: 798184K->27883K(834048K)] 1171338K->401046K(3389952K), 0.0237293 secs] [Times: user=0.12 sys=0.00, real=0.03 secs] 
2022-06-29T14:17:37.013-0400: 5075.159: [GC (Allocation Failure) [PSYoungGen: 811243K->28551K(837120K)] 1184406K->401722K(3393024K), 0.0193876 secs] [Times: user=0.13 sys=0.00, real=0.01 secs] 
2022-06-29T14:19:04.962-0400: 5163.107: [GC (Allocation Failure) [PSYoungGen: 811911K->32522K(840192K)] 1185082K->405693K(3396096K), 0.0253029 secs] [Times: user=0.13 sys=0.01, real=0.03 secs] 
2022-06-29T14:20:40.450-0400: 5258.595: [GC (Allocation Failure) [PSYoungGen: 824586K->34684K(842752K)] 1197757K->407855K(3398656K), 0.0217112 secs] [Times: user=0.13 sys=0.00, real=0.03 secs] 
2022-06-29T14:22:33.106-0400: 5371.252: [GC (Allocation Failure) [PSYoungGen: 826748K->37192K(849920K)] 1199919K->410371K(3405824K), 0.0348238 secs] [Times: user=0.14 sys=0.01, real=0.04 secs] 
2022-06-29T14:24:11.897-0400: 5470.043: [GC (Allocation Failure) [PSYoungGen: 835912K->33880K(850432K)] 1209091K->407059K(3406336K), 0.0189666 secs] [Times: user=0.12 sys=0.00, real=0.02 secs] 
2022-06-29T14:26:44.419-0400: 5622.564: [GC (Allocation Failure) [PSYoungGen: 832600K->37211K(855040K)] 1205779K->410390K(3410944K), 0.0274990 secs] [Times: user=0.15 sys=0.00, real=0.03 secs] 
2022-06-29T14:28:44.896-0400: 5743.042: [GC (Allocation Failure) [PSYoungGen: 841051K->31976K(855552K)] 1214230K->405155K(3411456K), 0.0240422 secs] [Times: user=0.14 sys=0.00, real=0.02 secs] 
2022-06-29T14:30:29.346-0400: 5847.491: [GC (Allocation Failure) [PSYoungGen: 835816K->33601K(856064K)] 1208995K->406780K(3411968K), 0.0239396 secs] [Times: user=0.14 sys=0.00, real=0.02 secs] 
2022-06-29T14:32:23.085-0400: 5961.231: [GC (Allocation Failure) [PSYoungGen: 841537K->35596K(857088K)] 1214716K->409868K(3412992K), 0.0294392 secs] [Times: user=0.15 sys=0.00, real=0.03 secs] 
2022-06-29T14:32:34.372-0400: 5972.518: [GC (Allocation Failure) [PSYoungGen: 843532K->36541K(860672K)] 1217804K->410917K(3416576K), 0.0249842 secs] [Times: user=0.13 sys=0.00, real=0.02 secs] 
2022-06-29T14:32:41.834-0400: 5979.980: [GC (GCLocker Initiated GC) [PSYoungGen: 848573K->48609K(860672K)] 1223511K->427412K(3416576K), 0.0245142 secs] [Times: user=0.17 sys=0.00, real=0.02 secs] 
2022-06-29T14:33:15.363-0400: 6013.508: [GC (Allocation Failure) [PSYoungGen: 860641K->51283K(879616K)] 1239445K->430335K(3435520K), 0.0299836 secs] [Times: user=0.17 sys=0.02, real=0.03 secs] 
2022-06-29T14:34:09.694-0400: 6067.839: [GC (Allocation Failure) [PSYoungGen: 876115K->50606K(883712K)] 1255167K->429666K(3439616K), 0.0246561 secs] [Times: user=0.17 sys=0.00, real=0.03 secs] 
2022-06-29T14:34:32.822-0400: 6090.968: [GC (Allocation Failure) [PSYoungGen: 875438K->52851K(896512K)] 1254498K->432443K(3452416K), 0.0248489 secs] [Times: user=0.14 sys=0.03, real=0.03 secs] 
2022-06-29T14:34:42.700-0400: 6100.845: [GC (Allocation Failure) [PSYoungGen: 887411K->44353K(900096K)] 1267003K->428131K(3456000K), 0.0244624 secs] [Times: user=0.15 sys=0.00, real=0.02 secs] 
2022-06-29T14:35:33.039-0400: 6151.184: [GC (Allocation Failure) [PSYoungGen: 878913K->43968K(911360K)] 1262691K->428235K(3467264K), 0.0269524 secs] [Times: user=0.16 sys=0.01, real=0.02 secs] 
2022-06-29T14:37:08.786-0400: 6246.931: [GC (Allocation Failure) [PSYoungGen: 893888K->51177K(913920K)] 1278155K->435760K(3469824K), 0.0338010 secs] [Times: user=0.18 sys=0.00, real=0.03 secs] 
2022-06-29T14:37:43.725-0400: 6281.871: [GC (Allocation Failure) [PSYoungGen: 901097K->47421K(928256K)] 1285680K->435833K(3484160K), 0.0524040 secs] [Times: user=0.24 sys=0.05, real=0.06 secs] 
2022-06-29T14:39:08.441-0400: 6366.587: [GC (Allocation Failure) [PSYoungGen: 910068K->43142K(928256K)] 1298479K->432808K(3484160K), 0.0267878 secs] [Times: user=0.16 sys=0.00, real=0.02 secs] 
2022-06-29T14:42:53.808-0400: 6591.954: [GC (Allocation Failure) [PSYoungGen: 905862K->47608K(933376K)] 1295528K->438239K(3489280K), 0.0395317 secs] [Times: user=0.22 sys=0.01, real=0.04 secs] 
2022-06-29T14:43:20.656-0400: 6618.802: [GC (Allocation Failure) [PSYoungGen: 920056K->58814K(935936K)] 1310687K->450002K(3491840K), 0.0389935 secs] [Times: user=0.19 sys=0.00, real=0.04 secs] 
2022-06-29T14:44:45.265-0400: 6703.411: [GC (Allocation Failure) [PSYoungGen: 931262K->60948K(948224K)] 1322450K->452280K(3504128K), 0.0391305 secs] [Times: user=0.21 sys=0.02, real=0.04 secs] 
2022-06-29T14:45:21.899-0400: 6740.045: [GC (Allocation Failure) [PSYoungGen: 941588K->61656K(952320K)] 1332920K->453148K(3508224K), 0.0259525 secs] [Times: user=0.18 sys=0.00, real=0.02 secs] 
2022-06-29T14:45:51.904-0400: 6770.049: [GC (Allocation Failure) [PSYoungGen: 942296K->71085K(960000K)] 1333788K->463833K(3515904K), 0.0361247 secs] [Times: user=0.18 sys=0.02, real=0.03 secs] 
2022-06-29T14:46:30.620-0400: 6808.765: [GC (Allocation Failure) [PSYoungGen: 956333K->63875K(966144K)] 1349081K->457407K(3522048K), 0.0306654 secs] [Times: user=0.19 sys=0.00, real=0.03 secs] 
2022-06-29T14:46:48.188-0400: 6826.334: [GC (Allocation Failure) [PSYoungGen: 949123K->66332K(977408K)] 1342655K->466285K(3533312K), 0.0399768 secs] [Times: user=0.22 sys=0.00, real=0.04 secs] 
2022-06-29T14:46:54.996-0400: 6833.141: [GC (Allocation Failure) [PSYoungGen: 960751K->73647K(979968K)] 1360704K->477345K(3535872K), 0.0382884 secs] [Times: user=0.21 sys=0.01, real=0.04 secs] 
2022-06-29T14:47:33.523-0400: 6871.669: [GC (Allocation Failure) [PSYoungGen: 968111K->69788K(1010176K)] 1371809K->477003K(3566080K), 0.0413601 secs] [Times: user=0.23 sys=0.02, real=0.04 secs] 
2022-06-29T14:48:10.540-0400: 6908.686: [GC (Allocation Failure) [PSYoungGen: 989852K->67359K(1012224K)] 1397067K->476430K(3568128K), 0.0273285 secs] [Times: user=0.19 sys=0.00, real=0.03 secs] 
2022-06-29T14:48:33.347-0400: 6931.492: [GC (Allocation Failure) [PSYoungGen: 987423K->71053K(1033728K)] 1396494K->481136K(3589632K), 0.0408421 secs] [Times: user=0.20 sys=0.02, real=0.04 secs] 
2022-06-29T14:48:53.229-0400: 6951.375: [GC (Allocation Failure) [PSYoungGen: 1012109K->64185K(1035264K)] 1422192K->475514K(3591168K), 0.0269667 secs] [Times: user=0.19 sys=0.00, real=0.02 secs] 
2022-06-29T14:49:24.761-0400: 6982.906: [GC (Allocation Failure) [PSYoungGen: 1005241K->64421K(1050112K)] 1416570K->477123K(3606016K), 0.0367572 secs] [Times: user=0.20 sys=0.01, real=0.04 secs] 
2022-06-29T14:50:48.615-0400: 7066.761: [GC (Allocation Failure) [PSYoungGen: 1026469K->67315K(1053184K)] 1439171K->482434K(3609088K), 0.0429319 secs] [Times: user=0.22 sys=0.00, real=0.05 secs] 
2022-06-29T14:51:36.372-0400: 7114.518: [GC (Allocation Failure) [PSYoungGen: 1029363K->70024K(1071104K)] 1444482K->485887K(3627008K), 0.0524126 secs] [Times: user=0.26 sys=0.02, real=0.06 secs] 
2022-06-29T14:52:02.501-0400: 7140.646: [GC (Allocation Failure) [PSYoungGen: 1049992K->78897K(1071616K)] 1465855K->495160K(3627520K), 0.0448664 secs] [Times: user=0.22 sys=0.00, real=0.04 secs] 
2022-06-29T14:52:41.628-0400: 7179.774: [GC (Allocation Failure) [PSYoungGen: 1058865K->69479K(1093120K)] 1475128K->495729K(3649024K), 0.0483650 secs] [Times: user=0.24 sys=0.01, real=0.05 secs] 
2022-06-29T14:54:08.788-0400: 7266.933: [GC (Allocation Failure) [PSYoungGen: 1068903K->80107K(1093632K)] 1495153K->507215K(3649536K), 0.0399035 secs] [Times: user=0.21 sys=0.01, real=0.04 secs] 
2022-06-29T14:55:07.990-0400: 7326.136: [GC (Allocation Failure) [PSYoungGen: 1079531K->71373K(1111552K)] 1506639K->503160K(3667456K), 0.0643668 secs] [Times: user=0.30 sys=0.06, real=0.06 secs] 
2022-06-29T14:56:28.574-0400: 7406.720: [GC (Allocation Failure) [PSYoungGen: 1087693K->77241K(1112576K)] 1519480K->510363K(3668480K), 0.0421279 secs] [Times: user=0.21 sys=0.00, real=0.04 secs] 
2022-06-29T14:57:15.746-0400: 7453.892: [GC (Allocation Failure) [PSYoungGen: 1093561K->72678K(1125376K)] 1526683K->506785K(3681280K), 0.0389591 secs] [Times: user=0.20 sys=0.01, real=0.04 secs] 
2022-06-29T14:57:44.860-0400: 7483.006: [GC (Allocation Failure) [PSYoungGen: 1103334K->65568K(1126912K)] 1537441K->505298K(3682816K), 0.0342113 secs] [Times: user=0.20 sys=0.00, real=0.03 secs] 
2022-06-29T14:58:11.282-0400: 7509.428: [GC (Allocation Failure) [PSYoungGen: 1096224K->61545K(1139200K)] 1535954K->505632K(3695104K), 0.0346887 secs] [Times: user=0.19 sys=0.00, real=0.04 secs] 
2022-06-29T14:58:23.193-0400: 7521.339: [GC (Allocation Failure) [PSYoungGen: 1109097K->56844K(1139712K)] 1553184K->501409K(3695616K), 0.0242100 secs] [Times: user=0.16 sys=0.00, real=0.03 secs] 
2022-06-29T14:58:45.676-0400: 7543.821: [GC (Allocation Failure) [PSYoungGen: 1104396K->57382K(1158656K)] 1548961K->502514K(3714560K), 0.0318429 secs] [Times: user=0.15 sys=0.01, real=0.03 secs] 
2022-06-29T14:59:29.017-0400: 7587.162: [GC (Allocation Failure) [PSYoungGen: 1125926K->55954K(1159168K)] 1571058K->502407K(3715072K), 0.0293794 secs] [Times: user=0.18 sys=0.00, real=0.03 secs] 
2022-06-29T15:00:26.491-0400: 7644.637: [GC (Allocation Failure) [PSYoungGen: 1124498K->54789K(1170944K)] 1570951K->501682K(3726848K), 0.0335266 secs] [Times: user=0.18 sys=0.01, real=0.04 secs] 
2022-06-29T15:01:21.554-0400: 7699.701: [GC (Allocation Failure) [PSYoungGen: 1140229K->56701K(1174016K)] 1587122K->506143K(3729920K), 0.0279663 secs] [Times: user=0.23 sys=0.00, real=0.03 secs] 
2022-06-29T15:02:08.292-0400: 7746.439: [GC (Allocation Failure) [PSYoungGen: 1142141K->52610K(1185280K)] 1591583K->508312K(3741184K), 0.0348316 secs] [Times: user=0.20 sys=0.01, real=0.03 secs] 
2022-06-29T15:02:33.396-0400: 7771.542: [GC (Allocation Failure) [PSYoungGen: 1152386K->54167K(1186304K)] 1608088K->510580K(3742208K), 0.0332959 secs] [Times: user=0.18 sys=0.00, real=0.03 secs] 
2022-06-29T15:02:49.031-0400: 7787.178: [GC (Allocation Failure) [PSYoungGen: 1153943K->45563K(1200640K)] 1610356K->509547K(3756544K), 0.0364197 secs] [Times: user=0.18 sys=0.01, real=0.04 secs] 
2022-06-29T15:03:09.663-0400: 7807.810: [GC (Allocation Failure) [PSYoungGen: 1161211K->47465K(1201152K)] 1625195K->512055K(3757056K), 0.0338987 secs] [Times: user=0.15 sys=0.00, real=0.04 secs] 
2022-06-29T15:03:24.346-0400: 7822.493: [GC (Allocation Failure) [PSYoungGen: 1163113K->41625K(1223680K)] 1627703K->508707K(3779584K), 0.0245284 secs] [Times: user=0.13 sys=0.01, real=0.03 secs] 
2022-06-29T15:03:57.758-0400: 7855.905: [GC (Allocation Failure) [PSYoungGen: 1180313K->44471K(1223680K)] 1647395K->512008K(3779584K), 0.0283513 secs] [Times: user=0.16 sys=0.00, real=0.03 secs] 
2022-06-29T15:04:18.591-0400: 7876.738: [GC (Allocation Failure) [PSYoungGen: 1183159K->41388K(1244160K)] 1650696K->511833K(3800064K), 0.0273005 secs] [Times: user=0.15 sys=0.01, real=0.03 secs] 
2022-06-29T15:04:42.807-0400: 7900.954: [GC (Allocation Failure) [PSYoungGen: 1202604K->42326K(1244672K)] 1673049K->513371K(3800576K), 0.0210063 secs] [Times: user=0.13 sys=0.00, real=0.02 secs] 
2022-06-29T15:05:36.708-0400: 7954.855: [GC (Allocation Failure) [PSYoungGen: 1203542K->41823K(1258496K)] 1674587K->513901K(3814400K), 0.0338653 secs] [Times: user=0.15 sys=0.02, real=0.04 secs] 
2022-06-29T15:07:01.903-0400: 8040.049: [GC (Allocation Failure) [PSYoungGen: 1221983K->38980K(1261568K)] 1694061K->512771K(3817472K), 0.0278035 secs] [Times: user=0.15 sys=0.00, real=0.03 secs] 
2022-06-29T15:07:48.471-0400: 8086.618: [GC (Allocation Failure) [PSYoungGen: 1219140K->43459K(1270784K)] 1692931K->517430K(3826688K), 0.0292131 secs] [Times: user=0.14 sys=0.01, real=0.03 secs] 
2022-06-29T15:09:15.637-0400: 8173.783: [GC (Allocation Failure) [PSYoungGen: 1238467K->40263K(1273856K)] 1712438K->514841K(3829760K), 0.0307953 secs] [Times: user=0.14 sys=0.00, real=0.03 secs] 
2022-06-29T15:10:09.967-0400: 8228.113: [GC (Allocation Failure) [PSYoungGen: 1235271K->42730K(1282048K)] 1709849K->517898K(3837952K), 0.0414739 secs] [Times: user=0.20 sys=0.01, real=0.04 secs] 
2022-06-29T15:10:36.689-0400: 8254.836: [GC (Allocation Failure) [PSYoungGen: 1251030K->75762K(1284096K)] 1726198K->737523K(3840000K), 0.1080887 secs] [Times: user=0.84 sys=0.06, real=0.11 secs] 
2022-06-29T15:11:04.678-0400: 8282.825: [GC (Allocation Failure) [PSYoungGen: 1284082K->152055K(1356800K)] 1945843K->836671K(3912704K), 0.0587667 secs] [Times: user=0.28 sys=0.09, real=0.06 secs] 
2022-06-29T15:11:28.229-0400: 8306.376: [GC (Allocation Failure) [PSYoungGen: 1356791K->114073K(1387520K)] 2041407K->801115K(3943424K), 0.0309844 secs] [Times: user=0.23 sys=0.00, real=0.03 secs] 
2022-06-29T15:12:33.602-0400: 8371.749: [GC (Allocation Failure) [PSYoungGen: 1318809K->120385K(1414144K)] 2005851K->807427K(3970048K), 0.0347162 secs] [Times: user=0.23 sys=0.00, real=0.04 secs] 
2022-06-29T15:14:33.910-0400: 8492.057: [GC (Allocation Failure) [PSYoungGen: 1349185K->106413K(1417728K)] 2036227K->793455K(3973632K), 0.0374193 secs] [Times: user=0.22 sys=0.00, real=0.04 secs] 
2022-06-29T15:15:25.596-0400: 8543.742: [GC (Allocation Failure) [PSYoungGen: 1335213K->63901K(1419264K)] 2022255K->753509K(3975168K), 0.0321641 secs] [Times: user=0.20 sys=0.01, real=0.03 secs] 
2022-06-29T15:17:02.447-0400: 8640.594: [GC (Allocation Failure) [PSYoungGen: 1310621K->71441K(1426944K)] 2000229K->761984K(3982848K), 0.0558233 secs] [Times: user=0.28 sys=0.00, real=0.05 secs] 
2022-06-29T15:19:06.553-0400: 8764.700: [GC (Allocation Failure) [PSYoungGen: 1318161K->76101K(1417728K)] 2008704K->767833K(3973632K), 0.0350752 secs] [Times: user=0.22 sys=0.00, real=0.03 secs] 
2022-06-29T15:19:34.188-0400: 8792.335: [GC (Allocation Failure) [PSYoungGen: 1337157K->102157K(1427456K)] 2028889K->794130K(3983360K), 0.0505310 secs] [Times: user=0.21 sys=0.02, real=0.05 secs] 
2022-06-29T15:20:49.076-0400: 8867.223: [GC (Allocation Failure) [PSYoungGen: 1363213K->76950K(1428992K)] 2055186K->769194K(3984896K), 0.0440240 secs] [Times: user=0.22 sys=0.00, real=0.05 secs] 
2022-06-29T15:22:12.321-0400: 8950.467: [GC (Allocation Failure) [PSYoungGen: 1355372K->74759K(1437184K)] 2047616K->767551K(3993088K), 0.0405688 secs] [Times: user=0.24 sys=0.00, real=0.05 secs] 
2022-06-29T15:22:55.601-0400: 8993.748: [GC (Allocation Failure) [PSYoungGen: 1353223K->118900K(1441792K)] 2046015K->817110K(3997696K), 0.0527766 secs] [Times: user=0.25 sys=0.02, real=0.05 secs] 
2022-06-29T15:23:16.821-0400: 9014.967: [GC (Allocation Failure) [PSYoungGen: 1407604K->150514K(1447424K)] 2105814K->849068K(4003328K), 0.0481126 secs] [Times: user=0.26 sys=0.02, real=0.05 secs] 
2022-06-29T15:23:41.923-0400: 9040.070: [GC (Allocation Failure) [PSYoungGen: 1439218K->121893K(1485312K)] 2137772K->821753K(4041216K), 0.0541445 secs] [Times: user=0.25 sys=0.03, real=0.06 secs] 
2022-06-29T15:24:25.866-0400: 9084.012: [GC (Allocation Failure) [PSYoungGen: 1432101K->177660K(1487872K)] 2131961K->901513K(4043776K), 0.1623298 secs] [Times: user=0.36 sys=0.02, real=0.16 secs] 
2022-06-29T15:24:38.917-0400: 9097.064: [GC (Allocation Failure) [PSYoungGen: 1487868K->100272K(1558016K)] 2211721K->932147K(4113920K), 0.0640645 secs] [Times: user=0.39 sys=0.08, real=0.06 secs] 
2022-06-29T15:25:01.978-0400: 9120.125: [GC (Allocation Failure) [PSYoungGen: 1457072K->102637K(1555968K)] 2288947K->934512K(4111872K), 0.0390597 secs] [Times: user=0.25 sys=0.00, real=0.04 secs] 
2022-06-29T15:25:34.635-0400: 9152.782: [GC (Allocation Failure) [PSYoungGen: 1459437K->105354K(1567744K)] 2291312K->937910K(4123648K), 0.0412249 secs] [Times: user=0.26 sys=0.02, real=0.04 secs] 
2022-06-29T15:26:06.718-0400: 9184.865: [GC (Allocation Failure) [PSYoungGen: 1503626K->116162K(1580544K)] 2336182K->950475K(4136448K), 0.0473969 secs] [Times: user=0.29 sys=0.00, real=0.04 secs] 
2022-06-29T15:26:37.328-0400: 9215.475: [GC (Allocation Failure) [PSYoungGen: 1514434K->118374K(1605632K)] 2348747K->953784K(4161536K), 0.0441130 secs] [Times: user=0.26 sys=0.02, real=0.05 secs] 
2022-06-29T15:27:06.537-0400: 9244.684: [GC (Allocation Failure) [PSYoungGen: 1554022K->121156K(1611264K)] 2389432K->957106K(4167168K), 0.0410808 secs] [Times: user=0.28 sys=0.00, real=0.04 secs] 
2022-06-29T15:27:37.083-0400: 9275.230: [GC (Allocation Failure) [PSYoungGen: 1556804K->120238K(1639424K)] 2392754K->959636K(4195328K), 0.0476772 secs] [Times: user=0.27 sys=0.05, real=0.05 secs] 
2022-06-29T15:28:06.672-0400: 9304.819: [GC (Allocation Failure) [PSYoungGen: 1591214K->116327K(1642496K)] 2430612K->960071K(4198400K), 0.0450949 secs] [Times: user=0.27 sys=0.00, real=0.05 secs] 
2022-06-29T15:28:24.533-0400: 9322.679: [GC (Allocation Failure) [PSYoungGen: 1587303K->114125K(1670656K)] 2431047K->958877K(4226560K), 0.0403557 secs] [Times: user=0.27 sys=0.01, real=0.04 secs] 
2022-06-29T15:28:57.927-0400: 9356.073: [GC (Allocation Failure) [PSYoungGen: 1623501K->122111K(1672192K)] 2468253K->969979K(4228096K), 0.0541850 secs] [Times: user=0.29 sys=0.01, real=0.05 secs] 
2022-06-29T15:29:14.540-0400: 9372.687: [GC (Allocation Failure) [PSYoungGen: 1631487K->117439K(1710592K)] 2479355K->966296K(4266496K), 0.0441838 secs] [Times: user=0.27 sys=0.02, real=0.04 secs] 
2022-06-29T15:29:43.861-0400: 9402.007: [GC (Allocation Failure) [PSYoungGen: 1668287K->118934K(1709568K)] 2517144K->969731K(4265472K), 0.0375344 secs] [Times: user=0.29 sys=0.00, real=0.03 secs] 
2022-06-29T15:30:30.636-0400: 9448.782: [GC (Allocation Failure) [PSYoungGen: 1669782K->118284K(1734144K)] 2520579K->971474K(4290048K), 0.0473737 secs] [Times: user=0.29 sys=0.02, real=0.05 secs] 
2022-06-29T15:31:43.315-0400: 9521.462: [GC (Allocation Failure) [PSYoungGen: 1705484K->104337K(1740800K)] 2558674K->960791K(4296704K), 0.0427651 secs] [Times: user=0.28 sys=0.00, real=0.05 secs] 
2022-06-29T15:32:42.375-0400: 9580.522: [GC (Allocation Failure) [PSYoungGen: 1691537K->69733K(1766912K)] 2547991K->972119K(4322816K), 0.0711811 secs] [Times: user=0.40 sys=0.03, real=0.07 secs] 
2022-06-29T15:33:20.646-0400: 9618.793: [GC (Allocation Failure) [PSYoungGen: 1685093K->71652K(1770496K)] 2587479K->976797K(4326400K), 0.0365879 secs] [Times: user=0.21 sys=0.01, real=0.03 secs] 
2022-06-29T15:34:25.240-0400: 9683.387: [GC (Allocation Failure) [PSYoungGen: 1687012K->75201K(1794560K)] 2592157K->984020K(4350464K), 0.0383253 secs] [Times: user=0.22 sys=0.00, real=0.04 secs] 
2022-06-29T15:35:34.105-0400: 9752.252: [GC (Allocation Failure) [PSYoungGen: 1716673K->77662K(1798144K)] 2625492K->987349K(4354048K), 0.0416935 secs] [Times: user=0.24 sys=0.00, real=0.04 secs] 
2022-06-29T15:36:17.335-0400: 9795.482: [GC (Allocation Failure) [PSYoungGen: 1719134K->69932K(1819136K)] 2628821K->980162K(4375040K), 0.0364228 secs] [Times: user=0.20 sys=0.01, real=0.04 secs] 
2022-06-29T15:36:57.284-0400: 9835.430: [GC (Allocation Failure) [PSYoungGen: 1734956K->69397K(1820160K)] 2645186K->979930K(4376064K), 0.0342499 secs] [Times: user=0.21 sys=0.00, real=0.04 secs] 
2022-06-29T15:38:32.907-0400: 9931.053: [GC (Allocation Failure) [PSYoungGen: 1734421K->66006K(1833984K)] 2644954K->980536K(4389888K), 0.0423753 secs] [Times: user=0.20 sys=0.01, real=0.04 secs] 
2022-06-29T15:39:21.560-0400: 9979.707: [GC (Allocation Failure) [PSYoungGen: 1751510K->65756K(1838080K)] 2666040K->981085K(4393984K), 0.0405603 secs] [Times: user=0.23 sys=0.00, real=0.04 secs] 
2022-06-29T15:40:13.216-0400: 10031.363: [GC (Allocation Failure) [PSYoungGen: 1751260K->61999K(1853952K)] 2666589K->978714K(4409856K), 0.0418605 secs] [Times: user=0.22 sys=0.00, real=0.04 secs] 
2022-06-29T15:40:44.708-0400: 10062.854: [GC (Allocation Failure) [PSYoungGen: 1768495K->64601K(1855488K)] 2685210K->983641K(4411392K), 0.0400590 secs] [Times: user=0.21 sys=0.00, real=0.04 secs] 
2022-06-29T15:42:05.662-0400: 10143.808: [GC (Allocation Failure) [PSYoungGen: 1771097K->65668K(1868800K)] 2690137K->987001K(4424704K), 0.0588754 secs] [Times: user=0.24 sys=0.02, real=0.06 secs] 
2022-06-29T15:43:30.663-0400: 10228.809: [GC (Allocation Failure) [PSYoungGen: 1795204K->63348K(1872896K)] 2716537K->987820K(4428800K), 0.0350588 secs] [Times: user=0.21 sys=0.01, real=0.04 secs] 
2022-06-29T15:44:43.439-0400: 10301.586: [GC (Allocation Failure) [PSYoungGen: 1792884K->74935K(1879040K)] 2717356K->1001602K(4434944K), 0.0482551 secs] [Times: user=0.22 sys=0.02, real=0.05 secs] 
2022-06-29T15:47:43.263-0400: 10481.410: [GC (Allocation Failure) [PSYoungGen: 1824439K->68214K(1884672K)] 2751106K->999470K(4440576K), 0.0431638 secs] [Times: user=0.23 sys=0.00, real=0.05 secs] 
2022-06-29T15:48:23.590-0400: 10521.737: [GC (Allocation Failure) [PSYoungGen: 1817718K->62579K(1894912K)] 2748974K->995740K(4450816K), 0.0307025 secs] [Times: user=0.20 sys=0.00, real=0.03 secs] 
2022-06-29T15:49:50.930-0400: 10609.077: [GC (Allocation Failure) [PSYoungGen: 1830003K->62676K(1896448K)] 2763164K->997441K(4452352K), 0.0463524 secs] [Times: user=0.21 sys=0.00, real=0.05 secs] 
2022-06-29T15:51:23.895-0400: 10702.041: [GC (Allocation Failure) [PSYoungGen: 1830100K->60532K(1905152K)] 2764865K->1000727K(4461056K), 0.0502903 secs] [Times: user=0.20 sys=0.01, real=0.05 secs] 
2022-06-29T15:52:15.427-0400: 10753.573: [GC (Allocation Failure) [PSYoungGen: 1844852K->49796K(1908224K)] 2785047K->998350K(4464128K), 0.0407584 secs] [Times: user=0.20 sys=0.01, real=0.04 secs] 
2022-06-29T15:53:34.415-0400: 10832.561: [GC (Allocation Failure) [PSYoungGen: 1834116K->59913K(1919488K)] 2782670K->1008899K(4475392K), 0.0512682 secs] [Times: user=0.20 sys=0.01, real=0.05 secs] 
2022-06-29T15:54:14.191-0400: 10872.337: [GC (Allocation Failure) [PSYoungGen: 1862665K->53831K(1922560K)] 2811651K->1004526K(4478464K), 0.0349034 secs] [Times: user=0.16 sys=0.00, real=0.04 secs] 
2022-06-29T15:54:47.913-0400: 10906.060: [GC (Allocation Failure) [PSYoungGen: 1856583K->50880K(1938432K)] 2807278K->1002569K(4494336K), 0.0289229 secs] [Times: user=0.16 sys=0.01, real=0.03 secs] 
2022-06-29T15:55:21.654-0400: 10939.801: [GC (Allocation Failure) [PSYoungGen: 1874624K->58728K(1939456K)] 2826313K->1011529K(4495360K), 0.0433173 secs] [Times: user=0.20 sys=0.00, real=0.04 secs] 
2022-06-29T15:56:15.550-0400: 10993.697: [GC (Allocation Failure) [PSYoungGen: 1882472K->60688K(1953280K)] 2835273K->1014339K(4509184K), 0.0454325 secs] [Times: user=0.19 sys=0.02, real=0.05 secs] 
2022-06-29T15:58:00.472-0400: 11098.618: [GC (Allocation Failure) [PSYoungGen: 1909008K->62372K(1956864K)] 2862659K->1016247K(4512768K), 0.0492173 secs] [Times: user=0.24 sys=0.00, real=0.05 secs] 
2022-06-29T15:58:37.060-0400: 11135.207: [GC (Allocation Failure) [PSYoungGen: 1910692K->63472K(1974272K)] 2864567K->1017923K(4530176K), 0.0455051 secs] [Times: user=0.19 sys=0.01, real=0.05 secs] 
2022-06-29T15:59:05.726-0400: 11163.873: [GC (Allocation Failure) [PSYoungGen: 1936880K->70449K(1974784K)] 2891331K->1029559K(4530688K), 0.0460208 secs] [Times: user=0.23 sys=0.01, real=0.05 secs] 
2022-06-29T16:00:26.461-0400: 11244.608: [GC (Allocation Failure) [PSYoungGen: 1943857K->79088K(2000896K)] 2902967K->1038285K(4556800K), 0.0549334 secs] [Times: user=0.25 sys=0.03, real=0.05 secs] 
2022-06-29T16:00:58.394-0400: 11276.541: [GC (Allocation Failure) [PSYoungGen: 1980144K->65216K(2002432K)] 2939341K->1031085K(4558336K), 0.0423644 secs] [Times: user=0.21 sys=0.01, real=0.05 secs] 
2022-06-29T16:01:58.090-0400: 11336.236: [GC (Allocation Failure) [PSYoungGen: 1966272K->64501K(2019840K)] 2932141K->1030806K(4575744K), 0.0461524 secs] [Times: user=0.24 sys=0.00, real=0.05 secs] 
2022-06-29T16:02:11.064-0400: 11349.210: [GC (Allocation Failure) [PSYoungGen: 1994229K->74566K(2024960K)] 2960534K->1041111K(4580864K), 0.0662518 secs] [Times: user=0.40 sys=0.00, real=0.07 secs] 
2022-06-29T16:02:47.925-0400: 11386.071: [GC (Allocation Failure) [PSYoungGen: 2004294K->75730K(2074112K)] 2970839K->1044981K(4630016K), 0.0553900 secs] [Times: user=0.23 sys=0.04, real=0.05 secs] 
2022-06-29T16:03:54.465-0400: 11452.611: [GC (Allocation Failure) [PSYoungGen: 2057170K->77432K(2077184K)] 3026421K->1046971K(4633088K), 0.0518950 secs] [Times: user=0.23 sys=0.00, real=0.05 secs] 
2022-06-29T16:04:49.375-0400: 11507.522: [GC (Allocation Failure) [PSYoungGen: 2058872K->66713K(2111488K)] 3028411K->1036912K(4667392K), 0.0534074 secs] [Times: user=0.19 sys=0.01, real=0.05 secs] 
2022-06-29T16:05:06.315-0400: 11524.461: [GC (Allocation Failure) [PSYoungGen: 2090649K->72064K(2118144K)] 3060848K->1044600K(4674048K), 0.0470960 secs] [Times: user=0.21 sys=0.00, real=0.04 secs] 
2022-06-29T16:05:44.469-0400: 11562.616: [GC (Allocation Failure) [PSYoungGen: 2096000K->92655K(2146816K)] 3068536K->1105692K(4702720K), 0.1740727 secs] [Times: user=0.32 sys=0.05, real=0.17 secs] 
2022-06-29T16:06:38.001-0400: 11616.148: [GC (Allocation Failure) [PSYoungGen: 2146799K->90062K(2168320K)] 3159836K->1103235K(4724224K), 0.0416091 secs] [Times: user=0.24 sys=0.00, real=0.04 secs] 
2022-06-29T16:07:22.418-0400: 11660.564: [GC (Allocation Failure) [PSYoungGen: 2144206K->91827K(2222080K)] 3157379K->1105000K(4777984K), 0.0543648 secs] [Times: user=0.24 sys=0.07, real=0.05 secs] 
2022-06-29T16:12:14.667-0400: 11952.814: [GC (Allocation Failure) [PSYoungGen: 2200243K->91200K(2225664K)] 3213416K->1104508K(4781568K), 0.0811961 secs] [Times: user=0.40 sys=0.00, real=0.08 secs] 
2022-06-29T16:13:22.966-0400: 12021.112: [GC (Allocation Failure) [PSYoungGen: 2199616K->90613K(2262528K)] 3212924K->1104602K(4818432K), 0.0559138 secs] [Times: user=0.25 sys=0.02, real=0.06 secs] 
2022-06-29T16:13:51.958-0400: 12050.105: [GC (Allocation Failure) [PSYoungGen: 2239477K->89602K(2267136K)] 3253466K->1103747K(4823040K), 0.0438854 secs] [Times: user=0.23 sys=0.00, real=0.05 secs] 
2022-06-29T16:14:09.560-0400: 12067.707: [GC (Allocation Failure) [PSYoungGen: 2238466K->108316K(2303488K)] 3252611K->1123565K(4859392K), 0.0442612 secs] [Times: user=0.28 sys=0.04, real=0.04 secs] 
2022-06-29T16:14:24.991-0400: 12083.137: [GC (Allocation Failure) [PSYoungGen: 2294044K->109999K(2309632K)] 3309293K->1125583K(4865536K), 0.0423322 secs] [Times: user=0.27 sys=0.00, real=0.04 secs] 
2022-06-29T16:15:07.422-0400: 12125.568: [GC (Allocation Failure) [PSYoungGen: 2295727K->117357K(2367488K)] 3311311K->1133029K(4923392K), 0.1187680 secs] [Times: user=0.48 sys=0.22, real=0.12 secs] 
2022-06-29T16:16:44.793-0400: 12222.939: [GC (Allocation Failure) [PSYoungGen: 2355309K->108491K(2374656K)] 3370981K->1125808K(4930560K), 0.0488991 secs] [Times: user=0.32 sys=0.00, real=0.05 secs] 
2022-06-29T16:17:42.600-0400: 12280.747: [GC (Allocation Failure) [PSYoungGen: 2346443K->117027K(2427392K)] 3363760K->1136810K(4983296K), 0.0588461 secs] [Times: user=0.33 sys=0.04, real=0.06 secs] 
2022-06-29T16:18:20.784-0400: 12318.930: [GC (Allocation Failure) [PSYoungGen: 2405667K->110771K(2432000K)] 3425450K->1131721K(4987904K), 0.0500317 secs] [Times: user=0.30 sys=0.00, real=0.05 secs] 
2022-06-29T16:19:07.201-0400: 12365.347: [GC (Allocation Failure) [PSYoungGen: 2399411K->107941K(2479616K)] 3420361K->1132215K(5035520K), 0.0603347 secs] [Times: user=0.25 sys=0.03, real=0.06 secs] 
2022-06-29T16:20:00.611-0400: 12418.758: [GC (Allocation Failure) [PSYoungGen: 2437374K->144382K(2481664K)] 3461648K->1311133K(5037568K), 0.3479196 secs] [Times: user=0.63 sys=0.06, real=0.35 secs] 
2022-06-29T16:20:28.616-0400: 12446.762: [GC (Allocation Failure) [PSYoungGen: 2481662K->209911K(2584064K)] 3648413K->1438376K(5139968K), 0.3343443 secs] [Times: user=0.60 sys=0.14, real=0.33 secs] 
2022-06-29T16:21:15.534-0400: 12493.681: [GC (Allocation Failure) [PSYoungGen: 2584055K->159528K(2632192K)] 3812520K->1388844K(5188096K), 0.0598788 secs] [Times: user=0.39 sys=0.00, real=0.06 secs] 
2022-06-29T16:22:14.850-0400: 12552.997: [GC (Allocation Failure) [PSYoungGen: 2533672K->171951K(2720256K)] 3762988K->1401267K(5276160K), 0.0714147 secs] [Times: user=0.41 sys=0.04, real=0.07 secs] 
2022-06-29T16:22:41.582-0400: 12579.728: [GC (Allocation Failure) [PSYoungGen: 2649007K->172028K(2734592K)] 3878323K->1401344K(5290496K), 0.0608969 secs] [Times: user=0.41 sys=0.02, real=0.06 secs] 
2022-06-29T16:23:13.564-0400: 12611.711: [GC (Allocation Failure) [PSYoungGen: 2649084K->169028K(2817024K)] 3878400K->1399371K(5372928K), 0.0613571 secs] [Times: user=0.38 sys=0.08, real=0.06 secs] 
2022-06-29T16:24:07.169-0400: 12665.315: [GC (Allocation Failure) [PSYoungGen: 2738756K->170611K(2826240K)] 3969099K->1401274K(5382144K), 0.0574205 secs] [Times: user=0.40 sys=0.00, real=0.06 secs] 
2022-06-29T16:24:53.445-0400: 12711.591: [GC (Allocation Failure) [PSYoungGen: 2740339K->176077K(2895360K)] 3971002K->1407974K(5451264K), 0.0685875 secs] [Times: user=0.40 sys=0.06, real=0.07 secs] 
2022-06-29T16:25:45.959-0400: 12764.106: [GC (Allocation Failure) [PSYoungGen: 2823117K->173930K(2902016K)] 4055014K->1412333K(5457920K), 0.0745352 secs] [Times: user=0.42 sys=0.01, real=0.08 secs] 
2022-06-29T16:26:30.002-0400: 12808.149: [GC (Allocation Failure) [PSYoungGen: 2820970K->171234K(2961920K)] 4059373K->1410045K(5517824K), 0.0696194 secs] [Times: user=0.41 sys=0.04, real=0.07 secs] 
2022-06-29T16:27:12.048-0400: 12850.194: [GC (Allocation Failure) [PSYoungGen: 2888930K->175042K(2968064K)] 4127741K->1414545K(5523968K), 0.0688925 secs] [Times: user=0.45 sys=0.02, real=0.07 secs] 
2022-06-29T16:28:01.634-0400: 12899.780: [GC (Allocation Failure) [PSYoungGen: 2892738K->177178K(3028480K)] 4132241K->1417493K(5584384K), 0.0746220 secs] [Times: user=0.43 sys=0.05, real=0.07 secs] 
2022-06-29T16:29:26.362-0400: 12984.508: [GC (Allocation Failure) [PSYoungGen: 2962970K->177083K(3032576K)] 4203285K->1422537K(5588480K), 0.0661451 secs] [Times: user=0.45 sys=0.01, real=0.07 secs] 
2022-06-29T16:33:27.673-0400: 13225.819: [GC (Allocation Failure) [PSYoungGen: 2962875K->178078K(3067392K)] 4208329K->1429452K(5623296K), 0.0846996 secs] [Times: user=0.59 sys=0.06, real=0.08 secs] 
2022-06-29T16:34:45.133-0400: 13303.279: [GC (Allocation Failure) [PSYoungGen: 3014558K->172277K(3079680K)] 4265932K->1433103K(5635584K), 0.0706138 secs] [Times: user=0.43 sys=0.00, real=0.08 secs] 
2022-06-29T16:35:58.808-0400: 13376.954: [GC (Allocation Failure) [PSYoungGen: 3008757K->125320K(3117056K)] 4269583K->1427571K(5672960K), 0.0678233 secs] [Times: user=0.44 sys=0.02, real=0.07 secs] 
2022-06-29T16:36:44.408-0400: 13422.555: [GC (Allocation Failure) [PSYoungGen: 3008392K->84906K(3120640K)] 4310643K->1428319K(5676544K), 0.0591522 secs] [Times: user=0.36 sys=0.02, real=0.06 secs] 
2022-06-29T16:37:25.492-0400: 13463.638: [GC (Allocation Failure) [PSYoungGen: 2967978K->87759K(3173376K)] 4311391K->1435225K(5729280K), 0.0518238 secs] [Times: user=0.26 sys=0.00, real=0.05 secs] 
2022-06-29T16:38:05.378-0400: 13503.524: [GC (Allocation Failure) [PSYoungGen: 3018447K->86184K(3174912K)] 4365913K->1442800K(5730816K), 0.0700359 secs] [Times: user=0.29 sys=0.01, real=0.07 secs] 
2022-06-29T16:38:39.011-0400: 13537.157: [GC (Allocation Failure) [PSYoungGen: 3016872K->82425K(3233792K)] 4373488K->1439818K(5789696K), 0.0534112 secs] [Times: user=0.23 sys=0.04, real=0.05 secs] 
2022-06-29T16:39:49.718-0400: 13607.865: [GC (Allocation Failure) [PSYoungGen: 3071481K->80042K(3232768K)] 4428874K->1438203K(5788672K), 0.0627624 secs] [Times: user=0.33 sys=0.00, real=0.07 secs] 
2022-06-29T16:40:59.630-0400: 13677.776: [GC (Allocation Failure) [PSYoungGen: 3069098K->78274K(3269120K)] 4427259K->1436651K(5825024K), 0.0478239 secs] [Times: user=0.22 sys=0.03, real=0.04 secs] 
2022-06-29T16:42:09.507-0400: 13747.653: [GC (Allocation Failure) [PSYoungGen: 3117506K->79157K(3278336K)] 4475883K->1438022K(5834240K), 0.0510905 secs] [Times: user=0.31 sys=0.01, real=0.05 secs] 
2022-06-29T16:42:32.969-0400: 13771.116: [GC (Allocation Failure) [PSYoungGen: 3118389K->93557K(3326464K)] 4477254K->1456800K(5882368K), 0.0516243 secs] [Times: user=0.27 sys=0.03, real=0.05 secs] 
2022-06-29T16:43:04.399-0400: 13802.545: [GC (Allocation Failure) [PSYoungGen: 3187061K->113150K(3321344K)] 4550304K->1477702K(5877248K), 0.0586267 secs] [Times: user=0.39 sys=0.00, real=0.05 secs] 
2022-06-29T16:43:26.699-0400: 13824.845: [GC (Allocation Failure) [PSYoungGen: 3206654K->104169K(3378688K)] 4571206K->1469723K(5934592K), 0.0541214 secs] [Times: user=0.28 sys=0.04, real=0.06 secs] 
2022-06-29T16:43:50.926-0400: 13849.072: [GC (Allocation Failure) [PSYoungGen: 3271913K->98875K(3377152K)] 4637467K->1466533K(5933056K), 0.0520732 secs] [Times: user=0.30 sys=0.00, real=0.06 secs] 
2022-06-29T16:44:19.653-0400: 13877.799: [GC (Allocation Failure) [PSYoungGen: 3266619K->102826K(3445248K)] 4634277K->1472192K(6001152K), 0.0624641 secs] [Times: user=0.29 sys=0.04, real=0.06 secs] 
2022-06-29T16:45:00.183-0400: 13918.330: [GC (Allocation Failure) [PSYoungGen: 3356074K->89488K(3448832K)] 4725440K->1459571K(6004736K), 0.0549839 secs] [Times: user=0.28 sys=0.00, real=0.06 secs] 
2022-06-29T16:45:19.915-0400: 13938.061: [GC (Allocation Failure) [PSYoungGen: 3342736K->91614K(3531776K)] 4712819K->1462050K(6087680K), 0.0554133 secs] [Times: user=0.25 sys=0.05, real=0.06 secs] 
2022-06-29T16:46:49.097-0400: 14027.244: [GC (Allocation Failure) [PSYoungGen: 3432414K->86710K(3526656K)] 4802850K->1457378K(6082560K), 0.0608145 secs] [Times: user=0.30 sys=0.00, real=0.06 secs] 
2022-06-29T16:48:27.215-0400: 14125.361: [GC (Allocation Failure) [PSYoungGen: 3427510K->87836K(3574272K)] 4798178K->1458888K(6130176K), 0.0657756 secs] [Times: user=0.27 sys=0.05, real=0.07 secs] 
2022-06-29T16:50:54.499-0400: 14272.645: [GC (Allocation Failure) [PSYoungGen: 3499292K->84035K(3589120K)] 4870344K->1455439K(6145024K), 0.0598672 secs] [Times: user=0.34 sys=0.01, real=0.06 secs] 
2022-06-29T16:52:03.731-0400: 14341.878: [GC (Allocation Failure) [PSYoungGen: 3495491K->74043K(3636224K)] 4866895K->1445632K(6192128K), 0.0671485 secs] [Times: user=0.34 sys=0.01, real=0.06 secs] 
2022-06-29T16:53:00.763-0400: 14398.909: [GC (Allocation Failure) [PSYoungGen: 3543355K->80377K(3640832K)] 4914944K->1453304K(6196736K), 0.0505933 secs] [Times: user=0.31 sys=0.01, real=0.05 secs] 
2022-06-29T16:54:05.559-0400: 14463.706: [GC (Allocation Failure) [PSYoungGen: 3549689K->83427K(3677184K)] 4922616K->1458336K(6233088K), 0.0516928 secs] [Times: user=0.24 sys=0.04, real=0.05 secs] 
2022-06-29T16:55:26.842-0400: 14544.988: [GC (Allocation Failure) [PSYoungGen: 3605475K->81762K(3684864K)] 4980384K->1456942K(6240768K), 0.0509815 secs] [Times: user=0.29 sys=0.00, real=0.05 secs] 
2022-06-29T16:58:13.566-0400: 14711.712: [GC (Allocation Failure) [PSYoungGen: 3603810K->90388K(3706368K)] 4978990K->1465840K(6262272K), 0.0721450 secs] [Times: user=0.34 sys=0.01, real=0.08 secs] 
2022-06-29T17:00:20.395-0400: 14838.542: [GC (Allocation Failure) [PSYoungGen: 3655444K->80349K(3718144K)] 5030896K->1457105K(6274048K), 0.0765132 secs] [Times: user=0.34 sys=0.01, real=0.08 secs] 
2022-06-29T17:01:52.263-0400: 14930.410: [GC (Allocation Failure) [PSYoungGen: 3645405K->79208K(3746304K)] 5022161K->1457973K(6302208K), 0.0588122 secs] [Times: user=0.31 sys=0.01, real=0.06 secs] 
2022-06-29T17:08:31.473-0400: 15329.620: [GC (Allocation Failure) [PSYoungGen: 3684200K->90154K(3750912K)] 5062965K->1470229K(6306816K), 0.0872714 secs] [Times: user=0.52 sys=0.01, real=0.08 secs] 
2022-06-29T17:14:47.140-0400: 15705.286: [GC (Allocation Failure) [PSYoungGen: 3695146K->83853K(3760128K)] 5075221K->1464301K(6316032K), 0.0615142 secs] [Times: user=0.28 sys=0.02, real=0.06 secs] 
2022-06-29T17:19:33.226-0400: 15991.373: [GC (Allocation Failure) [PSYoungGen: 3716493K->77381K(3769856K)] 5096941K->1458124K(6325760K), 0.0647116 secs] [Times: user=0.49 sys=0.00, real=0.07 secs] 
2022-06-29T17:23:21.006-0400: 16219.153: [GC (Allocation Failure) [PSYoungGen: 3710021K->88191K(3778560K)] 5090764K->1469222K(6334464K), 0.0539160 secs] [Times: user=0.35 sys=0.02, real=0.05 secs] 
2022-06-29T17:25:35.726-0400: 16353.873: [GC (Allocation Failure) [PSYoungGen: 3742847K->90431K(3785216K)] 5123878K->1471942K(6341120K), 0.0568951 secs] [Times: user=0.40 sys=0.00, real=0.05 secs] 
2022-06-29T17:28:19.594-0400: 16517.740: [GC (Allocation Failure) [PSYoungGen: 3745087K->93134K(3801088K)] 5126598K->1475296K(6356992K), 0.0723323 secs] [Times: user=0.35 sys=0.01, real=0.07 secs] 
2022-06-29T17:30:28.633-0400: 16646.780: [GC (Allocation Failure) [PSYoungGen: 3771342K->115924K(3802624K)] 5153504K->1500196K(6358528K), 0.0774548 secs] [Times: user=0.48 sys=0.00, real=0.07 secs] 
2022-06-29T17:34:35.199-0400: 16893.346: [GC (Allocation Failure) [PSYoungGen: 3794132K->104480K(3831296K)] 5178404K->1491230K(6387200K), 0.0648752 secs] [Times: user=0.42 sys=0.02, real=0.06 secs] 
2022-06-29T17:35:58.523-0400: 16976.669: [GC (Allocation Failure) [PSYoungGen: 3806240K->95314K(3833344K)] 5192990K->1484770K(6389248K), 0.0415077 secs] [Times: user=0.27 sys=0.01, real=0.04 secs] 
2022-06-29T17:38:13.247-0400: 17111.393: [GC (Allocation Failure) [PSYoungGen: 3796753K->85099K(3849216K)] 5186208K->1483744K(6405120K), 0.0476491 secs] [Times: user=0.28 sys=0.01, real=0.05 secs] 
2022-06-29T17:40:19.137-0400: 17237.283: [GC (Allocation Failure) [PSYoungGen: 3810923K->79151K(3852288K)] 5209568K->1485178K(6408192K), 0.0607332 secs] [Times: user=0.34 sys=0.01, real=0.06 secs] 
2022-06-29T17:43:01.489-0400: 17399.636: [GC (Allocation Failure) [PSYoungGen: 3804975K->83977K(3870720K)] 5211002K->1491753K(6426624K), 0.0574633 secs] [Times: user=0.27 sys=0.01, real=0.06 secs] 
2022-06-29T17:45:03.628-0400: 17521.775: [GC (Allocation Failure) [PSYoungGen: 3834377K->76909K(3873792K)] 5242153K->1490875K(6429696K), 0.0517909 secs] [Times: user=0.29 sys=0.00, real=0.05 secs] 
2022-06-29T19:00:27.146-0400: 22045.292: [GC (Allocation Failure) [PSYoungGen: 3827309K->94449K(3726848K)] 5241275K->1510316K(6282752K), 0.1017929 secs] [Times: user=0.57 sys=0.02, real=0.10 secs] 
2022-06-29T21:41:45.592-0400: 31723.738: [GC (Allocation Failure) [PSYoungGen: 3726577K->120828K(3639808K)] 5142444K->1582460K(6195712K), 0.4240655 secs] [Times: user=0.90 sys=0.03, real=0.43 secs] 
2022-06-29T22:46:19.938-0400: 35598.084: [GC (Allocation Failure) [PSYoungGen: 3639804K->26606K(3437056K)] 5101436K->1546994K(5992960K), 0.0900164 secs] [Times: user=0.78 sys=0.03, real=0.09 secs] 
2022-06-29T23:00:27.473-0400: 36445.619: [GC (Allocation Failure) [PSYoungGen: 3437038K->86986K(3393536K)] 4957426K->1607662K(5949440K), 0.1098760 secs] [Times: user=0.64 sys=0.00, real=0.11 secs] 
2022-06-29T23:25:51.039-0400: 37969.184: [GC (Allocation Failure) [PSYoungGen: 3393482K->48261K(3255808K)] 4914158K->1568945K(5811712K), 0.0698082 secs] [Times: user=0.45 sys=0.01, real=0.07 secs] 
2022-06-30T00:00:26.108-0400: 40044.253: [GC (Allocation Failure) [PSYoungGen: 3255429K->76751K(3188736K)] 4776113K->1597443K(5744640K), 0.1152927 secs] [Times: user=0.84 sys=0.00, real=0.12 secs] 
2022-06-30T00:54:01.471-0400: 43259.618: [GC (Allocation Failure) [PSYoungGen: 3188687K->82661K(3103744K)] 4709379K->1603689K(5659648K), 0.1711134 secs] [Times: user=1.11 sys=0.00, real=0.17 secs] 
2022-06-30T02:17:46.163-0400: 48284.311: [GC (Allocation Failure) [PSYoungGen: 3103461K->120348K(3054080K)] 4624489K->1641599K(5609984K), 0.3332145 secs] [Times: user=1.07 sys=0.01, real=0.33 secs] 
2022-06-30T02:20:25.140-0400: 48443.287: [GC (Allocation Failure) [PSYoungGen: 3053596K->64381K(2913792K)] 4574847K->1587536K(5469696K), 0.0771247 secs] [Times: user=0.40 sys=0.00, real=0.08 secs] 
2022-06-30T02:22:21.305-0400: 48559.453: [GC (Allocation Failure) [PSYoungGen: 2913661K->127766K(2896896K)] 4436816K->1651017K(5452800K), 0.2090238 secs] [Times: user=0.53 sys=0.01, real=0.21 secs] 
2022-06-30T02:24:50.133-0400: 48708.280: [GC (Allocation Failure) [PSYoungGen: 2896662K->78220K(2769920K)] 4419913K->1601511K(5325824K), 0.0518210 secs] [Times: user=0.25 sys=0.00, real=0.06 secs] 
2022-06-30T02:29:12.951-0400: 48971.098: [GC (Allocation Failure) [PSYoungGen: 2769804K->148963K(2766336K)] 4293095K->1790870K(5322240K), 0.5360573 secs] [Times: user=1.05 sys=0.06, real=0.54 secs] 
2022-06-30T02:50:42.739-0400: 50260.886: [GC (Allocation Failure) [PSYoungGen: 2766307K->71144K(2617344K)] 4408214K->1744718K(5173248K), 0.1619504 secs] [Times: user=0.94 sys=0.02, real=0.17 secs] 
2022-06-30T03:00:26.171-0400: 50844.318: [GC (Allocation Failure) [PSYoungGen: 2617320K->102283K(2579968K)] 4290894K->1777033K(5135872K), 0.1003283 secs] [Times: user=0.66 sys=0.01, real=0.10 secs] 
2022-06-30T03:04:46.345-0400: 51104.493: [GC (Allocation Failure) [PSYoungGen: 2579851K->89702K(2502144K)] 4254601K->1764453K(5058048K), 0.0880692 secs] [Times: user=0.51 sys=0.01, real=0.09 secs] 
2022-06-30T03:13:33.456-0400: 51631.603: [GC (Allocation Failure) [PSYoungGen: 2501734K->105688K(2455040K)] 4176485K->1780438K(5010944K), 0.1275523 secs] [Times: user=0.80 sys=0.01, real=0.13 secs] 
2022-06-30T03:22:06.268-0400: 52144.415: [GC (Allocation Failure) [PSYoungGen: 2454744K->123647K(2412032K)] 4129494K->1799021K(4967936K), 0.1252288 secs] [Times: user=0.82 sys=0.00, real=0.12 secs] 
2022-06-30T03:37:39.014-0400: 53077.161: [GC (Allocation Failure) [PSYoungGen: 2411775K->104626K(2334720K)] 4087149K->1784555K(4890624K), 0.1267340 secs] [Times: user=0.55 sys=0.01, real=0.13 secs] 
2022-06-30T03:39:34.966-0400: 53193.113: [GC (Allocation Failure) [PSYoungGen: 2334386K->102008K(2275840K)] 4014315K->1783464K(4831744K), 0.0874535 secs] [Times: user=0.52 sys=0.01, real=0.08 secs] 
2022-06-30T03:46:50.364-0400: 53628.511: [GC (Allocation Failure) [PSYoungGen: 2275448K->85680K(2205184K)] 3956904K->1768374K(4761088K), 0.1228474 secs] [Times: user=0.77 sys=0.01, real=0.12 secs] 
2022-06-30T03:54:51.047-0400: 54109.194: [GC (Allocation Failure) [PSYoungGen: 2204848K->78980K(2146304K)] 3887542K->1762570K(4702208K), 0.1002520 secs] [Times: user=0.59 sys=0.01, real=0.10 secs] 
2022-06-30T04:01:36.160-0400: 54514.307: [GC (Allocation Failure) [PSYoungGen: 2145924K->77648K(2094592K)] 3829514K->1763547K(4650496K), 0.1280485 secs] [Times: user=0.78 sys=0.02, real=0.13 secs] 
2022-06-30T04:03:41.679-0400: 54639.826: [GC (Allocation Failure) [PSYoungGen: 2094416K->87533K(2056192K)] 3780315K->1777998K(4612096K), 0.1035972 secs] [Times: user=0.63 sys=0.01, real=0.10 secs] 
2022-06-30T04:10:06.675-0400: 55024.822: [GC (Allocation Failure) [PSYoungGen: 2056173K->94463K(2016768K)] 3746638K->1785820K(4572672K), 0.1066848 secs] [Times: user=0.58 sys=0.01, real=0.10 secs] 
2022-06-30T04:14:14.934-0400: 55273.081: [GC (Allocation Failure) [PSYoungGen: 2016511K->93063K(1970176K)] 3707868K->1784524K(4526080K), 0.0859478 secs] [Times: user=0.57 sys=0.01, real=0.08 secs] 
2022-06-30T04:15:52.359-0400: 55370.506: [GC (Allocation Failure) [PSYoungGen: 1970055K->86581K(1921024K)] 3661516K->1779410K(4476928K), 0.0696711 secs] [Times: user=0.47 sys=0.01, real=0.07 secs] 
2022-06-30T04:16:51.933-0400: 55430.081: [GC (Allocation Failure) [PSYoungGen: 1920565K->95470K(1888256K)] 3613394K->1790980K(4444160K), 0.0539437 secs] [Times: user=0.33 sys=0.00, real=0.06 secs] 
2022-06-30T04:18:29.680-0400: 55527.827: [GC (Allocation Failure) [PSYoungGen: 1887519K->90563K(1842688K)] 3583029K->1792616K(4398592K), 0.0839381 secs] [Times: user=0.48 sys=0.01, real=0.09 secs] 
2022-06-30T04:19:55.296-0400: 55613.443: [GC (Allocation Failure) [PSYoungGen: 1842627K->81548K(1795072K)] 3544680K->1785314K(4350976K), 0.0442084 secs] [Times: user=0.29 sys=0.00, real=0.04 secs] 
2022-06-30T04:21:53.688-0400: 55731.835: [GC (Allocation Failure) [PSYoungGen: 1794700K->90347K(1766400K)] 3498466K->1796008K(4322304K), 0.0744738 secs] [Times: user=0.44 sys=0.01, real=0.08 secs] 
2022-06-30T04:24:23.232-0400: 55881.379: [GC (Allocation Failure) [PSYoungGen: 1766123K->91327K(1731072K)] 3471784K->1798340K(4286976K), 0.0584301 secs] [Times: user=0.34 sys=0.00, real=0.06 secs] 
2022-06-30T04:25:09.562-0400: 55927.709: [GC (Allocation Failure) [PSYoungGen: 1730751K->98782K(1703424K)] 3437764K->1807529K(4259328K), 0.0689778 secs] [Times: user=0.40 sys=0.01, real=0.07 secs] 
2022-06-30T04:26:55.888-0400: 56034.035: [GC (Allocation Failure) [PSYoungGen: 1703390K->66044K(1636864K)] 3412137K->1815917K(4192768K), 0.0585387 secs] [Times: user=0.32 sys=0.03, real=0.05 secs] 
2022-06-30T04:34:01.967-0400: 56460.115: [GC (Allocation Failure) [PSYoungGen: 1636860K->75416K(1613824K)] 3386733K->1828366K(4169728K), 0.1039005 secs] [Times: user=0.70 sys=0.01, real=0.11 secs] 
2022-06-30T04:41:32.903-0400: 56911.050: [GC (Allocation Failure) [PSYoungGen: 1613464K->66336K(1572864K)] 3366414K->1819286K(4128768K), 0.1119389 secs] [Times: user=0.62 sys=0.01, real=0.11 secs] 
2022-06-30T05:00:26.879-0400: 58045.026: [GC (Allocation Failure) [PSYoungGen: 1572640K->76803K(1552896K)] 3325590K->1831906K(4108800K), 0.0842300 secs] [Times: user=0.55 sys=0.01, real=0.09 secs] 
2022-06-30T05:06:51.262-0400: 58429.409: [GC (Allocation Failure) [PSYoungGen: 1552387K->55563K(1501696K)] 3307490K->1816178K(4057600K), 0.0661256 secs] [Times: user=0.42 sys=0.01, real=0.06 secs] 
2022-06-30T05:10:02.108-0400: 58620.255: [GC (Allocation Failure) [PSYoungGen: 1501451K->67917K(1485312K)] 3262066K->1828764K(4041216K), 0.0665394 secs] [Times: user=0.41 sys=0.00, real=0.07 secs] 
2022-06-30T05:12:06.879-0400: 58745.027: [GC (Allocation Failure) [PSYoungGen: 1485133K->78065K(1467904K)] 3245980K->1839816K(4023808K), 0.0694830 secs] [Times: user=0.40 sys=0.00, real=0.06 secs] 
2022-06-30T05:14:22.354-0400: 58880.501: [GC (Allocation Failure) [PSYoungGen: 1467633K->89633K(1453056K)] 3229384K->1852817K(4008960K), 0.0774302 secs] [Times: user=0.43 sys=0.01, real=0.08 secs] 
2022-06-30T05:15:59.860-0400: 58978.007: [GC (Allocation Failure) [PSYoungGen: 1452577K->81892K(1418752K)] 3215761K->1855595K(3974656K), 0.0603587 secs] [Times: user=0.35 sys=0.00, real=0.06 secs] 
2022-06-30T05:17:37.472-0400: 59075.619: [GC (Allocation Failure) [PSYoungGen: 1418724K->85588K(1397760K)] 3192427K->1863000K(3953664K), 0.0886456 secs] [Times: user=0.59 sys=0.01, real=0.09 secs] 
2022-06-30T05:19:10.538-0400: 59168.685: [GC (Allocation Failure) [PSYoungGen: 1397332K->77307K(1364480K)] 3174744K->1865356K(3920384K), 0.0582324 secs] [Times: user=0.32 sys=0.01, real=0.06 secs] 
2022-06-30T05:23:58.853-0400: 59457.000: [GC (Allocation Failure) [PSYoungGen: 1364475K->74642K(1338368K)] 3152524K->1865903K(3894272K), 0.0653108 secs] [Times: user=0.36 sys=0.01, real=0.07 secs] 
2022-06-30T05:39:59.888-0400: 60418.035: [GC (Allocation Failure) [PSYoungGen: 1338258K->76083K(1316864K)] 3129519K->1867344K(3872768K), 0.0698204 secs] [Times: user=0.49 sys=0.00, real=0.07 secs] 
2022-06-30T05:58:32.192-0400: 61530.339: [GC (Allocation Failure) [PSYoungGen: 1316659K->80969K(1299968K)] 3107920K->1872846K(3855872K), 0.0835920 secs] [Times: user=0.52 sys=0.00, real=0.09 secs] 
2022-06-30T06:06:17.873-0400: 61996.020: [GC (Allocation Failure) [PSYoungGen: 1299529K->70135K(1267200K)] 3091406K->1866559K(3823104K), 0.0470628 secs] [Times: user=0.33 sys=0.00, real=0.05 secs] 
2022-06-30T06:13:59.615-0400: 62457.762: [GC (Allocation Failure) [PSYoungGen: 1267191K->70431K(1246720K)] 3063615K->1874293K(3802624K), 0.0841993 secs] [Times: user=0.59 sys=0.01, real=0.08 secs] 
2022-06-30T06:16:40.901-0400: 62619.049: [GC (Allocation Failure) [PSYoungGen: 1246495K->73997K(1229824K)] 3050357K->1877859K(3785728K), 0.0561102 secs] [Times: user=0.37 sys=0.01, real=0.05 secs] 
2022-06-30T06:16:57.724-0400: 62635.871: [GC (Allocation Failure) [PSYoungGen: 1229581K->71802K(1207808K)] 3033443K->1876576K(3763712K), 0.0436604 secs] [Times: user=0.27 sys=0.01, real=0.04 secs] 
2022-06-30T06:17:30.954-0400: 62669.101: [GC (Allocation Failure) [PSYoungGen: 1207418K->65754K(1197568K)] 3012192K->1872894K(3753472K), 0.0337478 secs] [Times: user=0.24 sys=0.00, real=0.04 secs] 
2022-06-30T06:18:21.031-0400: 62719.178: [GC (Allocation Failure) [PSYoungGen: 1181914K->64090K(1162240K)] 2989054K->1879055K(3718144K), 0.0385030 secs] [Times: user=0.22 sys=0.00, real=0.04 secs] 
2022-06-30T06:28:32.166-0400: 63330.314: [GC (Allocation Failure) [PSYoungGen: 1161818K->51422K(1170432K)] 2976783K->1870617K(3726336K), 0.0541671 secs] [Times: user=0.50 sys=0.01, real=0.05 secs] 
2022-06-30T06:29:15.868-0400: 63374.016: [GC (Allocation Failure) [PSYoungGen: 1131230K->55405K(1118208K)] 2950425K->1875048K(3674112K), 0.0366311 secs] [Times: user=0.21 sys=0.00, real=0.04 secs] 
2022-06-30T06:30:17.183-0400: 63435.331: [GC (Allocation Failure) [PSYoungGen: 1117805K->58007K(1132544K)] 2937448K->1879122K(3688448K), 0.0382771 secs] [Times: user=0.23 sys=0.00, real=0.03 secs] 
2022-06-30T06:32:52.048-0400: 63590.196: [GC (Allocation Failure) [PSYoungGen: 1102999K->59279K(1087488K)] 2924114K->1885916K(3643392K), 0.0446028 secs] [Times: user=0.27 sys=0.00, real=0.04 secs] 
2022-06-30T06:35:03.546-0400: 63721.694: [GC (Allocation Failure) [PSYoungGen: 1087185K->58449K(1096704K)] 2913821K->1889411K(3652608K), 0.0439632 secs] [Times: user=0.27 sys=0.01, real=0.04 secs] 
2022-06-30T06:51:00.399-0400: 64678.547: [GC (Allocation Failure) [PSYoungGen: 1070161K->52591K(1048576K)] 2901123K->1886320K(3604480K), 0.0931043 secs] [Times: user=0.73 sys=0.00, real=0.10 secs] 
2022-06-30T06:52:37.661-0400: 64775.809: [GC (Allocation Failure) [PSYoungGen: 1048431K->58545K(1063424K)] 2882160K->1894631K(3619328K), 0.0502799 secs] [Times: user=0.31 sys=0.00, real=0.05 secs] 
2022-06-30T07:00:26.440-0400: 65244.588: [GC (Allocation Failure) [PSYoungGen: 1039025K->69874K(1035776K)] 2875111K->1908514K(3591680K), 0.0589135 secs] [Times: user=0.44 sys=0.01, real=0.06 secs] 
2022-06-30T07:02:53.964-0400: 65392.112: [GC (Allocation Failure) [PSYoungGen: 1035506K->45034K(1036288K)] 2874146K->1894768K(3592192K), 0.0598145 secs] [Times: user=0.45 sys=0.00, real=0.06 secs] 
2022-06-30T07:09:29.856-0400: 65788.003: [GC (Allocation Failure) [PSYoungGen: 996330K->53351K(990720K)] 2846064K->1904875K(3546624K), 0.0605052 secs] [Times: user=0.40 sys=0.01, real=0.06 secs] 
2022-06-30T07:15:19.109-0400: 66137.256: [GC (Allocation Failure) [PSYoungGen: 990311K->55321K(1002496K)] 2841835K->1907505K(3558400K), 0.0661194 secs] [Times: user=0.41 sys=0.00, real=0.07 secs] 
2022-06-30T07:19:47.423-0400: 66405.570: [GC (Allocation Failure) [PSYoungGen: 978457K->55663K(965632K)] 2830641K->1908183K(3521536K), 0.0562359 secs] [Times: user=0.39 sys=0.00, real=0.06 secs] 
2022-06-30T07:22:41.196-0400: 66579.344: [GC (Allocation Failure) [PSYoungGen: 965487K->59262K(971264K)] 2818007K->1911790K(3527168K), 0.0455531 secs] [Times: user=0.31 sys=0.01, real=0.05 secs] 
2022-06-30T07:27:53.088-0400: 66891.236: [GC (Allocation Failure) [PSYoungGen: 955774K->56640K(940544K)] 2808302K->1909248K(3496448K), 0.0432864 secs] [Times: user=0.28 sys=0.00, real=0.04 secs] 
2022-06-30T07:35:30.755-0400: 67348.902: [GC (Allocation Failure) [PSYoungGen: 940352K->55691K(943616K)] 2792960K->1908859K(3499520K), 0.0613580 secs] [Times: user=0.43 sys=0.00, real=0.06 secs] 
2022-06-30T07:37:07.285-0400: 67445.432: [GC (Allocation Failure) [PSYoungGen: 927115K->59617K(919040K)] 2780283K->1915879K(3474944K), 0.0470139 secs] [Times: user=0.29 sys=0.01, real=0.05 secs] 
2022-06-30T07:54:31.937-0400: 68490.085: [GC (Allocation Failure) [PSYoungGen: 918753K->48525K(919552K)] 2775015K->1906940K(3475456K), 0.0991854 secs] [Times: user=0.81 sys=0.01, real=0.10 secs] 
2022-06-30T07:55:43.826-0400: 68561.973: [GC (Allocation Failure) [PSYoungGen: 895885K->53922K(889856K)] 2754300K->1916267K(3445760K), 0.0414756 secs] [Times: user=0.23 sys=0.00, real=0.04 secs] 
2022-06-30T07:56:08.454-0400: 68586.602: [GC (Allocation Failure) [PSYoungGen: 889506K->55277K(891392K)] 2751851K->1919747K(3447296K), 0.0436544 secs] [Times: user=0.21 sys=0.01, real=0.05 secs] 
2022-06-30T07:57:18.534-0400: 68656.682: [GC (Allocation Failure) [PSYoungGen: 879597K->49472K(862720K)] 2744067K->1915563K(3418624K), 0.0399819 secs] [Times: user=0.21 sys=0.01, real=0.04 secs] 
2022-06-30T07:58:23.285-0400: 68721.432: [GC (Allocation Failure) [PSYoungGen: 862528K->50406K(869376K)] 2728619K->1919770K(3425280K), 0.0515341 secs] [Times: user=0.35 sys=0.01, real=0.06 secs] 
2022-06-30T07:59:35.484-0400: 68793.632: [GC (Allocation Failure) [PSYoungGen: 852710K->58535K(850432K)] 2722074K->1928325K(3406336K), 0.0379602 secs] [Times: user=0.20 sys=0.01, real=0.04 secs] 
2022-06-30T08:00:26.119-0400: 68844.267: [GC (Allocation Failure) [PSYoungGen: 850087K->68721K(853504K)] 2719877K->1940561K(3409408K), 0.0390727 secs] [Times: user=0.21 sys=0.00, real=0.04 secs] 
2022-06-30T08:00:36.566-0400: 68854.714: [GC (Allocation Failure) [PSYoungGen: 850033K->52425K(823808K)] 2721873K->1925070K(3379712K), 0.0268536 secs] [Times: user=0.17 sys=0.00, real=0.02 secs] 
2022-06-30T08:01:45.332-0400: 68923.481: [GC (Allocation Failure) [PSYoungGen: 823497K->55711K(826880K)] 2696142K->1928875K(3382784K), 0.0407555 secs] [Times: user=0.25 sys=0.00, real=0.04 secs] 
2022-06-30T08:03:37.074-0400: 69035.222: [GC (Allocation Failure) [PSYoungGen: 817054K->58445K(810496K)] 2690219K->1934331K(3366400K), 0.0450929 secs] [Times: user=0.27 sys=0.01, real=0.04 secs] 
2022-06-30T08:13:13.297-0400: 69611.446: [GC (Allocation Failure) [PSYoungGen: 810061K->56884K(805376K)] 2685947K->1937711K(3361280K), 0.0738545 secs] [Times: user=0.55 sys=0.01, real=0.08 secs] 
2022-06-30T08:22:37.388-0400: 70175.536: [GC (Allocation Failure) [PSYoungGen: 799284K->56162K(789504K)] 2680111K->1937768K(3345408K), 0.0688856 secs] [Times: user=0.54 sys=0.00, real=0.07 secs] 
2022-06-30T08:23:05.581-0400: 70203.729: [GC (Allocation Failure) [PSYoungGen: 789346K->56640K(783872K)] 2670952K->1938675K(3339776K), 0.0369967 secs] [Times: user=0.20 sys=0.01, real=0.03 secs] 
2022-06-30T08:33:10.621-0400: 70808.769: [GC (Allocation Failure) [PSYoungGen: 780608K->57893K(773632K)] 2662643K->1942234K(3329536K), 0.0566415 secs] [Times: user=0.43 sys=0.00, real=0.06 secs] 
2022-06-30T08:35:43.821-0400: 70961.969: [GC (Allocation Failure) [PSYoungGen: 773157K->62061K(769024K)] 2657498K->1947118K(3324928K), 0.0445066 secs] [Times: user=0.28 sys=0.00, real=0.05 secs] 
2022-06-30T08:36:56.449-0400: 71034.598: [GC (Allocation Failure) [PSYoungGen: 768621K->63554K(762368K)] 2653678K->1951650K(3318272K), 0.0456157 secs] [Times: user=0.30 sys=0.00, real=0.04 secs] 
2022-06-30T08:40:01.601-0400: 71219.750: [GC (Allocation Failure) [PSYoungGen: 761922K->64238K(754688K)] 2650018K->1955065K(3310592K), 0.0441228 secs] [Times: user=0.35 sys=0.00, real=0.05 secs] 
2022-06-30T08:41:42.837-0400: 71320.985: [GC (Allocation Failure) [PSYoungGen: 754414K->67369K(749568K)] 2645241K->1958611K(3305472K), 0.0375848 secs] [Times: user=0.25 sys=0.00, real=0.04 secs] 
2022-06-30T08:42:39.400-0400: 71377.548: [GC (Allocation Failure) [PSYoungGen: 749353K->70654K(744960K)] 2640595K->1963866K(3300864K), 0.0348585 secs] [Times: user=0.22 sys=0.00, real=0.03 secs] 
2022-06-30T08:43:57.360-0400: 71455.508: [GC (Allocation Failure) [PSYoungGen: 744958K->69562K(736256K)] 2638170K->1967657K(3292160K), 0.0349363 secs] [Times: user=0.23 sys=0.00, real=0.04 secs] 
2022-06-30T08:44:52.649-0400: 71510.798: [GC (Allocation Failure) [PSYoungGen: 736186K->66562K(730112K)] 2634281K->1964657K(3286016K), 0.0347674 secs] [Times: user=0.19 sys=0.00, real=0.03 secs] 
2022-06-30T08:45:14.167-0400: 71532.316: [GC (Allocation Failure) [PSYoungGen: 725506K->63709K(715776K)] 2623601K->1964197K(3271680K), 0.0309124 secs] [Times: user=0.20 sys=0.00, real=0.03 secs] 
2022-06-30T08:46:10.139-0400: 71588.288: [GC (Allocation Failure) [PSYoungGen: 715485K->66103K(715264K)] 2615973K->1967076K(3271168K), 0.0372272 secs] [Times: user=0.21 sys=0.00, real=0.04 secs] 
2022-06-30T08:46:43.786-0400: 71621.935: [GC (Allocation Failure) [PSYoungGen: 710711K->59575K(697344K)] 2611684K->1961280K(3253248K), 0.0331256 secs] [Times: user=0.20 sys=0.00, real=0.03 secs] 
2022-06-30T08:47:13.538-0400: 71651.686: [GC (Allocation Failure) [PSYoungGen: 697015K->58751K(697856K)] 2598720K->1965729K(3253760K), 0.0325592 secs] [Times: user=0.21 sys=0.01, real=0.04 secs] 
2022-06-30T08:48:38.773-0400: 71736.921: [GC (Allocation Failure) [PSYoungGen: 689023K->58155K(681984K)] 2596001K->1972300K(3237888K), 0.0378125 secs] [Times: user=0.22 sys=0.00, real=0.03 secs] 
2022-06-30T08:50:01.660-0400: 71819.809: [GC (Allocation Failure) [PSYoungGen: 681566K->55737K(684544K)] 2595711K->1976697K(3240448K), 0.0379469 secs] [Times: user=0.22 sys=0.00, real=0.04 secs] 
2022-06-30T08:50:39.220-0400: 71857.369: [GC (Allocation Failure) [PSYoungGen: 672697K->57279K(667648K)] 2593657K->1978575K(3223552K), 0.0335338 secs] [Times: user=0.18 sys=0.00, real=0.04 secs] 
2022-06-30T08:51:37.475-0400: 71915.624: [GC (Allocation Failure) [PSYoungGen: 667583K->56826K(670208K)] 2588879K->1982637K(3226112K), 0.0471974 secs] [Times: user=0.33 sys=0.01, real=0.05 secs] 
2022-06-30T08:52:12.143-0400: 71950.292: [GC (Allocation Failure) [PSYoungGen: 660474K->56806K(654336K)] 2586285K->1986613K(3210240K), 0.0347415 secs] [Times: user=0.21 sys=0.01, real=0.04 secs] 
2022-06-30T08:52:21.864-0400: 71960.012: [GC (Allocation Failure) [PSYoungGen: 654310K->57851K(656896K)] 2584117K->1992368K(3212800K), 0.0361955 secs] [Times: user=0.20 sys=0.01, real=0.04 secs] 
2022-06-30T08:52:35.049-0400: 71973.197: [GC (Allocation Failure) [PSYoungGen: 649211K->47918K(633344K)] 2583728K->1990223K(3189248K), 0.0307024 secs] [Times: user=0.18 sys=0.00, real=0.03 secs] 
2022-06-30T08:53:14.176-0400: 72012.325: [GC (Allocation Failure) [PSYoungGen: 633134K->45036K(647680K)] 2575439K->1988918K(3203584K), 0.0265709 secs] [Times: user=0.18 sys=0.00, real=0.02 secs] 
2022-06-30T08:53:52.731-0400: 72050.880: [GC (Allocation Failure) [PSYoungGen: 624108K->41263K(614912K)] 2567990K->1986520K(3170816K), 0.0323209 secs] [Times: user=0.17 sys=0.00, real=0.03 secs] 
2022-06-30T08:53:59.934-0400: 72058.082: [GC (Allocation Failure) [PSYoungGen: 614703K->39408K(638976K)] 2559960K->1986245K(3194880K), 0.0250898 secs] [Times: user=0.15 sys=0.00, real=0.02 secs] 
2022-06-30T08:54:44.366-0400: 72102.514: [GC (Allocation Failure) [PSYoungGen: 607216K->49406K(611840K)] 2554053K->1996715K(3167744K), 0.0327738 secs] [Times: user=0.19 sys=0.00, real=0.04 secs] 
2022-06-30T08:54:52.132-0400: 72110.281: [GC (Allocation Failure) [PSYoungGen: 611582K->46644K(624128K)] 2558891K->1994257K(3180032K), 0.0251189 secs] [Times: user=0.16 sys=0.01, real=0.02 secs] 
2022-06-30T08:54:57.034-0400: 72115.182: [GC (Allocation Failure) [PSYoungGen: 603188K->46479K(597504K)] 2550801K->1994638K(3153408K), 0.0286017 secs] [Times: user=0.18 sys=0.00, real=0.03 secs] 
2022-06-30T08:55:06.137-0400: 72124.286: [GC (Allocation Failure) [PSYoungGen: 597391K->49349K(610304K)] 2545550K->1997708K(3166208K), 0.0295156 secs] [Times: user=0.18 sys=0.00, real=0.03 secs] 
2022-06-30T08:55:17.570-0400: 72135.718: [GC (Allocation Failure) [PSYoungGen: 595141K->45761K(586752K)] 2543500K->1994856K(3142656K), 0.0270874 secs] [Times: user=0.16 sys=0.00, real=0.03 secs] 
2022-06-30T08:55:40.331-0400: 72158.480: [GC (Allocation Failure) [PSYoungGen: 586433K->38120K(601600K)] 2535528K->1987918K(3157504K), 0.0223831 secs] [Times: user=0.15 sys=0.00, real=0.02 secs] 
2022-06-30T08:56:01.967-0400: 72180.115: [GC (Allocation Failure) [PSYoungGen: 573672K->38914K(569856K)] 2523470K->1993166K(3125760K), 0.0305436 secs] [Times: user=0.17 sys=0.00, real=0.03 secs] 
2022-06-30T08:56:16.810-0400: 72194.958: [GC (Allocation Failure) [PSYoungGen: 569346K->42842K(587776K)] 2523598K->1999400K(3143680K), 0.0393582 secs] [Times: user=0.18 sys=0.00, real=0.04 secs] 
2022-06-30T08:56:31.330-0400: 72209.479: [GC (Allocation Failure) [PSYoungGen: 568154K->41722K(562688K)] 2524712K->2000990K(3118592K), 0.0292488 secs] [Times: user=0.16 sys=0.00, real=0.03 secs] 
2022-06-30T08:56:50.084-0400: 72228.233: [GC (Allocation Failure) [PSYoungGen: 562426K->39365K(578048K)] 2521694K->2000162K(3133952K), 0.0262027 secs] [Times: user=0.15 sys=0.00, real=0.03 secs] 
2022-06-30T08:57:32.077-0400: 72270.225: [GC (Allocation Failure) [PSYoungGen: 555461K->37393K(549376K)] 2516258K->2000680K(3105280K), 0.0272522 secs] [Times: user=0.18 sys=0.00, real=0.02 secs] 
2022-06-30T08:57:51.664-0400: 72289.812: [GC (Allocation Failure) [PSYoungGen: 548881K->36943K(568320K)] 2512168K->2001238K(3124224K), 0.0250352 secs] [Times: user=0.16 sys=0.00, real=0.03 secs] 
2022-06-30T08:58:02.989-0400: 72301.137: [GC (Allocation Failure) [PSYoungGen: 543823K->38589K(541184K)] 2508118K->2004233K(3097088K), 0.0335759 secs] [Times: user=0.16 sys=0.00, real=0.03 secs] 
2022-06-30T08:58:24.214-0400: 72322.363: [GC (Allocation Failure) [PSYoungGen: 540861K->42553K(555520K)] 2506505K->2008852K(3111424K), 0.0338170 secs] [Times: user=0.15 sys=0.00, real=0.03 secs] 
2022-06-30T08:58:32.007-0400: 72330.156: [GC (Allocation Failure) [PSYoungGen: 540217K->35512K(528896K)] 2506516K->2002196K(3084800K), 0.0222014 secs] [Times: user=0.14 sys=0.00, real=0.02 secs] 
2022-06-30T08:58:49.365-0400: 72347.514: [GC (Allocation Failure) [PSYoungGen: 528568K->34602K(547328K)] 2495252K->2007426K(3103232K), 0.0285453 secs] [Times: user=0.16 sys=0.01, real=0.02 secs] 
2022-06-30T08:59:06.732-0400: 72364.881: [GC (Allocation Failure) [PSYoungGen: 523562K->40234K(525312K)] 2496386K->2013442K(3081216K), 0.0263629 secs] [Times: user=0.16 sys=0.00, real=0.03 secs] 
2022-06-30T08:59:09.953-0400: 72368.101: [GC (Allocation Failure) [PSYoungGen: 525098K->35341K(536064K)] 2498306K->2008802K(3091968K), 0.0250276 secs] [Times: user=0.13 sys=0.00, real=0.02 secs] 
2022-06-30T08:59:19.372-0400: 72377.520: [GC (Allocation Failure) [PSYoungGen: 516109K->29837K(506880K)] 2489570K->2008097K(3062784K), 0.0226224 secs] [Times: user=0.15 sys=0.00, real=0.02 secs] 
2022-06-30T08:59:26.531-0400: 72384.679: [GC (Allocation Failure) [PSYoungGen: 506509K->29613K(528896K)] 2484769K->2008612K(3084800K), 0.0212272 secs] [Times: user=0.14 sys=0.00, real=0.03 secs] 
2022-06-30T08:59:38.890-0400: 72397.038: [GC (Allocation Failure) [PSYoungGen: 502189K->30328K(499200K)] 2481188K->2010183K(3055104K), 0.0216296 secs] [Times: user=0.14 sys=0.00, real=0.02 secs] 
2022-06-30T08:59:46.346-0400: 72404.495: [GC (Allocation Failure) [PSYoungGen: 498803K->34724K(517120K)] 2478658K->2015070K(3073024K), 0.0220520 secs] [Times: user=0.14 sys=0.00, real=0.02 secs] 
2022-06-30T08:59:54.028-0400: 72412.177: [GC (Allocation Failure) [PSYoungGen: 499108K->34367K(495616K)] 2479454K->2016863K(3051520K), 0.0257013 secs] [Times: user=0.14 sys=0.00, real=0.02 secs] 
2022-06-30T09:00:09.165-0400: 72427.313: [GC (Allocation Failure) [PSYoungGen: 495167K->30759K(509440K)] 2477663K->2015510K(3065344K), 0.0261805 secs] [Times: user=0.16 sys=0.00, real=0.03 secs] 
2022-06-30T09:00:16.204-0400: 72434.352: [GC (Allocation Failure) [PSYoungGen: 487975K->31065K(484864K)] 2472726K->2016025K(3040768K), 0.0214699 secs] [Times: user=0.14 sys=0.00, real=0.02 secs] 
2022-06-30T09:00:26.336-0400: 72444.484: [GC (Allocation Failure) [PSYoungGen: 484697K->30554K(499712K)] 2469657K->2017539K(3055616K), 0.0281292 secs] [Times: user=0.14 sys=0.01, real=0.03 secs] 
2022-06-30T09:00:27.380-0400: 72445.528: [GC (Allocation Failure) [PSYoungGen: 480602K->40407K(504320K)] 2467587K->2027936K(3060224K), 0.0341554 secs] [Times: user=0.25 sys=0.00, real=0.04 secs] 
2022-06-30T09:00:31.628-0400: 72449.776: [GC (Allocation Failure) [PSYoungGen: 490455K->24852K(540160K)] 2477984K->2015093K(3096064K), 0.0243774 secs] [Times: user=0.13 sys=0.00, real=0.03 secs] 
2022-06-30T09:00:35.835-0400: 72453.984: [GC (Allocation Failure) [PSYoungGen: 513300K->26361K(542720K)] 2503541K->2018167K(3098624K), 0.0211741 secs] [Times: user=0.13 sys=0.00, real=0.02 secs] 
2022-06-30T09:00:42.444-0400: 72460.592: [GC (Allocation Failure) [PSYoungGen: 514809K->21115K(505856K)] 2506615K->2014446K(3061760K), 0.0249884 secs] [Times: user=0.11 sys=0.01, real=0.02 secs] 
2022-06-30T09:00:49.728-0400: 72467.876: [GC (Allocation Failure) [PSYoungGen: 505467K->22299K(502784K)] 2498798K->2017435K(3058688K), 0.0253414 secs] [Times: user=0.14 sys=0.00, real=0.02 secs] 
2022-06-30T09:00:56.371-0400: 72474.519: [GC (Allocation Failure) [PSYoungGen: 502555K->21936K(525312K)] 2497691K->2019954K(3081216K), 0.0214212 secs] [Times: user=0.13 sys=0.00, real=0.02 secs] 
2022-06-30T09:01:00.946-0400: 72479.094: [GC (Allocation Failure) [PSYoungGen: 498096K->21510K(494080K)] 2496114K->2020216K(3049984K), 0.0201612 secs] [Times: user=0.11 sys=0.00, real=0.02 secs] 
2022-06-30T09:01:05.438-0400: 72483.586: [GC (Allocation Failure) [PSYoungGen: 493574K->23397K(514560K)] 2492280K->2022511K(3070464K), 0.0237210 secs] [Times: user=0.12 sys=0.00, real=0.02 secs] 
2022-06-30T09:01:12.560-0400: 72490.708: [GC (Allocation Failure) [PSYoungGen: 491365K->19117K(483328K)] 2490479K->2018838K(3039232K), 0.0181676 secs] [Times: user=0.11 sys=0.00, real=0.02 secs] 
2022-06-30T09:01:25.542-0400: 72503.690: [GC (Allocation Failure) [PSYoungGen: 482989K->17397K(506880K)] 2482710K->2018767K(3062784K), 0.0192838 secs] [Times: user=0.12 sys=0.00, real=0.02 secs] 
2022-06-30T09:01:37.788-0400: 72515.936: [GC (Allocation Failure) [PSYoungGen: 477685K->18314K(475136K)] 2479055K->2020123K(3031040K), 0.0215955 secs] [Times: user=0.12 sys=0.00, real=0.02 secs] 
2022-06-30T09:01:42.727-0400: 72520.876: [GC (Allocation Failure) [PSYoungGen: 475018K->20590K(496640K)] 2476827K->2022999K(3052544K), 0.0304708 secs] [Times: user=0.12 sys=0.00, real=0.03 secs] 
2022-06-30T09:01:50.420-0400: 72528.568: [GC (Allocation Failure) [PSYoungGen: 473710K->18734K(468480K)] 2476119K->2021707K(3024384K), 0.0193208 secs] [Times: user=0.12 sys=0.00, real=0.02 secs] 
2022-06-30T09:01:56.557-0400: 72534.705: [GC (Allocation Failure) [PSYoungGen: 468270K->18319K(487936K)] 2471243K->2021532K(3043840K), 0.0218569 secs] [Times: user=0.13 sys=0.00, real=0.02 secs] 
2022-06-30T09:01:59.499-0400: 72537.648: [GC (Allocation Failure) [PSYoungGen: 464271K->21356K(463872K)] 2467484K->2025486K(3019776K), 0.0211328 secs] [Times: user=0.14 sys=0.00, real=0.02 secs] 
2022-06-30T09:02:00.255-0400: 72538.403: [GC (Allocation Failure) [PSYoungGen: 463724K->21773K(488448K)] 2467854K->2025967K(3044352K), 0.0185633 secs] [Times: user=0.13 sys=0.01, real=0.01 secs] 
2022-06-30T09:02:21.024-0400: 72559.172: [GC (Allocation Failure) [PSYoungGen: 465677K->21838K(462336K)] 2469871K->2026276K(3018240K), 0.0293193 secs] [Times: user=0.14 sys=0.00, real=0.03 secs] 
2022-06-30T09:02:53.101-0400: 72591.249: [GC (Allocation Failure) [PSYoungGen: 462158K->22732K(471552K)] 2466596K->2028042K(3027456K), 0.0257581 secs] [Times: user=0.15 sys=0.01, real=0.03 secs] 
2022-06-30T09:03:21.990-0400: 72620.138: [GC (Allocation Failure) [PSYoungGen: 459468K->21909K(455168K)] 2464778K->2028156K(3011072K), 0.0233265 secs] [Times: user=0.13 sys=0.01, real=0.02 secs] 
2022-06-30T09:03:30.278-0400: 72628.426: [GC (Allocation Failure) [PSYoungGen: 455061K->21262K(462336K)] 2461308K->2028723K(3018240K), 0.0237252 secs] [Times: user=0.13 sys=0.00, real=0.03 secs] 
2022-06-30T09:03:47.542-0400: 72645.690: [GC (Allocation Failure) [PSYoungGen: 450830K->25355K(452096K)] 2458291K->2034318K(3008000K), 0.0247527 secs] [Times: user=0.13 sys=0.01, real=0.02 secs] 
2022-06-30T09:04:04.812-0400: 72662.960: [GC (Allocation Failure) [PSYoungGen: 451851K->20083K(456192K)] 2460814K->2030356K(3012096K), 0.0205289 secs] [Times: user=0.13 sys=0.00, real=0.02 secs] 
2022-06-30T09:04:10.912-0400: 72669.060: [GC (Allocation Failure) [PSYoungGen: 443507K->19795K(440320K)] 2453780K->2030436K(2996224K), 0.0227575 secs] [Times: user=0.13 sys=0.00, real=0.03 secs] 
2022-06-30T09:04:16.938-0400: 72675.087: [GC (Allocation Failure) [PSYoungGen: 440147K->20775K(447488K)] 2450788K->2031544K(3003392K), 0.0235838 secs] [Times: user=0.13 sys=0.00, real=0.02 secs] 
2022-06-30T09:04:23.156-0400: 72681.305: [GC (Allocation Failure) [PSYoungGen: 438055K->20910K(435200K)] 2448824K->2031814K(2991104K), 0.0230128 secs] [Times: user=0.13 sys=0.00, real=0.02 secs] 
2022-06-30T09:04:29.814-0400: 72687.962: [GC (Allocation Failure) [PSYoungGen: 435118K->20381K(439808K)] 2446022K->2031846K(2995712K), 0.0204046 secs] [Times: user=0.13 sys=0.00, real=0.02 secs] 
2022-06-30T09:04:35.663-0400: 72693.811: [GC (Allocation Failure) [PSYoungGen: 431517K->16410K(424960K)] 2442982K->2031846K(2980864K), 0.0207892 secs] [Times: user=0.11 sys=0.01, real=0.02 secs] 
2022-06-30T09:04:39.457-0400: 72697.605: [GC (Allocation Failure) [PSYoungGen: 424474K->23702K(433664K)] 2439910K->2039470K(2989568K), 0.0220128 secs] [Times: user=0.14 sys=0.00, real=0.02 secs] 
2022-06-30T09:05:04.708-0400: 72722.857: [GC (Allocation Failure) [PSYoungGen: 428694K->21231K(423424K)] 2444462K->2037174K(2979328K), 0.0221690 secs] [Times: user=0.12 sys=0.00, real=0.02 secs] 
2022-06-30T09:05:22.724-0400: 72740.873: [GC (Allocation Failure) [PSYoungGen: 423148K->19301K(425472K)] 2439091K->2036737K(2981376K), 0.0215020 secs] [Times: user=0.12 sys=0.00, real=0.03 secs] 
2022-06-30T09:05:52.143-0400: 72770.292: [GC (Allocation Failure) [PSYoungGen: 418149K->18502K(414720K)] 2435585K->2035986K(2970624K), 0.0238660 secs] [Times: user=0.14 sys=0.01, real=0.02 secs] 
2022-06-30T09:06:16.286-0400: 72794.434: [GC (Allocation Failure) [PSYoungGen: 414278K->21620K(419328K)] 2431762K->2039369K(2975232K), 0.0338810 secs] [Times: user=0.17 sys=0.01, real=0.03 secs] 
2022-06-30T09:06:58.548-0400: 72836.696: [GC (Allocation Failure) [PSYoungGen: 414836K->27627K(418304K)] 2432585K->2045640K(2974208K), 0.0309149 secs] [Times: user=0.16 sys=0.00, real=0.03 secs] 
2022-06-30T09:07:41.752-0400: 72879.900: [GC (Allocation Failure) [PSYoungGen: 418283K->27952K(419328K)] 2436296K->2046441K(2975232K), 0.0238962 secs] [Times: user=0.17 sys=0.00, real=0.02 secs] 
2022-06-30T09:07:59.381-0400: 72897.529: [GC (Allocation Failure) [PSYoungGen: 416048K->29696K(415744K)] 2434537K->2048994K(2971648K), 0.0237343 secs] [Times: user=0.13 sys=0.00, real=0.02 secs] 
2022-06-30T09:08:20.784-0400: 72918.933: [GC (Allocation Failure) [PSYoungGen: 415232K->28748K(416768K)] 2434530K->2050919K(2972672K), 0.0258866 secs] [Times: user=0.14 sys=0.01, real=0.02 secs] 
2022-06-30T09:08:42.997-0400: 72941.145: [GC (Allocation Failure) [PSYoungGen: 411724K->28453K(409088K)] 2433895K->2051345K(2964992K), 0.0211351 secs] [Times: user=0.14 sys=0.00, real=0.02 secs] 
2022-06-30T09:09:43.523-0400: 73001.671: [GC (Allocation Failure) [PSYoungGen: 408869K->31803K(413696K)] 2431761K->2054846K(2969600K), 0.0348544 secs] [Times: user=0.23 sys=0.00, real=0.04 secs] 
2022-06-30T09:10:11.400-0400: 73029.548: [GC (Allocation Failure) [PSYoungGen: 409659K->31023K(406528K)] 2432702K->2054920K(2962432K), 0.0223838 secs] [Times: user=0.14 sys=0.00, real=0.02 secs] 
2022-06-30T09:11:21.762-0400: 73099.910: [GC (Allocation Failure) [PSYoungGen: 406319K->31920K(410624K)] 2430216K->2056265K(2966528K), 0.0287095 secs] [Times: user=0.19 sys=0.00, real=0.03 secs] 
2022-06-30T09:11:38.927-0400: 73117.075: [GC (Allocation Failure) [PSYoungGen: 404656K->33260K(403456K)] 2429001K->2057805K(2959360K), 0.0324862 secs] [Times: user=0.17 sys=0.00, real=0.03 secs] 
2022-06-30T09:12:05.624-0400: 73143.772: [GC (Allocation Failure) [PSYoungGen: 403436K->33902K(408064K)] 2427981K->2058639K(2963968K), 0.0234153 secs] [Times: user=0.14 sys=0.00, real=0.03 secs] 
2022-06-30T09:12:19.473-0400: 73157.621: [GC (Allocation Failure) [PSYoungGen: 401518K->33556K(398848K)] 2426255K->2059517K(2954752K), 0.0239812 secs] [Times: user=0.16 sys=0.00, real=0.02 secs] 
2022-06-30T09:12:21.212-0400: 73159.360: [GC (Allocation Failure) [PSYoungGen: 398612K->36740K(405504K)] 2424573K->2063336K(2961408K), 0.0249006 secs] [Times: user=0.13 sys=0.00, real=0.02 secs] 
2022-06-30T09:12:29.474-0400: 73167.622: [GC (Allocation Failure) [PSYoungGen: 399236K->37601K(397824K)] 2425832K->2065481K(2953728K), 0.0237284 secs] [Times: user=0.16 sys=0.00, real=0.02 secs] 
2022-06-30T09:12:43.771-0400: 73181.919: [GC (Allocation Failure) [PSYoungGen: 397537K->35142K(402944K)] 2425417K->2064925K(2958848K), 0.0228175 secs] [Times: user=0.14 sys=0.00, real=0.03 secs] 
2022-06-30T09:12:59.363-0400: 73197.511: [GC (Allocation Failure) [PSYoungGen: 393030K->35887K(392192K)] 2422813K->2066854K(2948096K), 0.0278756 secs] [Times: user=0.17 sys=0.00, real=0.03 secs] 
2022-06-30T09:13:17.972-0400: 73216.121: [GC (Allocation Failure) [PSYoungGen: 391727K->31095K(395776K)] 2422694K->2065218K(2951680K), 0.0263640 secs] [Times: user=0.15 sys=0.00, real=0.03 secs] 
2022-06-30T09:14:18.627-0400: 73276.775: [GC (Allocation Failure) [PSYoungGen: 384887K->41783K(397312K)] 2419010K->2077215K(2953216K), 0.0289858 secs] [Times: user=0.19 sys=0.00, real=0.03 secs] 
2022-06-30T09:14:30.961-0400: 73289.109: [GC (Allocation Failure) [PSYoungGen: 393527K->41792K(397824K)] 2428959K->2078268K(2953728K), 0.0267465 secs] [Times: user=0.16 sys=0.00, real=0.02 secs] 
2022-06-30T09:14:42.800-0400: 73300.948: [GC (Allocation Failure) [PSYoungGen: 391488K->50155K(397824K)] 2427964K->2105218K(2953728K), 0.0384032 secs] [Times: user=0.22 sys=0.02, real=0.04 secs] 
2022-06-30T09:15:19.741-0400: 73337.889: [GC (Allocation Failure) [PSYoungGen: 397803K->48773K(407040K)] 2452866K->2107740K(2962944K), 0.0348268 secs] [Times: user=0.19 sys=0.01, real=0.03 secs] 
2022-06-30T09:15:45.615-0400: 73363.763: [GC (Allocation Failure) [PSYoungGen: 394373K->48354K(392192K)] 2453340K->2107321K(2948096K), 0.0330022 secs] [Times: user=0.18 sys=0.00, real=0.03 secs] 
2022-06-30T09:15:57.102-0400: 73375.250: [GC (Allocation Failure) [PSYoungGen: 391906K->45488K(404480K)] 2450873K->2106017K(2960384K), 0.0263460 secs] [Times: user=0.19 sys=0.00, real=0.02 secs] 
2022-06-30T09:17:00.793-0400: 73438.942: [GC (Allocation Failure) [PSYoungGen: 386992K->47666K(387584K)] 2447521K->2110489K(2943488K), 0.0319894 secs] [Times: user=0.24 sys=0.00, real=0.03 secs] 
2022-06-30T09:17:04.713-0400: 73442.862: [GC (Allocation Failure) [PSYoungGen: 387122K->44312K(398848K)] 2449945K->2108166K(2954752K), 0.0303223 secs] [Times: user=0.17 sys=0.00, real=0.03 secs] 
2022-06-30T09:17:11.262-0400: 73449.410: [GC (Allocation Failure) [PSYoungGen: 381720K->45308K(380928K)] 2445574K->2109814K(2936832K), 0.0273607 secs] [Times: user=0.17 sys=0.00, real=0.03 secs] 
2022-06-30T09:17:42.757-0400: 73480.905: [GC (Allocation Failure) [PSYoungGen: 380668K->44265K(392704K)] 2445174K->2109051K(2948608K), 0.0283678 secs] [Times: user=0.19 sys=0.00, real=0.03 secs] 
2022-06-30T09:17:54.512-0400: 73492.661: [GC (Allocation Failure) [PSYoungGen: 377577K->42889K(374272K)] 2442363K->2109663K(2930176K), 0.0251020 secs] [Times: user=0.17 sys=0.00, real=0.02 secs] 
2022-06-30T09:18:08.566-0400: 73506.714: [GC (Allocation Failure) [PSYoungGen: 374153K->42899K(385024K)] 2440927K->2110138K(2940928K), 0.0251825 secs] [Times: user=0.17 sys=0.00, real=0.02 secs] 
2022-06-30T09:18:24.155-0400: 73522.303: [GC (Allocation Failure) [PSYoungGen: 372115K->46060K(373248K)] 2439354K->2113426K(2929152K), 0.0288477 secs] [Times: user=0.18 sys=0.00, real=0.02 secs] 
2022-06-30T09:18:40.668-0400: 73538.816: [GC (Allocation Failure) [PSYoungGen: 373228K->51082K(384512K)] 2440594K->2118836K(2940416K), 0.0298932 secs] [Times: user=0.19 sys=0.00, real=0.03 secs] 
2022-06-30T09:18:41.191-0400: 73539.339: [GC (Allocation Failure) [PSYoungGen: 376202K->56317K(386048K)] 2443956K->2124795K(2941952K), 0.0302216 secs] [Times: user=0.19 sys=0.00, real=0.03 secs] 
2022-06-30T09:18:45.637-0400: 73543.785: [GC (Allocation Failure) [PSYoungGen: 381437K->53188K(423936K)] 2449915K->2126424K(2979840K), 0.0325163 secs] [Times: user=0.21 sys=0.01, real=0.04 secs] 
2022-06-30T09:19:23.308-0400: 73581.456: [GC (Allocation Failure) [PSYoungGen: 413124K->35113K(425472K)] 2486360K->2126389K(2981376K), 0.0291362 secs] [Times: user=0.20 sys=0.01, real=0.03 secs] 
2022-06-30T09:19:29.753-0400: 73587.901: [GC (Allocation Failure) [PSYoungGen: 395049K->34466K(451584K)] 2486325K->2125742K(3007488K), 0.0274455 secs] [Times: user=0.13 sys=0.01, real=0.03 secs] 
2022-06-30T09:19:46.623-0400: 73604.771: [GC (Allocation Failure) [PSYoungGen: 425122K->37356K(425472K)] 2516398K->2128632K(2981376K), 0.0254656 secs] [Times: user=0.15 sys=0.00, real=0.03 secs] 
2022-06-30T09:19:50.356-0400: 73608.504: [GC (Allocation Failure) [PSYoungGen: 425452K->30850K(446464K)] 2516728K->2126149K(3002368K), 0.0221250 secs] [Times: user=0.15 sys=0.00, real=0.03 secs] 
2022-06-30T09:19:53.015-0400: 73611.164: [GC (Allocation Failure) [PSYoungGen: 416386K->28487K(411648K)] 2511685K->2126912K(2967552K), 0.0218363 secs] [Times: user=0.14 sys=0.01, real=0.03 secs] 
2022-06-30T09:19:55.789-0400: 73613.937: [GC (Allocation Failure) [PSYoungGen: 411463K->26722K(441344K)] 2509888K->2126717K(2997248K), 0.0210620 secs] [Times: user=0.13 sys=0.00, real=0.02 secs] 
2022-06-30T09:19:58.253-0400: 73616.401: [GC (Allocation Failure) [PSYoungGen: 407138K->27535K(405504K)] 2507133K->2128272K(2961408K), 0.0207385 secs] [Times: user=0.14 sys=0.00, real=0.02 secs] 
2022-06-30T09:20:00.878-0400: 73619.026: [GC (Allocation Failure) [PSYoungGen: 405391K->23828K(435712K)] 2506128K->2127850K(2991616K), 0.0196004 secs] [Times: user=0.13 sys=0.01, real=0.02 secs] 
2022-06-30T09:20:02.960-0400: 73621.108: [GC (Allocation Failure) [PSYoungGen: 399124K->23328K(438272K)] 2503146K->2128471K(2994176K), 0.0194988 secs] [Times: user=0.13 sys=0.00, real=0.01 secs] 
2022-06-30T09:20:06.735-0400: 73624.883: [GC (Allocation Failure) [PSYoungGen: 398624K->22212K(401920K)] 2503767K->2127508K(2957824K), 0.0237814 secs] [Times: user=0.15 sys=0.01, real=0.02 secs] 
2022-06-30T09:20:12.761-0400: 73630.909: [GC (Allocation Failure) [PSYoungGen: 394948K->20464K(390656K)] 2500244K->2127440K(2946560K), 0.0216683 secs] [Times: user=0.11 sys=0.00, real=0.02 secs] 
2022-06-30T09:20:17.003-0400: 73635.151: [GC (Allocation Failure) [PSYoungGen: 390640K->17908K(425472K)] 2497616K->2125768K(2981376K), 0.0203899 secs] [Times: user=0.12 sys=0.00, real=0.02 secs] 
2022-06-30T09:20:19.394-0400: 73637.542: [GC (Allocation Failure) [PSYoungGen: 385524K->20281K(385536K)] 2493384K->2128913K(2941440K), 0.0198198 secs] [Times: user=0.12 sys=0.00, real=0.02 secs] 
2022-06-30T09:20:26.106-0400: 73644.255: [GC (Allocation Failure) [PSYoungGen: 385337K->16642K(418816K)] 2493969K->2129068K(2974720K), 0.0232257 secs] [Times: user=0.14 sys=0.00, real=0.02 secs] 
2022-06-30T09:20:33.480-0400: 73651.628: [GC (Allocation Failure) [PSYoungGen: 379138K->17112K(377344K)] 2491564K->2130893K(2933248K), 0.0184991 secs] [Times: user=0.11 sys=0.01, real=0.02 secs] 
2022-06-30T09:20:40.304-0400: 73658.452: [GC (Allocation Failure) [PSYoungGen: 377048K->15994K(411648K)] 2490829K->2132304K(2967552K), 0.0193094 secs] [Times: user=0.12 sys=0.00, real=0.02 secs] 
2022-06-30T09:20:42.786-0400: 73660.934: [GC (Allocation Failure) [PSYoungGen: 373882K->14487K(370688K)] 2490192K->2131792K(2926592K), 0.0173002 secs] [Times: user=0.11 sys=0.01, real=0.01 secs] 
2022-06-30T09:20:47.453-0400: 73665.602: [GC (Allocation Failure) [PSYoungGen: 370327K->14522K(405504K)] 2487632K->2132900K(2961408K), 0.0194329 secs] [Times: user=0.10 sys=0.01, real=0.02 secs] 
2022-06-30T09:20:53.794-0400: 73671.943: [GC (Allocation Failure) [PSYoungGen: 368314K->13073K(365056K)] 2486692K->2131587K(2920960K), 0.0166643 secs] [Times: user=0.10 sys=0.00, real=0.02 secs] 
2022-06-30T09:21:10.406-0400: 73688.554: [GC (Allocation Failure) [PSYoungGen: 364817K->12529K(398336K)] 2483331K->2131387K(2954240K), 0.0181074 secs] [Times: user=0.11 sys=0.00, real=0.02 secs] 
2022-06-30T09:21:22.429-0400: 73700.577: [GC (Allocation Failure) [PSYoungGen: 362225K->13613K(361472K)] 2481083K->2132615K(2917376K), 0.0174815 secs] [Times: user=0.11 sys=0.00, real=0.02 secs] 
2022-06-30T09:21:32.189-0400: 73710.337: [GC (Allocation Failure) [PSYoungGen: 361261K->13749K(391168K)] 2480263K->2133023K(2947072K), 0.0197649 secs] [Times: user=0.12 sys=0.00, real=0.02 secs] 
2022-06-30T09:21:39.635-0400: 73717.783: [GC (Allocation Failure) [PSYoungGen: 359349K->14854K(358912K)] 2478623K->2134422K(2914816K), 0.0190194 secs] [Times: user=0.12 sys=0.00, real=0.01 secs] 
2022-06-30T09:21:43.947-0400: 73722.095: [GC (Allocation Failure) [PSYoungGen: 358403K->15991K(382464K)] 2477971K->2135743K(2938368K), 0.0188973 secs] [Times: user=0.12 sys=0.00, real=0.02 secs] 
2022-06-30T09:21:55.526-0400: 73733.674: [GC (Allocation Failure) [PSYoungGen: 357495K->14226K(353792K)] 2477247K->2134090K(2909696K), 0.0177698 secs] [Times: user=0.10 sys=0.01, real=0.02 secs] 
2022-06-30T09:22:07.098-0400: 73745.246: [GC (Allocation Failure) [PSYoungGen: 353682K->22682K(376832K)] 2473546K->2142794K(2932736K), 0.0248954 secs] [Times: user=0.11 sys=0.00, real=0.03 secs] 
2022-06-30T09:22:23.380-0400: 73761.528: [GC (Allocation Failure) [PSYoungGen: 360090K->20142K(355840K)] 2480202K->2140627K(2911744K), 0.0203899 secs] [Times: user=0.13 sys=0.01, real=0.03 secs] 
2022-06-30T09:22:25.648-0400: 73763.796: [GC (Allocation Failure) [PSYoungGen: 355502K->22638K(369664K)] 2475987K->2144664K(2925568K), 0.0200633 secs] [Times: user=0.13 sys=0.00, real=0.02 secs] 
2022-06-30T09:22:43.476-0400: 73781.624: [GC (Allocation Failure) [PSYoungGen: 355950K->21363K(352768K)] 2477976K->2144949K(2908672K), 0.0229535 secs] [Times: user=0.14 sys=0.00, real=0.02 secs] 
2022-06-30T09:22:49.465-0400: 73787.613: [GC (Allocation Failure) [PSYoungGen: 352627K->26509K(366592K)] 2476213K->2151229K(2922496K), 0.0250903 secs] [Times: user=0.15 sys=0.00, real=0.02 secs] 
2022-06-30T09:22:54.993-0400: 73793.142: [GC (Allocation Failure) [PSYoungGen: 355725K->27662K(355328K)] 2480445K->2152596K(2911232K), 0.0220451 secs] [Times: user=0.14 sys=0.00, real=0.03 secs] 
2022-06-30T09:23:06.941-0400: 73805.090: [GC (Allocation Failure) [PSYoungGen: 354830K->30706K(364544K)] 2479764K->2155688K(2920448K), 0.0208026 secs] [Times: user=0.13 sys=0.00, real=0.02 secs] 
2022-06-30T09:23:18.928-0400: 73817.076: [GC (Allocation Failure) [PSYoungGen: 355826K->29529K(352768K)] 2480808K->2156861K(2908672K), 0.0231195 secs] [Times: user=0.13 sys=0.00, real=0.03 secs] 
2022-06-30T09:23:21.741-0400: 73819.889: [GC (Allocation Failure) [PSYoungGen: 352601K->29929K(363008K)] 2479933K->2157361K(2918912K), 0.0238989 secs] [Times: user=0.14 sys=0.00, real=0.02 secs] 
2022-06-30T09:23:29.309-0400: 73827.458: [GC (Allocation Failure) [PSYoungGen: 350953K->29062K(348160K)] 2478385K->2156910K(2904064K), 0.0202764 secs] [Times: user=0.14 sys=0.00, real=0.02 secs] 
2022-06-30T09:23:36.255-0400: 73834.403: [GC (Allocation Failure) [PSYoungGen: 348038K->27627K(357888K)] 2475886K->2156265K(2913792K), 0.0257836 secs] [Times: user=0.14 sys=0.00, real=0.02 secs] 
2022-06-30T09:23:39.426-0400: 73837.574: [GC (Allocation Failure) [PSYoungGen: 344958K->30225K(346624K)] 2473595K->2159111K(2902528K), 0.0267837 secs] [Times: user=0.15 sys=0.00, real=0.03 secs] 
2022-06-30T09:23:48.959-0400: 73847.107: [GC (Allocation Failure) [PSYoungGen: 346129K->29027K(354816K)] 2475015K->2158728K(2910720K), 0.0212240 secs] [Times: user=0.15 sys=0.00, real=0.02 secs] 
2022-06-30T09:24:01.277-0400: 73859.425: [GC (Allocation Failure) [PSYoungGen: 343395K->30595K(343552K)] 2473096K->2160488K(2899456K), 0.0240601 secs] [Times: user=0.15 sys=0.00, real=0.02 secs] 
2022-06-30T09:24:26.039-0400: 73884.187: [GC (Allocation Failure) [PSYoungGen: 343427K->31973K(353792K)] 2473320K->2162763K(2909696K), 0.0234087 secs] [Times: user=0.14 sys=0.01, real=0.03 secs] 
2022-06-30T09:24:55.504-0400: 73913.652: [GC (Allocation Failure) [PSYoungGen: 343269K->29019K(338944K)] 2474059K->2161574K(2894848K), 0.0268852 secs] [Times: user=0.17 sys=0.00, real=0.02 secs] 
2022-06-30T09:25:03.623-0400: 73921.771: [GC (Allocation Failure) [PSYoungGen: 338779K->29778K(348160K)] 2471334K->2162853K(2904064K), 0.0234176 secs] [Times: user=0.14 sys=0.00, real=0.03 secs] 
2022-06-30T09:25:05.282-0400: 73923.431: [GC (Allocation Failure) [PSYoungGen: 338002K->31481K(338432K)] 2471077K->2165956K(2894336K), 0.0245372 secs] [Times: user=0.14 sys=0.00, real=0.03 secs] 
2022-06-30T09:25:08.494-0400: 73926.642: [GC (Allocation Failure) [PSYoungGen: 338169K->29763K(344576K)] 2472644K->2165700K(2900480K), 0.0216765 secs] [Times: user=0.14 sys=0.00, real=0.03 secs] 
2022-06-30T09:25:11.234-0400: 73929.382: [GC (Allocation Failure) [PSYoungGen: 334915K->27372K(331264K)] 2470852K->2166106K(2887168K), 0.0219532 secs] [Times: user=0.13 sys=0.01, real=0.02 secs] 
2022-06-30T09:25:14.506-0400: 73932.655: [GC (Allocation Failure) [PSYoungGen: 330988K->30167K(339968K)] 2469722K->2170357K(2895872K), 0.0241682 secs] [Times: user=0.15 sys=0.01, real=0.02 secs] 
2022-06-30T09:25:20.700-0400: 73938.849: [GC (Allocation Failure) [PSYoungGen: 332247K->31999K(332800K)] 2472437K->2173261K(2888704K), 0.0259368 secs] [Times: user=0.16 sys=0.00, real=0.02 secs] 
2022-06-30T09:25:21.084-0400: 73939.232: [GC (Allocation Failure) [PSYoungGen: 332543K->31883K(340992K)] 2473805K->2173701K(2896896K), 0.0220417 secs] [Times: user=0.15 sys=0.00, real=0.02 secs] 
2022-06-30T09:25:28.068-0400: 73946.216: [GC (Allocation Failure) [PSYoungGen: 332427K->27133K(340992K)] 2474245K->2171582K(2896896K), 0.0249550 secs] [Times: user=0.14 sys=0.00, real=0.03 secs] 
2022-06-30T09:25:31.697-0400: 73949.845: [GC (Allocation Failure) [PSYoungGen: 327677K->27481K(368640K)] 2472126K->2173851K(2924544K), 0.0273277 secs] [Times: user=0.13 sys=0.02, real=0.03 secs] 
2022-06-30T09:25:41.546-0400: 73959.694: [GC (Allocation Failure) [PSYoungGen: 359769K->27493K(371200K)] 2506139K->2174392K(2927104K), 0.0206619 secs] [Times: user=0.14 sys=0.00, real=0.02 secs] 
2022-06-30T09:25:42.889-0400: 73961.037: [GC (Allocation Failure) [PSYoungGen: 359781K->26210K(401408K)] 2506680K->2173108K(2957312K), 0.0220112 secs] [Times: user=0.12 sys=0.01, real=0.02 secs] 
2022-06-30T09:25:47.136-0400: 73965.285: [GC (Allocation Failure) [PSYoungGen: 389730K->27660K(400896K)] 2536628K->2174906K(2956800K), 0.0233588 secs] [Times: user=0.14 sys=0.00, real=0.02 secs] 
2022-06-30T09:25:53.234-0400: 73971.383: [GC (Allocation Failure) [PSYoungGen: 391180K->25380K(427008K)] 2538426K->2172626K(2982912K), 0.0208202 secs] [Times: user=0.13 sys=0.01, real=0.02 secs] 
2022-06-30T09:25:55.268-0400: 73973.416: [GC (Allocation Failure) [PSYoungGen: 419108K->23422K(430080K)] 2566354K->2171613K(2985984K), 0.0195470 secs] [Times: user=0.13 sys=0.00, real=0.02 secs] 
2022-06-30T09:25:58.650-0400: 73976.798: [GC (Allocation Failure) [PSYoungGen: 417150K->25895K(459776K)] 2565341K->2175373K(3015680K), 0.0245518 secs] [Times: user=0.13 sys=0.02, real=0.03 secs] 
2022-06-30T09:26:00.992-0400: 73979.140: [GC (Allocation Failure) [PSYoungGen: 451879K->22586K(461312K)] 2601357K->2172845K(3017216K), 0.0199045 secs] [Times: user=0.11 sys=0.01, real=0.02 secs] 
2022-06-30T09:26:02.364-0400: 73980.512: [GC (Allocation Failure) [PSYoungGen: 448570K->23460K(496640K)] 2598829K->2174226K(3052544K), 0.0200464 secs] [Times: user=0.12 sys=0.01, real=0.02 secs] 
2022-06-30T09:26:04.501-0400: 73982.650: [GC (Allocation Failure) [PSYoungGen: 484772K->23012K(496640K)] 2635538K->2174106K(3052544K), 0.0198226 secs] [Times: user=0.12 sys=0.00, real=0.02 secs] 
2022-06-30T09:26:06.048-0400: 73984.196: [GC (Allocation Failure) [PSYoungGen: 484324K->24420K(538112K)] 2635418K->2175786K(3094016K), 0.0212381 secs] [Times: user=0.13 sys=0.01, real=0.02 secs] 
2022-06-30T09:26:08.125-0400: 73986.274: [GC (Allocation Failure) [PSYoungGen: 527716K->22788K(537600K)] 2679082K->2176168K(3093504K), 0.0200978 secs] [Times: user=0.12 sys=0.01, real=0.02 secs] 
2022-06-30T09:26:12.147-0400: 73990.296: [GC (Allocation Failure) [PSYoungGen: 526084K->21651K(579072K)] 2679464K->2177270K(3134976K), 0.0271800 secs] [Times: user=0.12 sys=0.06, real=0.02 secs] 
2022-06-30T09:26:24.042-0400: 74002.190: [GC (Allocation Failure) [PSYoungGen: 569491K->20387K(563200K)] 2725110K->2176582K(3119104K), 0.0218130 secs] [Times: user=0.14 sys=0.01, real=0.02 secs] 
2022-06-30T09:26:27.455-0400: 74005.604: [GC (Allocation Failure) [PSYoungGen: 563107K->22542K(565248K)] 2719302K->2180742K(3121152K), 0.0215077 secs] [Times: user=0.11 sys=0.01, real=0.02 secs] 
2022-06-30T09:26:28.836-0400: 74006.985: [GC (Allocation Failure) [PSYoungGen: 560142K->33248K(570880K)] 2718342K->2204809K(3126784K), 0.0293246 secs] [Times: user=0.17 sys=0.01, real=0.03 secs] 
2022-06-30T09:26:32.308-0400: 74010.457: [GC (Allocation Failure) [PSYoungGen: 570848K->31903K(626688K)] 2742409K->2204908K(3182592K), 0.0266896 secs] [Times: user=0.12 sys=0.02, real=0.02 secs] 
2022-06-30T09:26:37.034-0400: 74015.182: [GC (Allocation Failure) [PSYoungGen: 618143K->31711K(627712K)] 2791148K->2204716K(3183616K), 0.0297314 secs] [Times: user=0.16 sys=0.01, real=0.03 secs] 
2022-06-30T09:26:39.856-0400: 74018.005: [GC (Allocation Failure) [PSYoungGen: 617951K->32946K(677376K)] 2790956K->2206800K(3233280K), 0.0329637 secs] [Times: user=0.22 sys=0.02, real=0.04 secs] 
2022-06-30T09:26:45.764-0400: 74023.912: [GC (Allocation Failure) [PSYoungGen: 668850K->30912K(677888K)] 2842704K->2205124K(3233792K), 0.0211586 secs] [Times: user=0.13 sys=0.00, real=0.02 secs] 
2022-06-30T09:26:56.555-0400: 74034.704: [GC (Allocation Failure) [PSYoungGen: 666816K->31525K(660480K)] 2841028K->2205841K(3216384K), 0.0243980 secs] [Times: user=0.15 sys=0.02, real=0.02 secs] 
2022-06-30T09:27:03.080-0400: 74041.228: [GC (Allocation Failure) [PSYoungGen: 660261K->33366K(655872K)] 2834577K->2208790K(3211776K), 0.0268432 secs] [Times: user=0.17 sys=0.00, real=0.03 secs] 
2022-06-30T09:27:13.138-0400: 74051.286: [GC (Allocation Failure) [PSYoungGen: 655446K->17891K(633344K)] 2830870K->2207817K(3189248K), 0.0243382 secs] [Times: user=0.15 sys=0.02, real=0.02 secs] 
2022-06-30T09:27:15.197-0400: 74053.346: [GC (Allocation Failure) [PSYoungGen: 633315K->18515K(627712K)] 2823241K->2208617K(3183616K), 0.0217133 secs] [Times: user=0.13 sys=0.00, real=0.02 secs] 
2022-06-30T09:27:17.184-0400: 74055.332: [GC (Allocation Failure) [PSYoungGen: 627283K->18968K(622080K)] 2817385K->2209070K(3177984K), 0.0221830 secs] [Times: user=0.12 sys=0.01, real=0.03 secs] 
2022-06-30T09:27:19.062-0400: 74057.211: [GC (Allocation Failure) [PSYoungGen: 621592K->19056K(646144K)] 2811694K->2209334K(3202048K), 0.0201926 secs] [Times: user=0.13 sys=0.00, real=0.02 secs] 
2022-06-30T09:27:23.312-0400: 74061.460: [GC (Allocation Failure) [PSYoungGen: 622192K->19600K(616960K)] 2812470K->2210006K(3172864K), 0.0209853 secs] [Times: user=0.13 sys=0.00, real=0.02 secs] 
2022-06-30T09:27:38.063-0400: 74076.211: [GC (Allocation Failure) [PSYoungGen: 616592K->26890K(617984K)] 2806998K->2217680K(3173888K), 0.0293543 secs] [Times: user=0.17 sys=0.00, real=0.03 secs] 
2022-06-30T09:27:47.652-0400: 74085.800: [GC (Allocation Failure) [PSYoungGen: 617738K->27335K(612352K)] 2808528K->2218432K(3168256K), 0.0230118 secs] [Times: user=0.15 sys=0.00, real=0.02 secs] 
2022-06-30T09:27:58.268-0400: 74096.416: [GC (Allocation Failure) [PSYoungGen: 612039K->28945K(607744K)] 2803136K->2221058K(3163648K), 0.0387920 secs] [Times: user=0.19 sys=0.00, real=0.04 secs] 
2022-06-30T09:28:21.444-0400: 74119.592: [GC (Allocation Failure) [PSYoungGen: 607505K->25228K(598528K)] 2799618K->2223569K(3154432K), 0.0229019 secs] [Times: user=0.16 sys=0.00, real=0.03 secs] 
2022-06-30T09:28:32.227-0400: 74130.375: [GC (Allocation Failure) [PSYoungGen: 598156K->30455K(598016K)] 2796497K->2229100K(3153920K), 0.0244819 secs] [Times: user=0.15 sys=0.00, real=0.02 secs] 
2022-06-30T09:28:43.250-0400: 74141.398: [GC (Allocation Failure) [PSYoungGen: 597751K->27584K(589312K)] 2796396K->2228050K(3145216K), 0.0227353 secs] [Times: user=0.15 sys=0.00, real=0.02 secs] 
2022-06-30T09:28:58.246-0400: 74156.394: [GC (Allocation Failure) [PSYoungGen: 589248K->33185K(589312K)] 2789714K->2233860K(3145216K), 0.0272847 secs] [Times: user=0.15 sys=0.00, real=0.03 secs] 
2022-06-30T09:29:37.689-0400: 74195.837: [GC (Allocation Failure) [PSYoungGen: 589217K->33791K(584704K)] 2789892K->2234601K(3140608K), 0.0254437 secs] [Times: user=0.17 sys=0.00, real=0.02 secs] 
2022-06-30T09:29:49.318-0400: 74207.466: [GC (Allocation Failure) [PSYoungGen: 584191K->37001K(582656K)] 2785001K->2237985K(3138560K), 0.0258853 secs] [Times: user=0.16 sys=0.00, real=0.03 secs] 
2022-06-30T09:30:30.546-0400: 74248.695: [GC (Allocation Failure) [PSYoungGen: 582281K->39704K(582656K)] 2783265K->2242296K(3138560K), 0.0276219 secs] [Times: user=0.18 sys=0.00, real=0.02 secs] 
2022-06-30T09:30:39.419-0400: 74257.567: [GC (Allocation Failure) [PSYoungGen: 579864K->33589K(568832K)] 2782456K->2236962K(3124736K), 0.0247503 secs] [Times: user=0.15 sys=0.00, real=0.02 secs] 
2022-06-30T09:30:57.514-0400: 74275.662: [GC (Allocation Failure) [PSYoungGen: 568629K->41355K(574976K)] 2772002K->2244895K(3130880K), 0.0332034 secs] [Times: user=0.16 sys=0.00, real=0.03 secs] 
2022-06-30T09:31:18.340-0400: 74296.489: [GC (Allocation Failure) [PSYoungGen: 571275K->40565K(565760K)] 2774815K->2244249K(3121664K), 0.0296759 secs] [Times: user=0.16 sys=0.00, real=0.03 secs] 
2022-06-30T09:31:38.560-0400: 74316.709: [GC (Allocation Failure) [PSYoungGen: 565365K->41693K(568320K)] 2769049K->2245529K(3124224K), 0.0468514 secs] [Times: user=0.28 sys=0.01, real=0.05 secs] 
2022-06-30T09:32:59.195-0400: 74397.344: [GC (Allocation Failure) [PSYoungGen: 561885K->41047K(557056K)] 2765721K->2245035K(3112960K), 0.0369218 secs] [Times: user=0.24 sys=0.00, real=0.04 secs] 
2022-06-30T09:33:11.658-0400: 74409.806: [GC (Allocation Failure) [PSYoungGen: 556631K->39122K(558592K)] 2760619K->2244913K(3114496K), 0.0274534 secs] [Times: user=0.18 sys=0.00, real=0.03 secs] 
2022-06-30T09:33:36.038-0400: 74434.186: [GC (Allocation Failure) [PSYoungGen: 550098K->40239K(546816K)] 2755889K->2248145K(3102720K), 0.0249367 secs] [Times: user=0.17 sys=0.00, real=0.03 secs] 
2022-06-30T09:34:06.000-0400: 74464.148: [GC (Allocation Failure) [PSYoungGen: 546607K->38815K(548864K)] 2754513K->2248875K(3104768K), 0.0252782 secs] [Times: user=0.17 sys=0.00, real=0.02 secs] 
2022-06-30T09:34:28.393-0400: 74486.541: [GC (Allocation Failure) [PSYoungGen: 540575K->39398K(536576K)] 2750635K->2249786K(3092480K), 0.0263355 secs] [Times: user=0.16 sys=0.00, real=0.02 secs] 
2022-06-30T09:35:12.181-0400: 74530.329: [GC (Allocation Failure) [PSYoungGen: 536550K->37379K(538112K)] 2746937K->2250288K(3094016K), 0.0311434 secs] [Times: user=0.20 sys=0.01, real=0.03 secs] 
2022-06-30T09:35:27.820-0400: 74545.968: [GC (Allocation Failure) [PSYoungGen: 529923K->39578K(528384K)] 2742832K->2253400K(3084288K), 0.0252711 secs] [Times: user=0.17 sys=0.00, real=0.02 secs] 
2022-06-30T09:35:37.152-0400: 74555.300: [GC (Allocation Failure) [PSYoungGen: 528026K->39099K(529920K)] 2741848K->2255255K(3085824K), 0.0323906 secs] [Times: user=0.16 sys=0.01, real=0.03 secs] 
2022-06-30T09:35:51.500-0400: 74569.648: [GC (Allocation Failure) [PSYoungGen: 523450K->35532K(516096K)] 2739606K->2253655K(3072000K), 0.0300455 secs] [Times: user=0.20 sys=0.00, real=0.03 secs] 
2022-06-30T09:36:00.467-0400: 74578.615: [GC (Allocation Failure) [PSYoungGen: 515788K->35636K(519168K)] 2733911K->2254273K(3075072K), 0.0259926 secs] [Times: user=0.16 sys=0.00, real=0.02 secs] 
2022-06-30T09:36:26.895-0400: 74605.043: [GC (Allocation Failure) [PSYoungGen: 511796K->35929K(508416K)] 2730433K->2254926K(3064320K), 0.0258385 secs] [Times: user=0.16 sys=0.01, real=0.03 secs] 
2022-06-30T09:36:31.279-0400: 74609.428: [GC (Allocation Failure) [PSYoungGen: 507993K->38974K(510976K)] 2726990K->2258639K(3066880K), 0.0252592 secs] [Times: user=0.16 sys=0.00, real=0.02 secs] 
2022-06-30T09:36:35.124-0400: 74613.272: [GC (Allocation Failure) [PSYoungGen: 506942K->37269K(501248K)] 2726607K->2259088K(3057152K), 0.0490587 secs] [Times: user=0.29 sys=0.00, real=0.05 secs] 
2022-06-30T09:36:37.436-0400: 74615.584: [GC (Allocation Failure) [PSYoungGen: 501141K->35588K(501760K)] 2722960K->2259432K(3057664K), 0.0250087 secs] [Times: user=0.17 sys=0.00, real=0.03 secs] 
2022-06-30T09:36:41.326-0400: 74619.475: [GC (Allocation Failure) [PSYoungGen: 495876K->33904K(491008K)] 2719720K->2259211K(3046912K), 0.0247666 secs] [Times: user=0.16 sys=0.00, real=0.02 secs] 
2022-06-30T09:36:47.444-0400: 74625.592: [GC (Allocation Failure) [PSYoungGen: 490608K->33413K(493568K)] 2715915K->2260131K(3049472K), 0.0244835 secs] [Times: user=0.16 sys=0.00, real=0.02 secs] 
2022-06-30T09:37:00.551-0400: 74638.699: [GC (Allocation Failure) [PSYoungGen: 486533K->33696K(483328K)] 2713251K->2261310K(3039232K), 0.0239092 secs] [Times: user=0.16 sys=0.00, real=0.03 secs] 
2022-06-30T09:37:12.221-0400: 74650.369: [GC (Allocation Failure) [PSYoungGen: 483231K->29987K(486912K)] 2710845K->2262746K(3042816K), 0.0310117 secs] [Times: user=0.24 sys=0.01, real=0.03 secs] 
2022-06-30T09:37:25.684-0400: 74663.833: [GC (Allocation Failure) [PSYoungGen: 475939K->35674K(478208K)] 2708698K->2268829K(3034112K), 0.0258994 secs] [Times: user=0.17 sys=0.01, real=0.03 secs] 
2022-06-30T09:37:31.228-0400: 74669.376: [GC (Allocation Failure) [PSYoungGen: 478042K->42408K(482304K)] 2711197K->2276268K(3038208K), 0.0258612 secs] [Times: user=0.18 sys=0.00, real=0.03 secs] 
2022-06-30T09:37:43.925-0400: 74682.073: [GC (Allocation Failure) [PSYoungGen: 481192K->36683K(472064K)] 2715052K->2274045K(3027968K), 0.0274047 secs] [Times: user=0.18 sys=0.00, real=0.03 secs] 
2022-06-30T09:37:57.830-0400: 74695.978: [GC (Allocation Failure) [PSYoungGen: 471883K->35244K(471040K)] 2709245K->2273291K(3026944K), 0.0234438 secs] [Times: user=0.16 sys=0.00, real=0.03 secs] 
2022-06-30T09:38:02.428-0400: 74700.576: [GC (Allocation Failure) [PSYoungGen: 466860K->34516K(463360K)] 2704907K->2273379K(3019264K), 0.0221682 secs] [Times: user=0.15 sys=0.00, real=0.02 secs] 
2022-06-30T09:38:04.910-0400: 74703.058: [GC (Allocation Failure) [PSYoungGen: 463060K->29605K(466944K)] 2701923K->2273554K(3022848K), 0.0223671 secs] [Times: user=0.15 sys=0.00, real=0.02 secs] 
2022-06-30T09:38:06.676-0400: 74704.825: [GC (Allocation Failure) [PSYoungGen: 455077K->28142K(450560K)] 2699026K->2273322K(3006464K), 0.0225214 secs] [Times: user=0.14 sys=0.00, real=0.02 secs] 
2022-06-30T09:38:09.258-0400: 74707.406: [GC (Allocation Failure) [PSYoungGen: 450542K->24030K(462336K)] 2695722K->2274211K(3018240K), 0.0220036 secs] [Times: user=0.15 sys=0.01, real=0.02 secs] 
2022-06-30T09:38:11.713-0400: 74709.862: [GC (Allocation Failure) [PSYoungGen: 443358K->22469K(438784K)] 2693539K->2275281K(2994688K), 0.0208208 secs] [Times: user=0.13 sys=0.01, real=0.03 secs] 
2022-06-30T09:38:15.492-0400: 74713.640: [GC (Allocation Failure) [PSYoungGen: 438725K->20784K(457216K)] 2691537K->2274083K(3013120K), 0.0202568 secs] [Times: user=0.13 sys=0.00, real=0.02 secs] 
2022-06-30T09:38:17.236-0400: 74715.385: [GC (Allocation Failure) [PSYoungGen: 433965K->20325K(459776K)] 2687265K->2273913K(3015680K), 0.0240725 secs] [Times: user=0.13 sys=0.00, real=0.02 secs] 
2022-06-30T09:38:23.048-0400: 74721.197: [GC (Allocation Failure) [PSYoungGen: 433509K->22385K(432640K)] 2687097K->2276108K(2988544K), 0.0205318 secs] [Times: user=0.13 sys=0.00, real=0.02 secs] 
2022-06-30T09:38:26.188-0400: 74724.336: [GC (Allocation Failure) [PSYoungGen: 432497K->23139K(430592K)] 2686220K->2277884K(2986496K), 0.0230780 secs] [Times: user=0.15 sys=0.00, real=0.02 secs] 
2022-06-30T09:38:28.051-0400: 74726.199: [GC (Allocation Failure) [PSYoungGen: 430179K->23907K(454144K)] 2684924K->2279017K(3010048K), 0.0202687 secs] [Times: user=0.13 sys=0.00, real=0.02 secs] 
2022-06-30T09:38:29.742-0400: 74727.891: [GC (Allocation Failure) [PSYoungGen: 431971K->22489K(453120K)] 2687081K->2278161K(3009024K), 0.0212128 secs] [Times: user=0.13 sys=0.01, real=0.02 secs] 
2022-06-30T09:38:32.910-0400: 74731.058: [GC (Allocation Failure) [PSYoungGen: 430553K->18322K(483840K)] 2686225K->2278414K(3039744K), 0.0198708 secs] [Times: user=0.13 sys=0.00, real=0.02 secs] 
2022-06-30T09:38:40.741-0400: 74738.890: [GC (Allocation Failure) [PSYoungGen: 460173K->13327K(452096K)] 2720265K->2278763K(3008000K), 0.0190117 secs] [Times: user=0.12 sys=0.01, real=0.02 secs] 
2022-06-30T09:38:44.227-0400: 74742.375: [GC (Allocation Failure) [PSYoungGen: 451599K->11134K(477184K)] 2717035K->2278625K(3033088K), 0.0181634 secs] [Times: user=0.12 sys=0.00, real=0.02 secs] 
2022-06-30T09:38:47.074-0400: 74745.222: [GC (Allocation Failure) [PSYoungGen: 445822K->13113K(444416K)] 2713313K->2280764K(3000320K), 0.0194750 secs] [Times: user=0.10 sys=0.00, real=0.02 secs] 
2022-06-30T09:38:55.903-0400: 74754.051: [GC (Allocation Failure) [PSYoungGen: 444217K->15551K(467968K)] 2711868K->2283330K(3023872K), 0.0203780 secs] [Times: user=0.14 sys=0.00, real=0.02 secs] 
2022-06-30T09:39:10.527-0400: 74768.675: [GC (Allocation Failure) [PSYoungGen: 443583K->17179K(442368K)] 2711362K->2285150K(2998272K), 0.0206405 secs] [Times: user=0.13 sys=0.00, real=0.02 secs] 
2022-06-30T09:39:43.321-0400: 74801.469: [GC (Allocation Failure) [PSYoungGen: 442139K->22081K(457728K)] 2710110K->2290164K(3013632K), 0.0264661 secs] [Times: user=0.14 sys=0.00, real=0.02 secs] 
2022-06-30T09:40:01.525-0400: 74819.673: [GC (Allocation Failure) [PSYoungGen: 443969K->23538K(442368K)] 2712052K->2291781K(2998272K), 0.0258197 secs] [Times: user=0.15 sys=0.00, real=0.02 secs] 
2022-06-30T09:40:10.130-0400: 74828.279: [GC (Allocation Failure) [PSYoungGen: 442354K->26631K(452096K)] 2710597K->2295042K(3008000K), 0.0238911 secs] [Times: user=0.14 sys=0.00, real=0.03 secs] 
2022-06-30T09:40:15.638-0400: 74833.787: [GC (Allocation Failure) [PSYoungGen: 442375K->25815K(438784K)] 2710786K->2295626K(2994688K), 0.0212489 secs] [Times: user=0.14 sys=0.01, real=0.02 secs] 
2022-06-30T09:40:23.025-0400: 74841.174: [GC (Allocation Failure) [PSYoungGen: 438487K->28843K(446976K)] 2708298K->2299406K(3002880K), 0.0309703 secs] [Times: user=0.19 sys=0.00, real=0.03 secs] 
2022-06-30T09:40:31.457-0400: 74849.605: [GC (Allocation Failure) [PSYoungGen: 438443K->33097K(439808K)] 2709006K->2304020K(2995712K), 0.0261112 secs] [Times: user=0.16 sys=0.00, real=0.02 secs] 
2022-06-30T09:40:35.122-0400: 74853.270: [GC (Allocation Failure) [PSYoungGen: 439625K->34209K(445440K)] 2710548K->2306044K(3001344K), 0.0238454 secs] [Times: user=0.15 sys=0.00, real=0.02 secs] 
2022-06-30T09:40:39.258-0400: 74857.406: [GC (Allocation Failure) [PSYoungGen: 437665K->34633K(435200K)] 2709500K->2306596K(2991104K), 0.0228957 secs] [Times: user=0.15 sys=0.01, real=0.02 secs] 
2022-06-30T09:40:41.479-0400: 74859.628: [GC (Allocation Failure) [PSYoungGen: 435017K->37421K(442880K)] 2706980K->2309496K(2998784K), 0.0232680 secs] [Times: user=0.17 sys=0.00, real=0.02 secs] 
2022-06-30T09:40:44.036-0400: 74862.184: [GC (Allocation Failure) [PSYoungGen: 434733K->41301K(442368K)] 2706808K->2313520K(2998272K), 0.0290858 secs] [Times: user=0.17 sys=0.00, real=0.03 secs] 
2022-06-30T09:40:46.957-0400: 74865.105: [GC (Allocation Failure) [PSYoungGen: 436053K->45106K(441344K)] 2708272K->2317493K(2997248K), 0.0259514 secs] [Times: user=0.17 sys=0.00, real=0.03 secs] 
2022-06-30T09:40:48.335-0400: 74866.483: [GC (Allocation Failure) [PSYoungGen: 435762K->43674K(445440K)] 2708149K->2316213K(3001344K), 0.0272661 secs] [Times: user=0.15 sys=0.00, real=0.03 secs] 
2022-06-30T09:40:50.056-0400: 74868.204: [GC (Allocation Failure) [PSYoungGen: 434330K->41649K(483840K)] 2706869K->2314516K(3039744K), 0.0286626 secs] [Times: user=0.14 sys=0.06, real=0.03 secs] 
2022-06-30T09:40:51.957-0400: 74870.105: [GC (Allocation Failure) [PSYoungGen: 468145K->46684K(484864K)] 2741012K->2320510K(3040768K), 0.0356449 secs] [Times: user=0.27 sys=0.00, real=0.04 secs] 
2022-06-30T09:40:55.041-0400: 74873.189: [GC (Allocation Failure) [PSYoungGen: 473180K->39571K(527872K)] 2747006K->2320290K(3083776K), 0.0261389 secs] [Times: user=0.15 sys=0.03, real=0.02 secs] 
2022-06-30T09:40:58.476-0400: 74876.624: [GC (Allocation Failure) [PSYoungGen: 509587K->46921K(530432K)] 2790306K->2329483K(3086336K), 0.0256899 secs] [Times: user=0.16 sys=0.00, real=0.03 secs] 
2022-06-30T09:41:01.880-0400: 74880.028: [GC (Allocation Failure) [PSYoungGen: 516937K->33031K(569344K)] 2799499K->2319275K(3125248K), 0.0238806 secs] [Times: user=0.15 sys=0.02, real=0.03 secs] 
2022-06-30T09:41:07.106-0400: 74885.254: [GC (Allocation Failure) [PSYoungGen: 546055K->44093K(573440K)] 2832299K->2330337K(3129344K), 0.0305833 secs] [Times: user=0.18 sys=0.00, real=0.03 secs] 
2022-06-30T09:41:16.078-0400: 74894.226: [GC (Allocation Failure) [PSYoungGen: 557117K->42592K(551424K)] 2843361K->2329324K(3107328K), 0.0301894 secs] [Times: user=0.17 sys=0.03, real=0.03 secs] 
2022-06-30T09:41:36.339-0400: 74914.488: [GC (Allocation Failure) [PSYoungGen: 551008K->41943K(545792K)] 2837740K->2330373K(3101696K), 0.0457031 secs] [Times: user=0.19 sys=0.01, real=0.04 secs] 
2022-06-30T09:41:51.773-0400: 74929.922: [GC (Allocation Failure) [PSYoungGen: 545751K->43513K(542720K)] 2834181K->2332681K(3098624K), 0.0302911 secs] [Times: user=0.16 sys=0.01, real=0.03 secs] 
2022-06-30T09:42:07.721-0400: 74945.869: [GC (Allocation Failure) [PSYoungGen: 542713K->50647K(545280K)] 2831881K->2341239K(3101184K), 0.0313679 secs] [Times: user=0.19 sys=0.01, real=0.03 secs] 
2022-06-30T09:42:23.547-0400: 74961.695: [GC (Allocation Failure) [PSYoungGen: 545239K->48137K(551424K)] 2835831K->2338730K(3107328K), 0.0275161 secs] [Times: user=0.17 sys=0.00, real=0.03 secs] 
2022-06-30T09:42:40.067-0400: 74978.216: [GC (Allocation Failure) [PSYoungGen: 538633K->48269K(535040K)] 2829226K->2339834K(3090944K), 0.0348434 secs] [Times: user=0.21 sys=0.01, real=0.03 secs] 
2022-06-30T09:42:45.922-0400: 74984.071: [GC (Allocation Failure) [PSYoungGen: 534669K->52055K(545792K)] 2826234K->2345649K(3101696K), 0.0359458 secs] [Times: user=0.20 sys=0.00, real=0.04 secs] 
2022-06-30T09:42:57.767-0400: 74995.915: [GC (Allocation Failure) [PSYoungGen: 534359K->47399K(525824K)] 2827953K->2341842K(3081728K), 0.0317315 secs] [Times: user=0.18 sys=0.00, real=0.04 secs] 
2022-06-30T09:43:08.105-0400: 75006.253: [GC (Allocation Failure) [PSYoungGen: 525607K->44940K(532480K)] 2820050K->2340030K(3088384K), 0.0293844 secs] [Times: user=0.18 sys=0.00, real=0.03 secs] 
2022-06-30T09:43:24.727-0400: 75022.875: [GC (Allocation Failure) [PSYoungGen: 519052K->44870K(515072K)] 2814142K->2342241K(3070976K), 0.0324988 secs] [Times: user=0.20 sys=0.00, real=0.03 secs] 
2022-06-30T09:44:30.388-0400: 75088.536: [GC (Allocation Failure) [PSYoungGen: 514886K->44472K(521728K)] 2812257K->2343279K(3077632K), 0.0305664 secs] [Times: user=0.19 sys=0.01, real=0.03 secs] 
2022-06-30T09:45:22.628-0400: 75140.776: [GC (Allocation Failure) [PSYoungGen: 510392K->45751K(507904K)] 2809199K->2345759K(3063808K), 0.0334669 secs] [Times: user=0.20 sys=0.00, real=0.04 secs] 
2022-06-30T09:45:25.416-0400: 75143.564: [GC (Allocation Failure) [PSYoungGen: 507575K->41329K(513024K)] 2807583K->2344000K(3068928K), 0.0246167 secs] [Times: user=0.17 sys=0.00, real=0.03 secs] 
2022-06-30T09:45:27.908-0400: 75146.056: [GC (Allocation Failure) [PSYoungGen: 499569K->41261K(496128K)] 2802240K->2344071K(3052032K), 0.0241198 secs] [Times: user=0.16 sys=0.00, real=0.03 secs] 
2022-06-30T09:45:30.160-0400: 75148.309: [GC (Allocation Failure) [PSYoungGen: 495917K->38417K(504320K)] 2798727K->2347637K(3060224K), 0.0260759 secs] [Times: user=0.18 sys=0.01, real=0.03 secs] 
2022-06-30T09:45:33.629-0400: 75151.778: [GC (Allocation Failure) [PSYoungGen: 489489K->35039K(482816K)] 2798709K->2347890K(3038720K), 0.0231484 secs] [Times: user=0.15 sys=0.00, real=0.03 secs] 
2022-06-30T09:45:37.178-0400: 75155.327: [GC (Allocation Failure) [PSYoungGen: 482527K->31342K(497664K)] 2795378K->2348229K(3053568K), 0.0249900 secs] [Times: user=0.17 sys=0.00, real=0.03 secs] 
2022-06-30T09:45:41.014-0400: 75159.163: [GC (Allocation Failure) [PSYoungGen: 475246K->27166K(467968K)] 2792133K->2349023K(3023872K), 0.0224505 secs] [Times: user=0.15 sys=0.00, real=0.02 secs] 
2022-06-30T09:45:43.687-0400: 75161.835: [GC (Allocation Failure) [PSYoungGen: 467486K->22376K(493568K)] 2789343K->2348800K(3049472K), 0.0231253 secs] [Times: user=0.13 sys=0.01, real=0.02 secs] 
2022-06-30T09:45:47.488-0400: 75165.636: [GC (Allocation Failure) [PSYoungGen: 459112K->22220K(455680K)] 2785536K->2349221K(3011584K), 0.0371620 secs] [Times: user=0.20 sys=0.00, real=0.04 secs] 
2022-06-30T09:45:51.782-0400: 75169.930: [GC (Allocation Failure) [PSYoungGen: 455372K->20816K(485888K)] 2782373K->2348650K(3041792K), 0.0203222 secs] [Times: user=0.13 sys=0.00, real=0.02 secs] 
2022-06-30T09:45:57.855-0400: 75176.003: [GC (Allocation Failure) [PSYoungGen: 450384K->17931K(444928K)] 2778218K->2347693K(3000832K), 0.0197644 secs] [Times: user=0.13 sys=0.00, real=0.02 secs] 
2022-06-30T09:46:00.541-0400: 75178.689: [GC (Allocation Failure) [PSYoungGen: 444427K->16215K(480768K)] 2774189K->2348208K(3036672K), 0.0225728 secs] [Times: user=0.12 sys=0.00, real=0.02 secs] 
2022-06-30T09:46:06.857-0400: 75185.005: [GC (Allocation Failure) [PSYoungGen: 439639K->15544K(436224K)] 2771632K->2348229K(2992128K), 0.0196174 secs] [Times: user=0.11 sys=0.00, real=0.02 secs] 
2022-06-30T09:46:07.605-0400: 75185.753: [GC (Allocation Failure) [PSYoungGen: 435896K->15233K(481280K)] 2768581K->2349419K(3037184K), 0.0181758 secs] [Times: user=0.11 sys=0.00, real=0.02 secs] 
2022-06-30T09:46:15.011-0400: 75193.159: [GC (Allocation Failure) [PSYoungGen: 436097K->9996K(480768K)] 2770283K->2348038K(3036672K), 0.0274516 secs] [Times: user=0.13 sys=0.00, real=0.02 secs] 
2022-06-30T09:47:00.511-0400: 75238.659: [GC (Allocation Failure) [PSYoungGen: 430856K->10546K(437248K)] 2768898K->2349773K(2993152K), 0.0311140 secs] [Times: user=0.19 sys=0.00, real=0.03 secs] 
2022-06-30T09:47:08.301-0400: 75246.449: [GC (Allocation Failure) [PSYoungGen: 428338K->12043K(427008K)] 2767565K->2351390K(2982912K), 0.0222961 secs] [Times: user=0.13 sys=0.00, real=0.02 secs] 
2022-06-30T09:47:29.723-0400: 75267.871: [GC (Allocation Failure) [PSYoungGen: 426763K->17825K(461312K)] 2766110K->2357291K(3017216K), 0.0265454 secs] [Times: user=0.17 sys=0.00, real=0.03 secs] 
2022-06-30T09:47:43.187-0400: 75281.335: [GC (Allocation Failure) [PSYoungGen: 429473K->26190K(435200K)] 2768939K->2365777K(2991104K), 0.0310070 secs] [Times: user=0.16 sys=0.00, real=0.03 secs] 
2022-06-30T09:47:47.585-0400: 75285.733: [GC (Allocation Failure) [PSYoungGen: 434766K->24828K(451584K)] 2774353K->2364527K(3007488K), 0.0215859 secs] [Times: user=0.14 sys=0.00, real=0.02 secs] 
2022-06-30T09:48:02.875-0400: 75301.023: [GC (Allocation Failure) [PSYoungGen: 430332K->28104K(430592K)] 2770031K->2367915K(2986496K), 0.0244391 secs] [Times: user=0.16 sys=0.00, real=0.02 secs] 
2022-06-30T09:48:16.466-0400: 75314.614: [GC (Allocation Failure) [PSYoungGen: 430536K->25883K(442368K)] 2770347K->2365806K(2998272K), 0.0262115 secs] [Times: user=0.14 sys=0.00, real=0.03 secs] 
2022-06-30T09:48:20.728-0400: 75318.877: [GC (Allocation Failure) [PSYoungGen: 425243K->22795K(419328K)] 2765166K->2363326K(2975232K), 0.0204738 secs] [Times: user=0.13 sys=0.01, real=0.02 secs] 
2022-06-30T09:48:24.535-0400: 75322.684: [GC (Allocation Failure) [PSYoungGen: 419083K->28190K(436224K)] 2759614K->2368824K(2992128K), 0.0218428 secs] [Times: user=0.15 sys=0.00, real=0.02 secs] 
2022-06-30T09:48:27.179-0400: 75325.328: [GC (Allocation Failure) [PSYoungGen: 421918K->29568K(420864K)] 2762552K->2370315K(2976768K), 0.0227529 secs] [Times: user=0.14 sys=0.00, real=0.02 secs] 
2022-06-30T09:48:32.916-0400: 75331.065: [GC (Allocation Failure) [PSYoungGen: 420736K->30385K(431104K)] 2761483K->2371235K(2987008K), 0.0248453 secs] [Times: user=0.16 sys=0.00, real=0.03 secs] 
2022-06-30T09:48:34.200-0400: 75332.349: [GC (Allocation Failure) [PSYoungGen: 418993K->40352K(433664K)] 2759843K->2381315K(2989568K), 0.0302645 secs] [Times: user=0.20 sys=0.00, real=0.03 secs] 
2022-06-30T09:48:35.351-0400: 75333.499: [GC (Allocation Failure) [PSYoungGen: 428960K->38189K(469504K)] 2769923K->2379536K(3025408K), 0.0239507 secs] [Times: user=0.15 sys=0.02, real=0.02 secs] 
2022-06-30T09:48:37.646-0400: 75335.794: [GC (Allocation Failure) [PSYoungGen: 459053K->46331K(471552K)] 2800400K->2387749K(3027456K), 0.0252762 secs] [Times: user=0.18 sys=0.00, real=0.03 secs] 
2022-06-30T09:48:40.651-0400: 75338.799: [GC (Allocation Failure) [PSYoungGen: 467195K->50655K(513024K)] 2808613K->2392314K(3068928K), 0.0281896 secs] [Times: user=0.17 sys=0.03, real=0.02 secs] 
2022-06-30T09:48:46.072-0400: 75344.221: [GC (Allocation Failure) [PSYoungGen: 508383K->51959K(518144K)] 2850042K->2394999K(3074048K), 0.0270173 secs] [Times: user=0.20 sys=0.00, real=0.02 secs] 
2022-06-30T09:48:52.055-0400: 75350.204: [GC (Allocation Failure) [PSYoungGen: 509687K->51157K(560640K)] 2852727K->2395785K(3116544K), 0.0267493 secs] [Times: user=0.16 sys=0.04, real=0.03 secs] 
2022-06-30T09:48:59.149-0400: 75357.297: [GC (Allocation Failure) [PSYoungGen: 546773K->50001K(541696K)] 2891401K->2396801K(3097600K), 0.0321681 secs] [Times: user=0.21 sys=0.00, real=0.03 secs] 
2022-06-30T09:49:09.162-0400: 75367.310: [GC (Allocation Failure) [PSYoungGen: 541521K->47063K(554496K)] 2888321K->2395950K(3110400K), 0.0292571 secs] [Times: user=0.19 sys=0.00, real=0.03 secs] 
2022-06-30T09:49:13.391-0400: 75371.540: [GC (Allocation Failure) [PSYoungGen: 534487K->50155K(533504K)] 2883374K->2399506K(3089408K), 0.0306784 secs] [Times: user=0.18 sys=0.00, real=0.03 secs] 
2022-06-30T09:49:46.705-0400: 75404.853: [GC (Allocation Failure) [PSYoungGen: 533483K->50223K(548352K)] 2882834K->2401316K(3104256K), 0.0363532 secs] [Times: user=0.20 sys=0.00, real=0.04 secs] 
2022-06-30T09:50:36.345-0400: 75454.493: [GC (Allocation Failure) [PSYoungGen: 529455K->51436K(526848K)] 2880548K->2403438K(3082752K), 0.0350496 secs] [Times: user=0.24 sys=0.00, real=0.04 secs] 
2022-06-30T09:51:03.735-0400: 75481.883: [GC (Allocation Failure) [PSYoungGen: 526572K->53785K(542720K)] 2878574K->2407131K(3098624K), 0.0302723 secs] [Times: user=0.20 sys=0.00, real=0.03 secs] 
2022-06-30T09:51:22.608-0400: 75500.757: [GC (Allocation Failure) [PSYoungGen: 524825K->53910K(521216K)] 2878171K->2410181K(3077120K), 0.0296860 secs] [Times: user=0.22 sys=0.00, real=0.03 secs] 
2022-06-30T09:51:30.572-0400: 75508.720: [GC (Allocation Failure) [PSYoungGen: 520854K->55651K(537600K)] 2877125K->2415136K(3093504K), 0.0404318 secs] [Times: user=0.22 sys=0.00, real=0.04 secs] 
2022-06-30T09:51:56.135-0400: 75534.283: [GC (Allocation Failure) [PSYoungGen: 518499K->44429K(503808K)] 2877984K->2409623K(3059712K), 0.0281310 secs] [Times: user=0.20 sys=0.00, real=0.03 secs] 
2022-06-30T09:52:08.747-0400: 75546.895: [GC (Allocation Failure) [PSYoungGen: 503693K->43261K(520192K)] 2868887K->2411956K(3076096K), 0.0320788 secs] [Times: user=0.19 sys=0.01, real=0.03 secs] 
2022-06-30T09:52:51.938-0400: 75590.087: [GC (Allocation Failure) [PSYoungGen: 498941K->43002K(495104K)] 2867636K->2415669K(3051008K), 0.0314858 secs] [Times: user=0.22 sys=0.00, real=0.03 secs] 
2022-06-30T09:53:23.250-0400: 75621.398: [GC (Allocation Failure) [PSYoungGen: 495098K->40228K(510976K)] 2867765K->2418152K(3066880K), 0.0302550 secs] [Times: user=0.20 sys=0.00, real=0.03 secs] 
2022-06-30T09:53:50.441-0400: 75648.589: [GC (Allocation Failure) [PSYoungGen: 488740K->40194K(485376K)] 2866664K->2422879K(3041280K), 0.0312659 secs] [Times: user=0.20 sys=0.00, real=0.03 secs] 
2022-06-30T09:54:01.646-0400: 75659.794: [GC (Allocation Failure) [PSYoungGen: 485122K->41600K(499712K)] 2867807K->2425930K(3055616K), 0.0270215 secs] [Times: user=0.20 sys=0.00, real=0.03 secs] 
2022-06-30T09:54:14.751-0400: 75672.899: [GC (Allocation Failure) [PSYoungGen: 482944K->41441K(479232K)] 2867274K->2426090K(3035136K), 0.0274273 secs] [Times: user=0.18 sys=0.00, real=0.03 secs] 
2022-06-30T09:54:38.524-0400: 75696.673: [GC (Allocation Failure) [PSYoungGen: 479201K->45148K(489984K)] 2863850K->2430252K(3045888K), 0.0303763 secs] [Times: user=0.17 sys=0.00, real=0.03 secs] 
2022-06-30T09:54:51.565-0400: 75709.713: [GC (Allocation Failure) [PSYoungGen: 479324K->46825K(477696K)] 2864428K->2432801K(3033600K), 0.0306563 secs] [Times: user=0.19 sys=0.00, real=0.03 secs] 
2022-06-30T09:54:58.890-0400: 75717.038: [GC (Allocation Failure) [PSYoungGen: 477417K->46111K(483840K)] 2863393K->2432396K(3039744K), 0.0289807 secs] [Times: user=0.18 sys=0.00, real=0.03 secs] 
2022-06-30T09:55:17.351-0400: 75735.499: [GC (Allocation Failure) [PSYoungGen: 473631K->45597K(470528K)] 2859916K->2434086K(3026432K), 0.0309249 secs] [Times: user=0.19 sys=0.00, real=0.03 secs] 
2022-06-30T09:55:32.626-0400: 75750.774: [GC (Allocation Failure) [PSYoungGen: 470045K->39718K(476160K)] 2858534K->2432105K(3032064K), 0.0264232 secs] [Times: user=0.16 sys=0.00, real=0.02 secs] 
2022-06-30T09:55:42.006-0400: 75760.155: [GC (Allocation Failure) [PSYoungGen: 461094K->38034K(456704K)] 2853481K->2431573K(3012608K), 0.0256215 secs] [Times: user=0.16 sys=0.00, real=0.02 secs] 
2022-06-30T09:55:48.364-0400: 75766.512: [GC (Allocation Failure) [PSYoungGen: 456338K->39079K(467968K)] 2849877K->2433639K(3023872K), 0.0273105 secs] [Times: user=0.17 sys=0.00, real=0.03 secs] 
2022-06-30T09:55:58.721-0400: 75776.869: [GC (Allocation Failure) [PSYoungGen: 454311K->41546K(454144K)] 2848871K->2438725K(3010048K), 0.0369501 secs] [Times: user=0.26 sys=0.00, real=0.04 secs] 
2022-06-30T09:56:03.968-0400: 75782.116: [GC (Allocation Failure) [PSYoungGen: 453706K->45062K(460800K)] 2850885K->2442801K(3016704K), 0.0290552 secs] [Times: user=0.18 sys=0.00, real=0.02 secs] 
2022-06-30T09:56:09.029-0400: 75787.177: [GC (Allocation Failure) [PSYoungGen: 454150K->43454K(449536K)] 2851889K->2441607K(3005440K), 0.0223454 secs] [Times: user=0.15 sys=0.00, real=0.02 secs] 
2022-06-30T09:56:12.296-0400: 75790.444: [GC (Allocation Failure) [PSYoungGen: 449470K->43394K(452096K)] 2847623K->2443688K(3008000K), 0.0272453 secs] [Times: user=0.17 sys=0.00, real=0.03 secs] 
2022-06-30T09:56:41.119-0400: 75819.267: [GC (Allocation Failure) [PSYoungGen: 446338K->41682K(441856K)] 2846632K->2446809K(2997760K), 0.0334115 secs] [Times: user=0.23 sys=0.01, real=0.03 secs] 
2022-06-30T09:57:04.491-0400: 75842.640: [GC (Allocation Failure) [PSYoungGen: 441554K->40146K(445440K)] 2846681K->2449079K(3001344K), 0.0300147 secs] [Times: user=0.18 sys=0.00, real=0.03 secs] 
2022-06-30T09:57:09.689-0400: 75847.837: [GC (Allocation Failure) [PSYoungGen: 436946K->39546K(434176K)] 2845879K->2450815K(2990080K), 0.0251466 secs] [Times: user=0.16 sys=0.00, real=0.02 secs] 
2022-06-30T09:57:18.727-0400: 75856.875: [GC (Allocation Failure) [PSYoungGen: 433786K->47245K(442880K)] 2845055K->2459258K(2998784K), 0.0299123 secs] [Times: user=0.19 sys=0.00, real=0.03 secs] 
2022-06-30T09:57:24.426-0400: 75862.574: [GC (Allocation Failure) [PSYoungGen: 438925K->45856K(435200K)] 2850938K->2459831K(2991104K), 0.0285699 secs] [Times: user=0.18 sys=0.00, real=0.03 secs] 
2022-06-30T09:57:27.187-0400: 75865.335: [GC (Allocation Failure) [PSYoungGen: 434976K->44961K(436736K)] 2848951K->2460104K(2992640K), 0.0271220 secs] [Times: user=0.16 sys=0.00, real=0.03 secs] 
2022-06-30T09:57:41.796-0400: 75879.944: [GC (Allocation Failure) [PSYoungGen: 431521K->43921K(428032K)] 2846664K->2460229K(2983936K), 0.0351256 secs] [Times: user=0.17 sys=0.00, real=0.03 secs] 
2022-06-30T09:58:29.339-0400: 75927.488: [GC (Allocation Failure) [PSYoungGen: 427921K->45422K(430592K)] 2844229K->2462965K(2986496K), 0.0324041 secs] [Times: user=0.21 sys=0.00, real=0.03 secs] 
2022-06-30T09:58:35.256-0400: 75933.405: [GC (Allocation Failure) [PSYoungGen: 426862K->45511K(424448K)] 2844405K->2464559K(2980352K), 0.0254861 secs] [Times: user=0.18 sys=0.00, real=0.03 secs] 
2022-06-30T09:58:50.299-0400: 75948.448: [GC (Allocation Failure) [PSYoungGen: 424391K->44353K(424448K)] 2843439K->2463837K(2980352K), 0.0320821 secs] [Times: user=0.17 sys=0.00, real=0.03 secs] 
2022-06-30T09:58:57.246-0400: 75955.395: [GC (Allocation Failure) [PSYoungGen: 420673K->41358K(415232K)] 2840157K->2463690K(2971136K), 0.0247405 secs] [Times: user=0.18 sys=0.01, real=0.02 secs] 
2022-06-30T09:59:32.386-0400: 75990.534: [GC (Allocation Failure) [PSYoungGen: 414777K->39577K(419328K)] 2837110K->2465619K(2975232K), 0.0276539 secs] [Times: user=0.20 sys=0.00, real=0.03 secs] 
2022-06-30T09:59:45.046-0400: 76003.194: [GC (Allocation Failure) [PSYoungGen: 410777K->36492K(405504K)] 2836819K->2467234K(2961408K), 0.0265041 secs] [Times: user=0.16 sys=0.01, real=0.03 secs] 
2022-06-30T10:00:09.351-0400: 76027.499: [GC (Allocation Failure) [PSYoungGen: 405132K->37484K(414720K)] 2835874K->2469145K(2970624K), 0.0278743 secs] [Times: user=0.18 sys=0.01, real=0.03 secs] 
2022-06-30T10:00:26.280-0400: 76044.428: [GC (Allocation Failure) [PSYoungGen: 403564K->51170K(414720K)] 2835225K->2484367K(2970624K), 0.0396191 secs] [Times: user=0.23 sys=0.01, real=0.04 secs] 
2022-06-30T10:00:27.167-0400: 76045.315: [GC (Allocation Failure) [PSYoungGen: 414690K->40759K(418304K)] 2847887K->2479464K(2974208K), 0.0250075 secs] [Times: user=0.17 sys=0.01, real=0.03 secs] 
2022-06-30T10:00:28.256-0400: 76046.404: [GC (Allocation Failure) [PSYoungGen: 404791K->29784K(417792K)] 2843496K->2468489K(2973696K), 0.0210365 secs] [Times: user=0.15 sys=0.00, real=0.02 secs] 
2022-06-30T10:00:42.170-0400: 76060.319: [GC (Allocation Failure) [PSYoungGen: 393816K->30423K(446464K)] 2832521K->2471123K(3002368K), 0.0252655 secs] [Times: user=0.12 sys=0.06, real=0.02 secs] 
2022-06-30T10:00:51.848-0400: 76069.996: [GC (Allocation Failure) [PSYoungGen: 425687K->34184K(427008K)] 2866387K->2477106K(2982912K), 0.0293221 secs] [Times: user=0.17 sys=0.00, real=0.03 secs] 
2022-06-30T10:00:56.483-0400: 76074.632: [GC (Allocation Failure) [PSYoungGen: 426888K->30595K(443392K)] 2869810K->2474779K(2999296K), 0.0220557 secs] [Times: user=0.16 sys=0.00, real=0.02 secs] 
2022-06-30T10:01:05.870-0400: 76084.019: [GC (Allocation Failure) [PSYoungGen: 420524K->30253K(418304K)] 2864707K->2475972K(2974208K), 0.0227328 secs] [Times: user=0.16 sys=0.00, real=0.02 secs] 
2022-06-30T10:01:25.617-0400: 76103.766: [GC (Allocation Failure) [PSYoungGen: 417837K->31780K(436224K)] 2863556K->2478432K(2992128K), 0.0280987 secs] [Times: user=0.18 sys=0.00, real=0.02 secs] 
2022-06-30T10:01:30.441-0400: 76108.589: [GC (Allocation Failure) [PSYoungGen: 416804K->33802K(416768K)] 2863456K->2481795K(2972672K), 0.0277498 secs] [Times: user=0.15 sys=0.00, real=0.03 secs] 
2022-06-30T10:01:40.008-0400: 76118.156: [GC (Allocation Failure) [PSYoungGen: 416266K->31093K(429568K)] 2864259K->2479743K(2985472K), 0.0322076 secs] [Times: user=0.17 sys=0.00, real=0.04 secs] 
2022-06-30T10:01:44.508-0400: 76122.657: [GC (Allocation Failure) [PSYoungGen: 410997K->29119K(406528K)] 2859647K->2479076K(2962432K), 0.0269347 secs] [Times: user=0.15 sys=0.00, real=0.03 secs] 
2022-06-30T10:01:50.302-0400: 76128.451: [GC (Allocation Failure) [PSYoungGen: 406463K->23989K(425472K)] 2856420K->2477944K(2981376K), 0.0220218 secs] [Times: user=0.15 sys=0.00, real=0.02 secs] 
2022-06-30T10:01:51.941-0400: 76130.090: [GC (Allocation Failure) [PSYoungGen: 398773K->24693K(397312K)] 2852728K->2480036K(2953216K), 0.0241081 secs] [Times: user=0.14 sys=0.00, real=0.02 secs] 
2022-06-30T10:01:57.133-0400: 76135.282: [GC (Allocation Failure) [PSYoungGen: 396917K->23117K(418816K)] 2852260K->2478772K(2974720K), 0.0204749 secs] [Times: user=0.14 sys=0.00, real=0.02 secs] 
2022-06-30T10:02:00.424-0400: 76138.572: [GC (Allocation Failure) [PSYoungGen: 392781K->23182K(390656K)] 2848436K->2480824K(2946560K), 0.0214632 secs] [Times: user=0.14 sys=0.01, real=0.02 secs] 
2022-06-30T10:02:01.665-0400: 76139.813: [GC (Allocation Failure) [PSYoungGen: 390286K->23236K(419840K)] 2847928K->2482007K(2975744K), 0.0199104 secs] [Times: user=0.13 sys=0.00, real=0.02 secs] 
2022-06-30T10:02:04.713-0400: 76142.861: [GC (Allocation Failure) [PSYoungGen: 390852K->24586K(419328K)] 2849623K->2483420K(2975232K), 0.0224967 secs] [Times: user=0.13 sys=0.00, real=0.02 secs] 
2022-06-30T10:02:12.606-0400: 76150.755: [GC (Allocation Failure) [PSYoungGen: 392202K->25696K(391168K)] 2851036K->2484866K(2947072K), 0.0261353 secs] [Times: user=0.14 sys=0.00, real=0.02 secs] 
2022-06-30T10:02:23.341-0400: 76161.490: [GC (Allocation Failure) [PSYoungGen: 390752K->28500K(391168K)] 2849922K->2488527K(2947072K), 0.0321015 secs] [Times: user=0.15 sys=0.00, real=0.03 secs] 
2022-06-30T10:02:29.202-0400: 76167.351: [GC (Allocation Failure) [PSYoungGen: 390996K->24985K(402944K)] 2851023K->2488255K(2958848K), 0.0216559 secs] [Times: user=0.15 sys=0.00, real=0.02 secs] 
2022-06-30T10:02:39.495-0400: 76177.644: [GC (Allocation Failure) [PSYoungGen: 384538K->25719K(384000K)] 2847809K->2489213K(2939904K), 0.0231675 secs] [Times: user=0.14 sys=0.00, real=0.03 secs] 
2022-06-30T10:03:00.047-0400: 76198.195: [GC (Allocation Failure) [PSYoungGen: 383607K->25146K(397312K)] 2847101K->2489167K(2953216K), 0.0215642 secs] [Times: user=0.14 sys=0.00, real=0.02 secs] 
2022-06-30T10:03:05.657-0400: 76203.806: [GC (Allocation Failure) [PSYoungGen: 380986K->24209K(378368K)] 2845007K->2490211K(2934272K), 0.0210878 secs] [Times: user=0.14 sys=0.01, real=0.02 secs] 
2022-06-30T10:03:08.086-0400: 76206.235: [GC (Allocation Failure) [PSYoungGen: 377801K->19669K(393216K)] 2843803K->2490554K(2949120K), 0.0206146 secs] [Times: user=0.14 sys=0.00, real=0.02 secs] 
2022-06-30T10:03:09.953-0400: 76208.101: [GC (Allocation Failure) [PSYoungGen: 371413K->21219K(371200K)] 2842298K->2492648K(2927104K), 0.0203030 secs] [Times: user=0.13 sys=0.00, real=0.02 secs] 
2022-06-30T10:03:26.648-0400: 76224.796: [GC (Allocation Failure) [PSYoungGen: 370915K->19248K(387584K)] 2842344K->2491743K(2943488K), 0.0235790 secs] [Times: user=0.15 sys=0.00, real=0.02 secs] 
2022-06-30T10:03:29.906-0400: 76228.055: [GC (Allocation Failure) [PSYoungGen: 366896K->16582K(362496K)] 2839391K->2489611K(2918400K), 0.0190434 secs] [Times: user=0.12 sys=0.00, real=0.02 secs] 
2022-06-30T10:03:34.626-0400: 76232.775: [GC (Allocation Failure) [PSYoungGen: 362182K->15303K(384000K)] 2835211K->2489740K(2939904K), 0.0190111 secs] [Times: user=0.12 sys=0.00, real=0.01 secs] 
2022-06-30T10:04:02.417-0400: 76260.566: [GC (Allocation Failure) [PSYoungGen: 358855K->16603K(358400K)] 2833292K->2491243K(2914304K), 0.0211202 secs] [Times: user=0.14 sys=0.00, real=0.02 secs] 
2022-06-30T10:04:07.634-0400: 76265.783: [GC (Allocation Failure) [PSYoungGen: 358107K->19265K(376832K)] 2832747K->2494113K(2932736K), 0.0186687 secs] [Times: user=0.12 sys=0.00, real=0.02 secs] 
2022-06-30T10:04:11.706-0400: 76269.855: [GC (Allocation Failure) [PSYoungGen: 358721K->18891K(356352K)] 2833569K->2494939K(2912256K), 0.0204827 secs] [Times: user=0.13 sys=0.01, real=0.02 secs] 
2022-06-30T10:04:14.401-0400: 76272.550: [GC (Allocation Failure) [PSYoungGen: 356299K->19595K(370688K)] 2832347K->2495792K(2926592K), 0.0192864 secs] [Times: user=0.12 sys=0.00, real=0.02 secs] 
2022-06-30T10:04:17.105-0400: 76275.253: [GC (Allocation Failure) [PSYoungGen: 354955K->16559K(350208K)] 2831152K->2495680K(2906112K), 0.0191253 secs] [Times: user=0.12 sys=0.00, real=0.02 secs] 
2022-06-30T10:04:25.476-0400: 76283.624: [GC (Allocation Failure) [PSYoungGen: 349871K->12969K(366080K)] 2828992K->2495064K(2921984K), 0.0207387 secs] [Times: user=0.12 sys=0.00, real=0.02 secs] 
2022-06-30T10:04:42.662-0400: 76300.811: [GC (Allocation Failure) [PSYoungGen: 344233K->12818K(342528K)] 2826328K->2495313K(2898432K), 0.0200242 secs] [Times: user=0.12 sys=0.00, real=0.02 secs] 
2022-06-30T10:04:46.900-0400: 76305.048: [GC (Allocation Failure) [PSYoungGen: 342034K->19942K(358400K)] 2824529K->2502701K(2914304K), 0.0265878 secs] [Times: user=0.13 sys=0.00, real=0.02 secs] 
2022-06-30T10:05:27.586-0400: 76345.735: [GC (Allocation Failure) [PSYoungGen: 347110K->17346K(342528K)] 2829869K->2500425K(2898432K), 0.0206446 secs] [Times: user=0.13 sys=0.00, real=0.02 secs] 
2022-06-30T10:05:36.067-0400: 76354.215: [GC (Allocation Failure) [PSYoungGen: 342466K->17252K(353280K)] 2825545K->2500771K(2909184K), 0.0220383 secs] [Times: user=0.12 sys=0.01, real=0.02 secs] 
2022-06-30T10:06:05.780-0400: 76383.929: [GC (Allocation Failure) [PSYoungGen: 340324K->17315K(338432K)] 2823843K->2501193K(2894336K), 0.0202043 secs] [Times: user=0.13 sys=0.00, real=0.02 secs] 
2022-06-30T10:06:19.616-0400: 76397.765: [GC (Allocation Failure) [PSYoungGen: 338339K->19451K(347136K)] 2822217K->2503561K(2903040K), 0.0239222 secs] [Times: user=0.13 sys=0.00, real=0.02 secs] 
2022-06-30T10:07:54.480-0400: 76492.629: [GC (Allocation Failure) [PSYoungGen: 338427K->27760K(348672K)] 2822537K->2512815K(2904576K), 0.0265307 secs] [Times: user=0.19 sys=0.00, real=0.03 secs] 
2022-06-30T10:08:13.770-0400: 76511.919: [GC (Allocation Failure) [PSYoungGen: 345200K->27477K(349184K)] 2830255K->2512661K(2905088K), 0.0259046 secs] [Times: user=0.14 sys=0.00, real=0.02 secs] 
2022-06-30T10:08:26.520-0400: 76524.669: [GC (Allocation Failure) [PSYoungGen: 343381K->24341K(338944K)] 2828565K->2509941K(2894848K), 0.0200230 secs] [Times: user=0.13 sys=0.00, real=0.02 secs] 
2022-06-30T10:08:35.019-0400: 76533.168: [GC (Allocation Failure) [PSYoungGen: 338709K->26970K(347136K)] 2824309K->2513394K(2903040K), 0.0241994 secs] [Times: user=0.15 sys=0.00, real=0.03 secs] 
2022-06-30T10:09:37.308-0400: 76595.456: [GC (Allocation Failure) [PSYoungGen: 339802K->27058K(338432K)] 2826226K->2513717K(2894336K), 0.0244050 secs] [Times: user=0.18 sys=0.00, real=0.03 secs] 
2022-06-30T10:10:01.746-0400: 76619.895: [GC (Allocation Failure) [PSYoungGen: 338354K->28271K(345600K)] 2825013K->2515251K(2901504K), 0.0254105 secs] [Times: user=0.16 sys=0.00, real=0.02 secs] 
2022-06-30T10:10:15.506-0400: 76633.655: [GC (Allocation Failure) [PSYoungGen: 338031K->29086K(337408K)] 2825011K->2516263K(2893312K), 0.0236691 secs] [Times: user=0.17 sys=0.00, real=0.03 secs] 
2022-06-30T10:10:41.751-0400: 76659.899: [GC (Allocation Failure) [PSYoungGen: 337310K->33696K(344064K)] 2824487K->2521543K(2899968K), 0.0258490 secs] [Times: user=0.19 sys=0.00, real=0.03 secs] 
2022-06-30T10:10:53.737-0400: 76671.885: [GC (Allocation Failure) [PSYoungGen: 339872K->33866K(344576K)] 2827719K->2522564K(2900480K), 0.0242303 secs] [Times: user=0.17 sys=0.00, real=0.02 secs] 
2022-06-30T10:11:22.504-0400: 76700.652: [GC (Allocation Failure) [PSYoungGen: 338506K->32564K(345088K)] 2827204K->2522351K(2900992K), 0.0259803 secs] [Times: user=0.17 sys=0.00, real=0.03 secs] 
2022-06-30T10:11:43.983-0400: 76722.132: [GC (Allocation Failure) [PSYoungGen: 335668K->33073K(334848K)] 2825455K->2523380K(2890752K), 0.0270560 secs] [Times: user=0.20 sys=0.00, real=0.03 secs] 
2022-06-30T10:11:48.490-0400: 76726.639: [GC (Allocation Failure) [PSYoungGen: 334641K->31591K(342528K)] 2824948K->2523967K(2898432K), 0.0244558 secs] [Times: user=0.15 sys=0.00, real=0.03 secs] 
2022-06-30T10:11:53.099-0400: 76731.248: [GC (Allocation Failure) [PSYoungGen: 331623K->35513K(342528K)] 2823999K->2527977K(2898432K), 0.0246215 secs] [Times: user=0.16 sys=0.00, real=0.03 secs] 
2022-06-30T10:12:30.026-0400: 76768.174: [GC (Allocation Failure) [PSYoungGen: 334009K->32424K(339968K)] 2826473K->2527108K(2895872K), 0.0304484 secs] [Times: user=0.19 sys=0.01, real=0.03 secs] 
2022-06-30T10:12:54.062-0400: 76792.211: [GC (Allocation Failure) [PSYoungGen: 329384K->31258K(327168K)] 2824068K->2526944K(2883072K), 0.0268693 secs] [Times: user=0.17 sys=0.00, real=0.02 secs] 
2022-06-30T10:13:19.186-0400: 76817.335: [GC (Allocation Failure) [PSYoungGen: 326682K->29667K(334848K)] 2822368K->2526578K(2890752K), 0.0233139 secs] [Times: user=0.15 sys=0.00, real=0.02 secs] 
2022-06-30T10:13:20.160-0400: 76818.309: [GC (Allocation Failure) [PSYoungGen: 323555K->32044K(324608K)] 2820466K->2529812K(2880512K), 0.0231369 secs] [Times: user=0.16 sys=0.00, real=0.02 secs] 
2022-06-30T10:13:36.926-0400: 76835.075: [GC (Allocation Failure) [PSYoungGen: 324396K->38625K(333312K)] 2822164K->2537305K(2889216K), 0.0285037 secs] [Times: user=0.17 sys=0.00, real=0.03 secs] 
2022-06-30T10:13:40.912-0400: 76839.061: [GC (Allocation Failure) [PSYoungGen: 328929K->40979K(333824K)] 2827609K->2540198K(2889728K), 0.0288659 secs] [Times: user=0.17 sys=0.00, real=0.03 secs] 
2022-06-30T10:13:53.711-0400: 76851.859: [GC (Allocation Failure) [PSYoungGen: 329747K->34968K(333312K)] 2828966K->2535977K(2889216K), 0.0308127 secs] [Times: user=0.16 sys=0.00, real=0.03 secs] 
2022-06-30T10:14:22.317-0400: 76880.466: [GC (Allocation Failure) [PSYoungGen: 322200K->38567K(324608K)] 2823209K->2541196K(2880512K), 0.0291233 secs] [Times: user=0.18 sys=0.00, real=0.03 secs] 
2022-06-30T10:14:49.452-0400: 76907.600: [GC (Allocation Failure) [PSYoungGen: 324263K->35525K(330240K)] 2826892K->2540765K(2886144K), 0.0261482 secs] [Times: user=0.19 sys=0.00, real=0.03 secs] 
2022-06-30T10:15:08.618-0400: 76926.767: [GC (Allocation Failure) [PSYoungGen: 319685K->32210K(314880K)] 2824925K->2542319K(2870784K), 0.0287452 secs] [Times: user=0.18 sys=0.00, real=0.03 secs] 
2022-06-30T10:15:10.395-0400: 76928.544: [GC (Allocation Failure) [PSYoungGen: 314832K->33267K(324096K)] 2824942K->2544073K(2880000K), 0.0208931 secs] [Times: user=0.14 sys=0.00, real=0.02 secs] 
2022-06-30T10:15:14.973-0400: 76933.122: [GC (Allocation Failure) [PSYoungGen: 314355K->35444K(315392K)] 2825161K->2547035K(2871296K), 0.0216366 secs] [Times: user=0.14 sys=0.00, real=0.02 secs] 
2022-06-30T10:15:20.464-0400: 76938.613: [GC (Allocation Failure) [PSYoungGen: 314996K->33322K(319488K)] 2826587K->2547398K(2875392K), 0.0228370 secs] [Times: user=0.15 sys=0.00, real=0.02 secs] 
2022-06-30T10:15:23.645-0400: 76941.793: [GC (Allocation Failure) [PSYoungGen: 311338K->31934K(308736K)] 2825414K->2547607K(2864640K), 0.0256947 secs] [Times: user=0.14 sys=0.00, real=0.02 secs] 
2022-06-30T10:15:34.310-0400: 76952.458: [GC (Allocation Failure) [PSYoungGen: 308414K->33475K(314880K)] 2824087K->2550779K(2870784K), 0.0221279 secs] [Times: user=0.15 sys=0.00, real=0.02 secs] 
2022-06-30T10:16:00.363-0400: 76978.511: [GC (Allocation Failure) [PSYoungGen: 308419K->34461K(308224K)] 2825723K->2554316K(2864128K), 0.0323265 secs] [Times: user=0.18 sys=0.01, real=0.03 secs] 
2022-06-30T10:16:06.315-0400: 76984.464: [GC (Allocation Failure) [PSYoungGen: 307869K->29192K(313344K)] 2827724K->2550633K(2869248K), 0.0239130 secs] [Times: user=0.16 sys=0.01, real=0.02 secs] 
2022-06-30T10:16:14.312-0400: 76992.461: [GC (Allocation Failure) [PSYoungGen: 301576K->29088K(300544K)] 2823017K->2550857K(2856448K), 0.0203529 secs] [Times: user=0.14 sys=0.00, real=0.02 secs] 
2022-06-30T10:16:20.259-0400: 76998.408: [GC (Allocation Failure) [PSYoungGen: 300448K->27878K(310784K)] 2822217K->2553332K(2866688K), 0.0224941 secs] [Times: user=0.15 sys=0.00, real=0.02 secs] 
2022-06-30T10:16:26.057-0400: 77004.206: [GC (Allocation Failure) [PSYoungGen: 298214K->29523K(299008K)] 2823668K->2555947K(2854912K), 0.0219410 secs] [Times: user=0.14 sys=0.00, real=0.02 secs] 
2022-06-30T10:16:29.153-0400: 77007.302: [GC (Allocation Failure) [PSYoungGen: 298835K->29403K(307200K)] 2825259K->2556444K(2863104K), 0.0220727 secs] [Times: user=0.15 sys=0.00, real=0.03 secs] 
2022-06-30T10:16:31.562-0400: 77009.710: [GC (Allocation Failure) [PSYoungGen: 297691K->27825K(308736K)] 2824732K->2555163K(2864640K), 0.0287699 secs] [Times: user=0.15 sys=0.00, real=0.03 secs] 
2022-06-30T10:16:33.976-0400: 77012.125: [GC (Allocation Failure) [PSYoungGen: 296113K->27852K(309248K)] 2823451K->2557865K(2865152K), 0.0275136 secs] [Times: user=0.16 sys=0.00, real=0.02 secs] 
2022-06-30T10:16:37.364-0400: 77015.513: [GC (Allocation Failure) [PSYoungGen: 297164K->25467K(309248K)] 2827177K->2557604K(2865152K), 0.0242568 secs] [Times: user=0.14 sys=0.01, real=0.03 secs] 
2022-06-30T10:16:41.403-0400: 77019.551: [GC (Allocation Failure) [PSYoungGen: 294779K->28581K(309760K)] 2826916K->2560878K(2865664K), 0.0327468 secs] [Times: user=0.19 sys=0.00, real=0.04 secs] 
2022-06-30T10:16:43.250-0400: 77021.399: [GC (Allocation Failure) [PSYoungGen: 298405K->28489K(309248K)] 2830702K->2562583K(2865152K), 0.0303657 secs] [Times: user=0.19 sys=0.01, real=0.03 secs] 
2022-06-30T10:16:46.685-0400: 77024.833: [GC (Allocation Failure) [PSYoungGen: 298313K->24497K(330752K)] 2832407K->2562076K(2886656K), 0.0236745 secs] [Times: user=0.13 sys=0.00, real=0.03 secs] 
2022-06-30T10:16:52.185-0400: 77030.334: [GC (Allocation Failure) [PSYoungGen: 317873K->23928K(315904K)] 2855452K->2561587K(2871808K), 0.0201344 secs] [Times: user=0.13 sys=0.00, real=0.02 secs] 
2022-06-30T10:16:57.944-0400: 77036.093: [GC (Allocation Failure) [PSYoungGen: 315768K->23471K(326656K)] 2853427K->2561780K(2882560K), 0.0222616 secs] [Times: user=0.14 sys=0.00, real=0.02 secs] 
2022-06-30T10:17:02.256-0400: 77040.405: [GC (Allocation Failure) [PSYoungGen: 313775K->18345K(307200K)] 2852084K->2560212K(2863104K), 0.0204180 secs] [Times: user=0.13 sys=0.00, real=0.02 secs] 
2022-06-30T10:17:03.487-0400: 77041.636: [GC (Allocation Failure) [PSYoungGen: 307113K->20912K(328192K)] 2848980K->2564704K(2884096K), 0.0201010 secs] [Times: user=0.13 sys=0.01, real=0.02 secs] 
2022-06-30T10:17:06.679-0400: 77044.828: [GC (Allocation Failure) [PSYoungGen: 309680K->19499K(328192K)] 2853472K->2563718K(2884096K), 0.0215118 secs] [Times: user=0.13 sys=0.00, real=0.02 secs] 
2022-06-30T10:17:09.665-0400: 77047.814: [GC (Allocation Failure) [PSYoungGen: 308267K->19372K(350720K)] 2852486K->2564040K(2906624K), 0.0255699 secs] [Times: user=0.12 sys=0.01, real=0.03 secs] 
2022-06-30T10:17:16.652-0400: 77054.801: [GC (Allocation Failure) [PSYoungGen: 331692K->20595K(331776K)] 2876360K->2565623K(2887680K), 0.0262538 secs] [Times: user=0.13 sys=0.00, real=0.02 secs] 
2022-06-30T10:17:21.127-0400: 77059.275: [GC (Allocation Failure) [PSYoungGen: 331379K->19328K(345088K)] 2876407K->2565996K(2900992K), 0.0202807 secs] [Times: user=0.13 sys=0.00, real=0.02 secs] 
2022-06-30T10:17:27.886-0400: 77066.035: [GC (Allocation Failure) [PSYoungGen: 328576K->18115K(326144K)] 2875244K->2566703K(2882048K), 0.0209257 secs] [Times: user=0.13 sys=0.01, real=0.02 secs] 
2022-06-30T10:17:30.873-0400: 77069.021: [GC (Allocation Failure) [PSYoungGen: 325827K->18552K(341504K)] 2874415K->2567808K(2897408K), 0.0218849 secs] [Times: user=0.12 sys=0.00, real=0.03 secs] 
2022-06-30T10:17:37.206-0400: 77075.355: [GC (Allocation Failure) [PSYoungGen: 324728K->16174K(321024K)] 2873984K->2565654K(2876928K), 0.0194239 secs] [Times: user=0.13 sys=0.00, real=0.02 secs] 
2022-06-30T10:17:39.540-0400: 77077.689: [GC (Allocation Failure) [PSYoungGen: 320814K->16351K(338432K)] 2870294K->2566055K(2894336K), 0.0189314 secs] [Times: user=0.12 sys=0.00, real=0.02 secs] 
2022-06-30T10:17:46.927-0400: 77085.076: [GC (Allocation Failure) [PSYoungGen: 319455K->14875K(316928K)] 2869159K->2565793K(2872832K), 0.0205822 secs] [Times: user=0.14 sys=0.00, real=0.02 secs] 
2022-06-30T10:17:57.155-0400: 77095.303: [GC (Allocation Failure) [PSYoungGen: 316443K->14656K(333824K)] 2867361K->2566435K(2889728K), 0.0198277 secs] [Times: user=0.13 sys=0.00, real=0.02 secs] 
2022-06-30T10:18:01.233-0400: 77099.382: [GC (Allocation Failure) [PSYoungGen: 314688K->13662K(312320K)] 2866467K->2565910K(2868224K), 0.0190412 secs] [Times: user=0.12 sys=0.01, real=0.02 secs] 
2022-06-30T10:18:09.092-0400: 77107.240: [GC (Allocation Failure) [PSYoungGen: 312158K->15107K(329216K)] 2864406K->2567724K(2885120K), 0.0201124 secs] [Times: user=0.13 sys=0.00, real=0.02 secs] 
2022-06-30T10:18:14.064-0400: 77112.213: [GC (Allocation Failure) [PSYoungGen: 312067K->11624K(307200K)] 2864684K->2567213K(2863104K), 0.0197237 secs] [Times: user=0.13 sys=0.00, real=0.02 secs] 
2022-06-30T10:18:14.084-0400: 77112.232: [Full GC (Ergonomics) [PSYoungGen: 11624K->0K(307200K)] [ParOldGen: 2555588K->642749K(3279360K)] 2567213K->642749K(3586560K), [Metaspace: 274604K->273547K(1298432K)], 1.3823483 secs] [Times: user=5.99 sys=0.26, real=1.38 secs] 
2022-06-30T10:18:23.916-0400: 77122.065: [GC (Allocation Failure) [PSYoungGen: 295424K->5329K(329728K)] 938173K->648078K(3609088K), 0.0145425 secs] [Times: user=0.09 sys=0.00, real=0.02 secs] 
2022-06-30T10:18:26.828-0400: 77124.976: [GC (Allocation Failure) [PSYoungGen: 300241K->7435K(330240K)] 942990K->650185K(3609600K), 0.0124321 secs] [Times: user=0.07 sys=0.01, real=0.01 secs] 
2022-06-30T10:18:30.379-0400: 77128.527: [GC (Allocation Failure) [PSYoungGen: 302347K->8011K(346112K)] 945097K->650760K(3625472K), 0.0129508 secs] [Times: user=0.08 sys=0.00, real=0.01 secs] 
2022-06-30T10:18:32.808-0400: 77130.957: [GC (Allocation Failure) [PSYoungGen: 319819K->15100K(346624K)] 962568K->657850K(3625984K), 0.0145180 secs] [Times: user=0.09 sys=0.00, real=0.02 secs] 
2022-06-30T10:18:36.897-0400: 77135.046: [GC (Allocation Failure) [PSYoungGen: 326908K->14839K(360448K)] 969658K->657588K(3639808K), 0.0166145 secs] [Times: user=0.08 sys=0.01, real=0.02 secs] 
2022-06-30T10:18:41.393-0400: 77139.542: [GC (Allocation Failure) [PSYoungGen: 346103K->25432K(362496K)] 988852K->668182K(3641856K), 0.0204298 secs] [Times: user=0.11 sys=0.00, real=0.02 secs] 
2022-06-30T10:18:48.196-0400: 77146.344: [GC (Allocation Failure) [PSYoungGen: 356696K->23677K(384512K)] 999446K->666427K(3663872K), 0.0187945 secs] [Times: user=0.11 sys=0.02, real=0.01 secs] 
2022-06-30T10:18:49.615-0400: 77147.764: [GC (Allocation Failure) [PSYoungGen: 374909K->22922K(385536K)] 1017659K->665672K(3664896K), 0.0296704 secs] [Times: user=0.18 sys=0.01, real=0.02 secs] 
2022-06-30T10:18:56.069-0400: 77154.217: [GC (Allocation Failure) [PSYoungGen: 374154K->25154K(415232K)] 1016904K->667903K(3694592K), 0.0194033 secs] [Times: user=0.12 sys=0.01, real=0.02 secs] 
2022-06-30T10:18:58.412-0400: 77156.560: [GC (Allocation Failure) [PSYoungGen: 406594K->28380K(417280K)] 1049343K->671129K(3696640K), 0.0198782 secs] [Times: user=0.11 sys=0.00, real=0.02 secs] 
2022-06-30T10:19:03.616-0400: 77161.765: [GC (Allocation Failure) [PSYoungGen: 409820K->29023K(451072K)] 1052569K->671772K(3730432K), 0.0232036 secs] [Times: user=0.11 sys=0.02, real=0.03 secs] 
2022-06-30T10:19:06.118-0400: 77164.267: [GC (Allocation Failure) [PSYoungGen: 442207K->33845K(452608K)] 1084956K->676594K(3731968K), 0.0229271 secs] [Times: user=0.12 sys=0.01, real=0.02 secs] 
2022-06-30T10:19:12.962-0400: 77171.110: [GC (Allocation Failure) [PSYoungGen: 447029K->30243K(489472K)] 1089778K->672992K(3768832K), 0.0240108 secs] [Times: user=0.11 sys=0.03, real=0.02 secs] 
2022-06-30T10:19:15.635-0400: 77173.783: [GC (Allocation Failure) [PSYoungGen: 477219K->31950K(491008K)] 1119968K->674700K(3770368K), 0.0170848 secs] [Times: user=0.11 sys=0.01, real=0.02 secs] 
2022-06-30T10:19:21.989-0400: 77180.138: [GC (Allocation Failure) [PSYoungGen: 478926K->32382K(524800K)] 1121676K->675132K(3804160K), 0.0204697 secs] [Times: user=0.13 sys=0.01, real=0.02 secs] 
2022-06-30T10:19:27.418-0400: 77185.567: [GC (Allocation Failure) [PSYoungGen: 513150K->37084K(526848K)] 1155900K->680341K(3806208K), 0.0222630 secs] [Times: user=0.12 sys=0.00, real=0.02 secs] 
2022-06-30T10:19:37.152-0400: 77195.301: [GC (Allocation Failure) [PSYoungGen: 517852K->35382K(560128K)] 1161109K->678935K(3839488K), 0.0211288 secs] [Times: user=0.12 sys=0.03, real=0.02 secs] 
2022-06-30T10:19:46.080-0400: 77204.229: [GC (Allocation Failure) [PSYoungGen: 547382K->40077K(562176K)] 1190935K->684527K(3841536K), 0.0208191 secs] [Times: user=0.13 sys=0.00, real=0.02 secs] 
2022-06-30T10:19:55.963-0400: 77214.111: [GC (Allocation Failure) [PSYoungGen: 552077K->40466K(593408K)] 1196527K->687203K(3872768K), 0.0262117 secs] [Times: user=0.15 sys=0.02, real=0.03 secs] 
2022-06-30T10:20:08.783-0400: 77226.932: [GC (Allocation Failure) [PSYoungGen: 581138K->36414K(595456K)] 1227875K->685287K(3874816K), 0.0212125 secs] [Times: user=0.13 sys=0.00, real=0.02 secs] 
2022-06-30T10:20:17.664-0400: 77235.813: [GC (Allocation Failure) [PSYoungGen: 577086K->32312K(616448K)] 1225959K->683867K(3895808K), 0.0205077 secs] [Times: user=0.13 sys=0.02, real=0.02 secs] 
2022-06-30T10:20:23.944-0400: 77242.093: [GC (Allocation Failure) [PSYoungGen: 599096K->30489K(620032K)] 1250651K->682852K(3899392K), 0.0261269 secs] [Times: user=0.13 sys=0.00, real=0.03 secs] 
2022-06-30T10:20:30.453-0400: 77248.602: [GC (Allocation Failure) [PSYoungGen: 597273K->28465K(644608K)] 1249636K->681186K(3923968K), 0.0203411 secs] [Times: user=0.10 sys=0.01, real=0.02 secs] 
2022-06-30T10:20:35.447-0400: 77253.596: [GC (Allocation Failure) [PSYoungGen: 624945K->32230K(646144K)] 1277666K->688065K(3925504K), 0.0256335 secs] [Times: user=0.13 sys=0.00, real=0.03 secs] 
2022-06-30T10:20:51.966-0400: 77270.115: [GC (Allocation Failure) [PSYoungGen: 628710K->40797K(676352K)] 1284545K->696777K(3955712K), 0.0338761 secs] [Times: user=0.14 sys=0.01, real=0.03 secs] 
2022-06-30T10:21:10.306-0400: 77288.455: [GC (Allocation Failure) [PSYoungGen: 669021K->36344K(678912K)] 1325001K->692931K(3958272K), 0.0284154 secs] [Times: user=0.14 sys=0.00, real=0.02 secs] 
2022-06-30T10:21:19.416-0400: 77297.565: [GC (Allocation Failure) [PSYoungGen: 664568K->43724K(706560K)] 1321155K->700982K(3985920K), 0.0271080 secs] [Times: user=0.15 sys=0.02, real=0.03 secs] 
2022-06-30T10:21:29.713-0400: 77307.862: [GC (Allocation Failure) [PSYoungGen: 699596K->45447K(709120K)] 1356854K->703790K(3988480K), 0.0250393 secs] [Times: user=0.16 sys=0.01, real=0.02 secs] 
2022-06-30T10:21:36.113-0400: 77314.261: [GC (Allocation Failure) [PSYoungGen: 701319K->39385K(742912K)] 1359662K->700957K(4022272K), 0.0362374 secs] [Times: user=0.17 sys=0.02, real=0.03 secs] 
2022-06-30T10:21:48.985-0400: 77327.134: [GC (Allocation Failure) [PSYoungGen: 726489K->43664K(742400K)] 1388061K->705933K(4021760K), 0.0275800 secs] [Times: user=0.15 sys=0.00, real=0.03 secs] 
2022-06-30T10:22:05.798-0400: 77343.947: [GC (Allocation Failure) [PSYoungGen: 730768K->41694K(774144K)] 1393037K->704570K(4053504K), 0.0309254 secs] [Times: user=0.13 sys=0.04, real=0.03 secs] 
2022-06-30T10:22:42.460-0400: 77380.608: [GC (Allocation Failure) [PSYoungGen: 761566K->40560K(776704K)] 1424442K->705880K(4056064K), 0.0298310 secs] [Times: user=0.16 sys=0.01, real=0.03 secs] 
2022-06-30T10:23:29.373-0400: 77427.522: [GC (Allocation Failure) [PSYoungGen: 760432K->49926K(801280K)] 1425752K->716271K(4080640K), 0.0323189 secs] [Times: user=0.18 sys=0.02, real=0.03 secs] 
2022-06-30T10:23:59.437-0400: 77457.585: [GC (Allocation Failure) [PSYoungGen: 794886K->48762K(804352K)] 1461231K->718569K(4083712K), 0.0299072 secs] [Times: user=0.17 sys=0.00, real=0.03 secs] 
2022-06-30T10:24:34.803-0400: 77492.952: [GC (Allocation Failure) [PSYoungGen: 793722K->49898K(827904K)] 1463529K->720182K(4107264K), 0.0369790 secs] [Times: user=0.17 sys=0.01, real=0.04 secs] 
2022-06-30T10:25:17.542-0400: 77535.691: [GC (Allocation Failure) [PSYoungGen: 816362K->44244K(829440K)] 1486646K->715073K(4108800K), 0.0262847 secs] [Times: user=0.16 sys=0.00, real=0.03 secs] 
2022-06-30T10:25:56.173-0400: 77574.321: [GC (Allocation Failure) [PSYoungGen: 810708K->49447K(846848K)] 1481537K->721461K(4126208K), 0.0361774 secs] [Times: user=0.16 sys=0.02, real=0.03 secs] 
2022-06-30T10:27:00.209-0400: 77638.358: [GC (Allocation Failure) [PSYoungGen: 833831K->47183K(847872K)] 1505845K->720307K(4127232K), 0.0272498 secs] [Times: user=0.16 sys=0.00, real=0.03 secs] 
2022-06-30T10:27:43.226-0400: 77681.374: [GC (Allocation Failure) [PSYoungGen: 831567K->50513K(862720K)] 1504691K->724091K(4142080K), 0.0328021 secs] [Times: user=0.18 sys=0.01, real=0.04 secs] 
2022-06-30T10:28:09.816-0400: 77707.964: [GC (Allocation Failure) [PSYoungGen: 849745K->52254K(863744K)] 1523323K->729619K(4143104K), 0.0316697 secs] [Times: user=0.20 sys=0.00, real=0.03 secs] 
2022-06-30T10:28:34.570-0400: 77732.719: [GC (Allocation Failure) [PSYoungGen: 851486K->51895K(879616K)] 1528851K->731449K(4158976K), 0.0347743 secs] [Times: user=0.16 sys=0.01, real=0.04 secs] 
2022-06-30T10:29:14.365-0400: 77772.513: [GC (Allocation Failure) [PSYoungGen: 865975K->47799K(880640K)] 1545529K->729958K(4160000K), 0.0325995 secs] [Times: user=0.17 sys=0.00, real=0.03 secs] 
2022-06-30T10:29:30.991-0400: 77789.140: [GC (Allocation Failure) [PSYoungGen: 861879K->44369K(897024K)] 1544038K->728139K(4176384K), 0.0309269 secs] [Times: user=0.16 sys=0.01, real=0.04 secs] 
2022-06-30T10:29:44.164-0400: 77802.313: [GC (Allocation Failure) [PSYoungGen: 877393K->49211K(896512K)] 1561163K->733244K(4175872K), 0.0342546 secs] [Times: user=0.17 sys=0.00, real=0.03 secs] 
2022-06-30T10:29:49.258-0400: 77807.407: [GC (Allocation Failure) [PSYoungGen: 882235K->52934K(920064K)] 1566268K->739846K(4199424K), 0.0295653 secs] [Times: user=0.17 sys=0.02, real=0.03 secs] 
2022-06-30T10:29:58.862-0400: 77817.011: [GC (Allocation Failure) [PSYoungGen: 909510K->55590K(921088K)] 1596422K->743663K(4200448K), 0.0299204 secs] [Times: user=0.18 sys=0.00, real=0.03 secs] 
2022-06-30T10:30:06.435-0400: 77824.583: [GC (Allocation Failure) [PSYoungGen: 912166K->59691K(959488K)] 1600239K->749739K(4238848K), 0.0405406 secs] [Times: user=0.22 sys=0.03, real=0.04 secs] 
2022-06-30T10:30:14.716-0400: 77832.865: [GC (Allocation Failure) [PSYoungGen: 953131K->65231K(962560K)] 1643179K->759038K(4241920K), 0.0319534 secs] [Times: user=0.19 sys=0.00, real=0.03 secs] 
2022-06-30T10:30:28.796-0400: 77846.944: [GC (Allocation Failure) [PSYoungGen: 958671K->51528K(1006080K)] 1652478K->748122K(4285440K), 0.0295996 secs] [Times: user=0.17 sys=0.02, real=0.03 secs] 
2022-06-30T10:30:45.958-0400: 77864.106: [GC (Allocation Failure) [PSYoungGen: 991048K->45943K(1011200K)] 1687642K->744578K(4290560K), 0.0237881 secs] [Times: user=0.14 sys=0.00, real=0.02 secs] 
2022-06-30T10:31:00.594-0400: 77878.743: [GC (Allocation Failure) [PSYoungGen: 985463K->45177K(1044480K)] 1684098K->745429K(4323840K), 0.0260274 secs] [Times: user=0.14 sys=0.02, real=0.03 secs] 
2022-06-30T10:31:10.965-0400: 77889.114: [GC (Allocation Failure) [PSYoungGen: 1025145K->47610K(1048576K)] 1725397K->749199K(4327936K), 0.0261695 secs] [Times: user=0.17 sys=0.01, real=0.03 secs] 
2022-06-30T10:31:19.497-0400: 77897.646: [GC (Allocation Failure) [PSYoungGen: 1027578K->47204K(1090560K)] 1729167K->750541K(4369920K), 0.0415189 secs] [Times: user=0.15 sys=0.13, real=0.04 secs] 
2022-06-30T10:31:31.265-0400: 77909.414: [GC (Allocation Failure) [PSYoungGen: 1070692K->51210K(1089024K)] 1774029K->755996K(4368384K), 0.0268819 secs] [Times: user=0.18 sys=0.01, real=0.03 secs] 
2022-06-30T10:32:01.209-0400: 77939.358: [GC (Allocation Failure) [PSYoungGen: 1074698K->63545K(1132032K)] 1779484K->769536K(4411392K), 0.0357668 secs] [Times: user=0.19 sys=0.03, real=0.04 secs] 
2022-06-30T10:32:15.590-0400: 77953.739: [GC (Allocation Failure) [PSYoungGen: 1130553K->56392K(1135616K)] 1836544K->766158K(4414976K), 0.0615715 secs] [Times: user=0.24 sys=0.01, real=0.06 secs] 
2022-06-30T10:32:30.627-0400: 77968.775: [GC (Allocation Failure) [PSYoungGen: 1123400K->52684K(1178624K)] 1833166K->763899K(4457984K), 0.0281744 secs] [Times: user=0.16 sys=0.02, real=0.03 secs] 
2022-06-30T10:32:52.366-0400: 77990.514: [GC (Allocation Failure) [PSYoungGen: 1167820K->56058K(1183232K)] 1879035K->768552K(4462592K), 0.0261998 secs] [Times: user=0.19 sys=0.00, real=0.02 secs] 
2022-06-30T10:33:03.014-0400: 78001.163: [GC (Allocation Failure) [PSYoungGen: 1171194K->63834K(1225728K)] 1883688K->778153K(4505088K), 0.0312055 secs] [Times: user=0.19 sys=0.02, real=0.04 secs] 
2022-06-30T10:33:13.664-0400: 78011.812: [GC (Allocation Failure) [PSYoungGen: 1221466K->60148K(1228288K)] 1935785K->775779K(4507648K), 0.0300056 secs] [Times: user=0.20 sys=0.00, real=0.03 secs] 
2022-06-30T10:33:24.580-0400: 78022.729: [GC (Allocation Failure) [PSYoungGen: 1217780K->61568K(1278976K)] 1933411K->777807K(4558336K), 0.0328594 secs] [Times: user=0.16 sys=0.03, real=0.03 secs] 
2022-06-30T10:33:34.608-0400: 78032.757: [GC (Allocation Failure) [PSYoungGen: 1268864K->63508K(1280000K)] 1985103K->783472K(4559360K), 0.0401765 secs] [Times: user=0.22 sys=0.00, real=0.04 secs] 
2022-06-30T10:34:12.842-0400: 78070.990: [GC (Allocation Failure) [PSYoungGen: 1270804K->62775K(1328128K)] 1990768K->785192K(4607488K), 0.0405770 secs] [Times: user=0.19 sys=0.06, real=0.04 secs] 
2022-06-30T10:34:54.940-0400: 78113.089: [GC (Allocation Failure) [PSYoungGen: 1322295K->63325K(1334784K)] 2044712K->786442K(4614144K), 0.0342715 secs] [Times: user=0.20 sys=0.00, real=0.04 secs] 
2022-06-30T10:35:10.572-0400: 78128.720: [GC (Allocation Failure) [PSYoungGen: 1322845K->62488K(1381888K)] 2045962K->786885K(4661248K), 0.0360337 secs] [Times: user=0.19 sys=0.02, real=0.04 secs] 
2022-06-30T10:35:31.603-0400: 78149.752: [GC (Allocation Failure) [PSYoungGen: 1368600K->62421K(1382400K)] 2092997K->789055K(4661760K), 0.0364681 secs] [Times: user=0.20 sys=0.00, real=0.04 secs] 
2022-06-30T10:36:02.332-0400: 78180.481: [GC (Allocation Failure) [PSYoungGen: 1368533K->60868K(1420800K)] 2095167K->790111K(4700160K), 0.0381346 secs] [Times: user=0.20 sys=0.03, real=0.03 secs] 
2022-06-30T10:37:08.986-0400: 78247.135: [GC (Allocation Failure) [PSYoungGen: 1411012K->61287K(1425408K)] 2140255K->794012K(4704768K), 0.0383014 secs] [Times: user=0.22 sys=0.00, real=0.04 secs] 
2022-06-30T10:37:53.876-0400: 78292.025: [GC (Allocation Failure) [PSYoungGen: 1411431K->50212K(1453568K)] 2144156K->792147K(4732928K), 0.0272077 secs] [Times: user=0.19 sys=0.00, real=0.03 secs] 
2022-06-30T10:39:56.706-0400: 78414.854: [GC (Allocation Failure) [PSYoungGen: 1434148K->62108K(1458688K)] 2176083K->806393K(4738048K), 0.0363264 secs] [Times: user=0.22 sys=0.01, real=0.04 secs] 
2022-06-30T10:40:29.639-0400: 78447.787: [GC (Allocation Failure) [PSYoungGen: 1446044K->60377K(1485312K)] 2190329K->806330K(4764672K), 0.0361326 secs] [Times: user=0.19 sys=0.02, real=0.04 secs] 
2022-06-30T10:41:06.706-0400: 78484.855: [GC (Allocation Failure) [PSYoungGen: 1472985K->58341K(1486336K)] 2218938K->804702K(4765696K), 0.0243813 secs] [Times: user=0.17 sys=0.00, real=0.03 secs] 
2022-06-30T10:43:01.682-0400: 78599.830: [GC (Allocation Failure) [PSYoungGen: 1470949K->57063K(1445376K)] 2217310K->805147K(4724736K), 0.0290865 secs] [Times: user=0.19 sys=0.02, real=0.03 secs] 
2022-06-30T10:43:44.430-0400: 78642.579: [GC (Allocation Failure) [PSYoungGen: 1445095K->56886K(1421824K)] 2193179K->806586K(4701184K), 0.0311927 secs] [Times: user=0.19 sys=0.00, real=0.03 secs] 
2022-06-30T10:46:25.783-0400: 78803.932: [GC (Allocation Failure) [PSYoungGen: 1421366K->28133K(1369600K)] 2171066K->818456K(4648960K), 0.0424281 secs] [Times: user=0.36 sys=0.00, real=0.04 secs] 
2022-06-30T10:48:02.913-0400: 78901.062: [GC (Allocation Failure) [PSYoungGen: 1369573K->42832K(1361920K)] 2159896K->833811K(4641280K), 0.0390401 secs] [Times: user=0.22 sys=0.01, real=0.04 secs] 
2022-06-30T10:48:16.569-0400: 78914.717: [GC (Allocation Failure) [PSYoungGen: 1361744K->46789K(1410048K)] 2152723K->837768K(4689408K), 0.0249891 secs] [Times: user=0.16 sys=0.00, real=0.02 secs] 
2022-06-30T10:48:35.783-0400: 78933.931: [GC (Allocation Failure) [PSYoungGen: 1382597K->46159K(1410560K)] 2173576K->838249K(4689920K), 0.0296569 secs] [Times: user=0.17 sys=0.00, real=0.03 secs] 
2022-06-30T10:49:02.291-0400: 78960.439: [GC (Allocation Failure) [PSYoungGen: 1381967K->49145K(1437696K)] 2174057K->842024K(4717056K), 0.0309152 secs] [Times: user=0.17 sys=0.00, real=0.03 secs] 
2022-06-30T10:49:30.561-0400: 78988.710: [GC (Allocation Failure) [PSYoungGen: 1413113K->62084K(1437696K)] 2205992K->855211K(4717056K), 0.0407484 secs] [Times: user=0.20 sys=0.00, real=0.04 secs] 
2022-06-30T10:50:30.776-0400: 79048.925: [GC (Allocation Failure) [PSYoungGen: 1426052K->63948K(1465856K)] 2219179K->857179K(4745216K), 0.0411729 secs] [Times: user=0.20 sys=0.03, real=0.04 secs] 
2022-06-30T10:51:35.078-0400: 79113.227: [GC (Allocation Failure) [PSYoungGen: 1456076K->72998K(1467904K)] 2249307K->867069K(4747264K), 0.0693288 secs] [Times: user=0.33 sys=0.00, real=0.07 secs] 
2022-06-30T10:52:47.905-0400: 79186.054: [GC (Allocation Failure) [PSYoungGen: 1465126K->71099K(1497600K)] 2259197K->866402K(4776960K), 0.0396075 secs] [Times: user=0.19 sys=0.03, real=0.04 secs] 
2022-06-30T10:54:06.110-0400: 79264.259: [GC (Allocation Failure) [PSYoungGen: 1488827K->70854K(1464320K)] 2284130K->866229K(4743680K), 0.0488605 secs] [Times: user=0.24 sys=0.00, real=0.05 secs] 
2022-06-30T10:54:20.562-0400: 79278.710: [GC (Allocation Failure) [PSYoungGen: 1464006K->63530K(1478656K)] 2259381K->862863K(4758016K), 0.0340473 secs] [Times: user=0.21 sys=0.00, real=0.03 secs] 
2022-06-30T10:54:26.666-0400: 79284.814: [GC (Allocation Failure) [PSYoungGen: 1468970K->63103K(1488896K)] 2268303K->864374K(4768256K), 0.0330698 secs] [Times: user=0.20 sys=0.00, real=0.03 secs] 
2022-06-30T10:55:02.348-0400: 79320.496: [GC (Allocation Failure) [PSYoungGen: 1468543K->58897K(1527296K)] 2269814K->860697K(4806656K), 0.0348159 secs] [Times: user=0.19 sys=0.03, real=0.03 secs] 
2022-06-30T10:56:00.187-0400: 79378.336: [GC (Allocation Failure) [PSYoungGen: 1514001K->62584K(1535488K)] 2315801K->865063K(4814848K), 0.0339759 secs] [Times: user=0.21 sys=0.00, real=0.03 secs] 
2022-06-30T10:57:15.923-0400: 79454.072: [GC (Allocation Failure) [PSYoungGen: 1517688K->71492K(1570304K)] 2320167K->874272K(4849664K), 0.0445312 secs] [Times: user=0.26 sys=0.03, real=0.05 secs] 
2022-06-30T10:59:21.096-0400: 79579.245: [GC (Allocation Failure) [PSYoungGen: 1564484K->68040K(1573888K)] 2367264K->877069K(4853248K), 0.0514479 secs] [Times: user=0.26 sys=0.00, real=0.05 secs] 
2022-06-30T11:00:32.229-0400: 79650.378: [GC (Allocation Failure) [PSYoungGen: 1561032K->81406K(1593856K)] 2370061K->912197K(4873216K), 0.0575946 secs] [Times: user=0.30 sys=0.02, real=0.06 secs] 
2022-06-30T11:00:36.466-0400: 79654.615: [GC (Allocation Failure) [PSYoungGen: 1593854K->94707K(1607168K)] 2424645K->1129096K(4886528K), 0.5151814 secs] [Times: user=0.84 sys=0.00, real=0.51 secs] 
2022-06-30T11:02:30.311-0400: 79768.458: [GC (Allocation Failure) [PSYoungGen: 1607155K->163803K(1900544K)] 2641544K->1204580K(5179904K), 0.2125096 secs] [Times: user=0.48 sys=0.08, real=0.21 secs] 
2022-06-30T11:05:30.453-0400: 79948.600: [GC (Allocation Failure) [PSYoungGen: 1886683K->104241K(1918976K)] 2927460K->1151221K(5198336K), 0.0577360 secs] [Times: user=0.36 sys=0.05, real=0.05 secs] 
2022-06-30T11:06:54.762-0400: 80032.909: [GC (Allocation Failure) [PSYoungGen: 1827121K->93859K(2070528K)] 2874101K->1146886K(5349888K), 0.0421673 secs] [Times: user=0.22 sys=0.05, real=0.05 secs] 
2022-06-30T11:08:16.710-0400: 80114.857: [GC (Allocation Failure) [PSYoungGen: 2014883K->98896K(2101760K)] 3067910K->1156624K(5381120K), 0.0442937 secs] [Times: user=0.28 sys=0.00, real=0.04 secs] 
2022-06-30T11:09:12.163-0400: 80170.310: [GC (Allocation Failure) [PSYoungGen: 2019920K->105901K(2232320K)] 3077648K->1165154K(5511680K), 0.0561635 secs] [Times: user=0.27 sys=0.05, real=0.06 secs] 
2022-06-30T11:09:32.873-0400: 80191.020: [GC (Allocation Failure) [PSYoungGen: 2197933K->100274K(2260480K)] 3257186K->1159528K(5539840K), 0.0429926 secs] [Times: user=0.22 sys=0.03, real=0.04 secs] 
2022-06-30T11:10:13.300-0400: 80231.448: [GC (Allocation Failure) [PSYoungGen: 2192306K->102178K(2367488K)] 3251560K->1161432K(5646848K), 0.0482131 secs] [Times: user=0.24 sys=0.06, real=0.05 secs] 
2022-06-30T11:10:58.462-0400: 80276.609: [GC (Allocation Failure) [PSYoungGen: 2338594K->111207K(2393600K)] 3397848K->1170460K(5672960K), 0.0576862 secs] [Times: user=0.27 sys=0.02, real=0.06 secs] 
2022-06-30T11:12:53.903-0400: 80392.050: [GC (Allocation Failure) [PSYoungGen: 2347623K->117731K(2485248K)] 3406876K->1176985K(5764608K), 0.0636911 secs] [Times: user=0.30 sys=0.06, real=0.06 secs] 
2022-06-30T11:14:50.136-0400: 80508.283: [GC (Allocation Failure) [PSYoungGen: 2466787K->122964K(2505728K)] 3526041K->1182218K(5785088K), 0.0565972 secs] [Times: user=0.32 sys=0.01, real=0.06 secs] 
2022-06-30T11:16:05.602-0400: 80583.749: [GC (Allocation Failure) [PSYoungGen: 2471395K->123217K(2583552K)] 3530648K->1182622K(5862912K), 0.0634282 secs] [Times: user=0.31 sys=0.04, real=0.06 secs] 
2022-06-30T11:17:32.167-0400: 80670.314: [GC (Allocation Failure) [PSYoungGen: 2557777K->133509K(2595328K)] 3617182K->1197221K(5874688K), 0.0682576 secs] [Times: user=0.38 sys=0.00, real=0.07 secs] 
2022-06-30T11:18:43.573-0400: 80741.721: [GC (Allocation Failure) [PSYoungGen: 2568069K->127710K(2661888K)] 3631781K->1192757K(5941248K), 0.0543737 secs] [Times: user=0.32 sys=0.06, real=0.05 secs] 
2022-06-30T11:19:24.312-0400: 80782.459: [GC (Allocation Failure) [PSYoungGen: 2630366K->128884K(2669568K)] 3695413K->1197504K(5948928K), 0.0598929 secs] [Times: user=0.35 sys=0.00, real=0.06 secs] 
2022-06-30T11:20:22.884-0400: 80841.031: [GC (Allocation Failure) [PSYoungGen: 2631540K->100692K(2732032K)] 3700160K->1208519K(6011392K), 0.0839135 secs] [Times: user=0.51 sys=0.02, real=0.09 secs] 
2022-06-30T11:22:02.439-0400: 80940.586: [GC (Allocation Failure) [PSYoungGen: 2672468K->89298K(2736128K)] 3780295K->1203669K(6015488K), 0.0556912 secs] [Times: user=0.32 sys=0.00, real=0.06 secs] 
2022-06-30T11:23:11.606-0400: 81009.754: [GC (Allocation Failure) [PSYoungGen: 2661074K->86157K(2782720K)] 3775445K->1205965K(6062080K), 0.0515365 secs] [Times: user=0.29 sys=0.02, real=0.05 secs] 
2022-06-30T11:24:58.525-0400: 81116.672: [GC (Allocation Failure) [PSYoungGen: 2714253K->81440K(2789376K)] 3834061K->1203316K(6068736K), 0.0510365 secs] [Times: user=0.31 sys=0.00, real=0.05 secs] 
2022-06-30T11:26:25.532-0400: 81203.679: [GC (Allocation Failure) [PSYoungGen: 2709536K->75075K(2637824K)] 3831412K->1198111K(5917184K), 0.0429443 secs] [Times: user=0.25 sys=0.02, real=0.05 secs] 
2022-06-30T11:27:22.028-0400: 81260.175: [GC (Allocation Failure) [PSYoungGen: 2637635K->84757K(2584576K)] 3760671K->1208082K(5863936K), 0.0433482 secs] [Times: user=0.27 sys=0.01, real=0.04 secs] 
2022-06-30T11:27:57.788-0400: 81295.935: [GC (Allocation Failure) [PSYoungGen: 2584341K->88042K(2685952K)] 3707666K->1211694K(5965312K), 0.0428737 secs] [Times: user=0.29 sys=0.00, real=0.04 secs] 
2022-06-30T11:29:10.008-0400: 81368.155: [GC (Allocation Failure) [PSYoungGen: 2617322K->88066K(2555904K)] 3740974K->1214898K(5835264K), 0.0602520 secs] [Times: user=0.32 sys=0.00, real=0.06 secs] 
2022-06-30T11:29:44.857-0400: 81403.004: [GC (Allocation Failure) [PSYoungGen: 2555394K->106723K(2618880K)] 3682226K->1236090K(5898240K), 0.0473037 secs] [Times: user=0.32 sys=0.00, real=0.05 secs] 
2022-06-30T11:30:20.795-0400: 81438.942: [GC (Allocation Failure) [PSYoungGen: 2577123K->106762K(2617856K)] 3706490K->1242179K(5897216K), 0.0586422 secs] [Times: user=0.32 sys=0.00, real=0.06 secs] 
2022-06-30T11:31:40.312-0400: 81518.459: [GC (Allocation Failure) [PSYoungGen: 2577162K->107527K(2660352K)] 3712579K->1243775K(5939712K), 0.0623968 secs] [Times: user=0.40 sys=0.02, real=0.06 secs] 
2022-06-30T11:32:36.459-0400: 81574.606: [GC (Allocation Failure) [PSYoungGen: 2629127K->107471K(2665984K)] 3765375K->1245235K(5945344K), 0.0504591 secs] [Times: user=0.34 sys=0.00, real=0.06 secs] 
2022-06-30T11:33:20.192-0400: 81618.339: [GC (Allocation Failure) [PSYoungGen: 2629071K->93685K(2706432K)] 3766835K->1237723K(5985792K), 0.0398643 secs] [Times: user=0.29 sys=0.02, real=0.04 secs] 
2022-06-30T11:34:10.753-0400: 81668.900: [GC (Allocation Failure) [PSYoungGen: 2664437K->97977K(2710528K)] 3808475K->1242624K(5989888K), 0.0432147 secs] [Times: user=0.28 sys=0.00, real=0.05 secs] 
2022-06-30T11:34:37.109-0400: 81695.257: [GC (Allocation Failure) [PSYoungGen: 2668729K->94964K(2758656K)] 3813376K->1243869K(6038016K), 0.0415621 secs] [Times: user=0.27 sys=0.03, real=0.04 secs] 
2022-06-30T11:35:29.579-0400: 81747.726: [GC (Allocation Failure) [PSYoungGen: 2717428K->86225K(2755584K)] 3866333K->1243039K(6034944K), 0.0415033 secs] [Times: user=0.27 sys=0.00, real=0.04 secs] 
2022-06-30T11:36:22.153-0400: 81800.300: [GC (Allocation Failure) [PSYoungGen: 2708689K->77491K(2805760K)] 3865503K->1238376K(6085120K), 0.0496896 secs] [Times: user=0.30 sys=0.02, real=0.05 secs] 
2022-06-30T11:37:07.872-0400: 81846.019: [GC (Allocation Failure) [PSYoungGen: 2752179K->84454K(2806784K)] 3913064K->1245923K(6086144K), 0.0501452 secs] [Times: user=0.26 sys=0.00, real=0.05 secs] 
2022-06-30T11:38:10.937-0400: 81909.084: [GC (Allocation Failure) [PSYoungGen: 2759142K->78162K(2853376K)] 3920611K->1241132K(6132736K), 0.0508794 secs] [Times: user=0.26 sys=0.05, real=0.05 secs] 
2022-06-30T11:40:04.996-0400: 82023.143: [GC (Allocation Failure) [PSYoungGen: 2804562K->89201K(2856448K)] 3967532K->1252940K(6135808K), 0.0653531 secs] [Times: user=0.35 sys=0.00, real=0.07 secs] 
2022-06-30T11:41:34.452-0400: 82112.599: [GC (Allocation Failure) [PSYoungGen: 2815601K->83148K(2740736K)] 3979340K->1247975K(6020096K), 0.0589625 secs] [Times: user=0.29 sys=0.03, real=0.05 secs] 
2022-06-30T11:42:26.208-0400: 82164.355: [GC (Allocation Failure) [PSYoungGen: 2740428K->88244K(2679296K)] 3905255K->1253899K(5958656K), 0.0584685 secs] [Times: user=0.27 sys=0.00, real=0.06 secs] 
2022-06-30T11:43:19.502-0400: 82217.649: [GC (Allocation Failure) [PSYoungGen: 2678964K->79344K(2718208K)] 3844619K->1257180K(5997568K), 0.0624282 secs] [Times: user=0.31 sys=0.00, real=0.06 secs] 
2022-06-30T11:45:47.311-0400: 82365.458: [GC (Allocation Failure) [PSYoungGen: 2718192K->63019K(2636288K)] 3896028K->1263646K(5915648K), 0.0666008 secs] [Times: user=0.40 sys=0.01, real=0.06 secs] 
2022-06-30T11:47:26.524-0400: 82464.671: [GC (Allocation Failure) [PSYoungGen: 2635819K->59726K(2569216K)] 3836446K->1260353K(5848576K), 0.0496763 secs] [Times: user=0.30 sys=0.00, real=0.05 secs] 
2022-06-30T11:48:24.763-0400: 82522.910: [GC (Allocation Failure) [PSYoungGen: 2569038K->57605K(2506240K)] 3769665K->1263314K(5785600K), 0.0453517 secs] [Times: user=0.24 sys=0.01, real=0.05 secs] 
2022-06-30T11:50:21.437-0400: 82639.584: [GC (Allocation Failure) [PSYoungGen: 2505989K->59490K(2449408K)] 3711698K->1268962K(5728768K), 0.0466731 secs] [Times: user=0.24 sys=0.01, real=0.05 secs] 
2022-06-30T11:51:42.226-0400: 82720.373: [GC (Allocation Failure) [PSYoungGen: 2448994K->65364K(2398208K)] 3658466K->1275028K(5677568K), 0.0472185 secs] [Times: user=0.25 sys=0.01, real=0.05 secs] 
2022-06-30T11:52:25.742-0400: 82763.889: [GC (Allocation Failure) [PSYoungGen: 2398036K->67639K(2345984K)] 3607700K->1277654K(5625344K), 0.0419008 secs] [Times: user=0.22 sys=0.00, real=0.04 secs] 
2022-06-30T11:54:14.023-0400: 82872.171: [GC (Allocation Failure) [PSYoungGen: 2345527K->62720K(2288128K)] 3555542K->1273248K(5567488K), 0.0377907 secs] [Times: user=0.23 sys=0.01, real=0.04 secs] 
2022-06-30T11:57:11.858-0400: 83050.005: [GC (Allocation Failure) [PSYoungGen: 2287872K->66243K(2241024K)] 3498400K->1277043K(5520384K), 0.0404087 secs] [Times: user=0.23 sys=0.00, real=0.04 secs] 
2022-06-30T11:57:33.888-0400: 83072.035: [GC (Allocation Failure) [PSYoungGen: 2240707K->65964K(2191360K)] 3451507K->1276975K(5470720K), 0.0379526 secs] [Times: user=0.20 sys=0.00, real=0.03 secs] 
2022-06-30T11:58:12.666-0400: 83110.813: [GC (Allocation Failure) [PSYoungGen: 2191276K->70309K(2262016K)] 3402287K->1281824K(5541376K), 0.0480172 secs] [Times: user=0.26 sys=0.00, real=0.05 secs] 
2022-06-30T11:58:52.679-0400: 83150.826: [GC (Allocation Failure) [PSYoungGen: 2232997K->70988K(2273280K)] 3444512K->1284210K(5552640K), 0.0376374 secs] [Times: user=0.23 sys=0.00, real=0.03 secs] 
2022-06-30T12:00:25.983-0400: 83244.130: [GC (Allocation Failure) [PSYoungGen: 2233676K->106980K(2294784K)] 3446898K->1333098K(5574144K), 0.1796450 secs] [Times: user=0.35 sys=0.03, real=0.18 secs] 
2022-06-30T12:01:58.247-0400: 83336.394: [GC (Allocation Failure) [PSYoungGen: 2294756K->120829K(2308608K)] 3520874K->1550284K(5587968K), 0.6037127 secs] [Times: user=0.96 sys=0.00, real=0.61 secs] 
2022-06-30T12:05:00.616-0400: 83518.763: [GC (Allocation Failure) [PSYoungGen: 2308605K->164000K(2473472K)] 3738060K->1604217K(5752832K), 0.0740019 secs] [Times: user=0.47 sys=0.11, real=0.07 secs] 
2022-06-30T12:08:38.607-0400: 83736.754: [GC (Allocation Failure) [PSYoungGen: 2429525K->219634K(2485248K)] 3869742K->1660243K(5764608K), 0.2221194 secs] [Times: user=0.64 sys=0.04, real=0.23 secs] 
2022-06-30T12:11:00.063-0400: 83878.210: [GC (Allocation Failure) [PSYoungGen: 2485234K->148441K(2557952K)] 3925843K->1591223K(5837312K), 0.0493984 secs] [Times: user=0.36 sys=0.05, real=0.05 secs] 
2022-06-30T12:12:52.233-0400: 83990.381: [GC (Allocation Failure) [PSYoungGen: 2473945K->153948K(2572800K)] 3916727K->1596730K(5852160K), 0.0570442 secs] [Times: user=0.43 sys=0.00, real=0.06 secs] 
2022-06-30T12:16:44.433-0400: 84222.580: [GC (Allocation Failure) [PSYoungGen: 2479452K->166132K(2614272K)] 3922234K->1608922K(5893632K), 0.0805261 secs] [Times: user=0.50 sys=0.03, real=0.08 secs] 
2022-06-30T12:21:53.085-0400: 84531.232: [GC (Allocation Failure) [PSYoungGen: 2536180K->177807K(2492416K)] 3978970K->1624860K(5771776K), 0.1143459 secs] [Times: user=0.78 sys=0.00, real=0.12 secs] 
2022-06-30T12:25:04.630-0400: 84722.777: [GC (Allocation Failure) [PSYoungGen: 2492047K->171452K(2464768K)] 3939100K->1625635K(5744128K), 0.0946130 secs] [Times: user=0.67 sys=0.00, real=0.09 secs] 
2022-06-30T12:27:03.361-0400: 84841.508: [GC (Allocation Failure) [PSYoungGen: 2431932K->159606K(2368512K)] 3886115K->1614417K(5647872K), 0.0628177 secs] [Times: user=0.45 sys=0.01, real=0.06 secs] 
2022-06-30T12:28:50.992-0400: 84949.139: [GC (Allocation Failure) [PSYoungGen: 2368374K->217195K(2443776K)] 3823185K->1672274K(5723136K), 0.1799195 secs] [Times: user=0.54 sys=0.00, real=0.18 secs] 
2022-06-30T12:31:34.388-0400: 85112.535: [GC (Allocation Failure) [PSYoungGen: 2408555K->176823K(2318848K)] 3863634K->1634229K(5598208K), 0.0769378 secs] [Times: user=0.53 sys=0.00, real=0.07 secs] 
2022-06-30T12:37:06.170-0400: 85444.317: [GC (Allocation Failure) [PSYoungGen: 2318519K->172929K(2307584K)] 3775925K->1630559K(5586944K), 0.0880751 secs] [Times: user=0.63 sys=0.00, real=0.09 secs] 
2022-06-30T12:38:11.075-0400: 85509.222: [GC (Allocation Failure) [PSYoungGen: 2267009K->168696K(2216960K)] 3724639K->1626557K(5496320K), 0.0671813 secs] [Times: user=0.41 sys=0.01, real=0.07 secs] 
2022-06-30T12:39:53.667-0400: 85611.814: [GC (Allocation Failure) [PSYoungGen: 2216696K->169168K(2207744K)] 3674557K->1627918K(5487104K), 0.0723523 secs] [Times: user=0.46 sys=0.01, real=0.07 secs] 
2022-06-30T12:43:22.397-0400: 85820.544: [GC (Allocation Failure) [PSYoungGen: 2172624K->199377K(2160128K)] 3631374K->1695616K(5439488K), 0.1933339 secs] [Times: user=0.70 sys=0.00, real=0.19 secs] 
2022-06-30T12:45:39.530-0400: 85957.677: [GC (Allocation Failure) [PSYoungGen: 2159825K->132965K(2127360K)] 3656064K->1649402K(5406720K), 0.0809366 secs] [Times: user=0.45 sys=0.01, real=0.08 secs] 
2022-06-30T12:49:01.204-0400: 86159.351: [GC (Allocation Failure) [PSYoungGen: 2051941K->90351K(1969152K)] 3568378K->1650575K(5248512K), 0.1006331 secs] [Times: user=0.68 sys=0.01, real=0.10 secs] 
2022-06-30T12:51:49.341-0400: 86327.488: [GC (Allocation Failure) [PSYoungGen: 1968879K->90578K(2056704K)] 3529103K->1652453K(5336064K), 0.0619877 secs] [Times: user=0.35 sys=0.00, real=0.07 secs] 
2022-06-30T12:58:39.845-0400: 86737.992: [GC (Allocation Failure) [PSYoungGen: 1930194K->80784K(1883136K)] 3492069K->1643062K(5162496K), 0.0519823 secs] [Times: user=0.33 sys=0.00, real=0.05 secs] 
2022-06-30T12:59:24.239-0400: 86782.386: [GC (Allocation Failure) [PSYoungGen: 1883024K->74959K(1984000K)] 3445302K->1637562K(5263360K), 0.0340404 secs] [Times: user=0.24 sys=0.01, real=0.04 secs] 
2022-06-30T13:00:17.896-0400: 86836.043: [GC (Allocation Failure) [PSYoungGen: 1840847K->75894K(1806848K)] 3403450K->1639466K(5086208K), 0.0318846 secs] [Times: user=0.22 sys=0.00, real=0.03 secs] 
2022-06-30T13:00:40.917-0400: 86859.064: [GC (Allocation Failure) [PSYoungGen: 1806454K->68706K(1908736K)] 3370026K->1637360K(5188096K), 0.0332732 secs] [Times: user=0.23 sys=0.01, real=0.03 secs] 
2022-06-30T13:01:41.941-0400: 86920.088: [GC (Allocation Failure) [PSYoungGen: 1764962K->68345K(1732096K)] 3333616K->1639191K(5011456K), 0.0360093 secs] [Times: user=0.24 sys=0.00, real=0.04 secs] 
2022-06-30T13:02:06.889-0400: 86945.036: [GC (Allocation Failure) [PSYoungGen: 1731833K->68179K(1836544K)] 3302679K->1639330K(5115904K), 0.0361996 secs] [Times: user=0.21 sys=0.01, real=0.03 secs] 
2022-06-30T13:02:51.638-0400: 86989.784: [GC (Allocation Failure) [PSYoungGen: 1699923K->66523K(1667584K)] 3271074K->1638736K(4946944K), 0.0374499 secs] [Times: user=0.26 sys=0.00, real=0.04 secs] 
2022-06-30T13:04:13.511-0400: 87071.658: [GC (Allocation Failure) [PSYoungGen: 1667547K->129663K(1840640K)] 3239760K->1708851K(5120000K), 0.1600250 secs] [Times: user=0.35 sys=0.00, real=0.16 secs] 
2022-06-30T13:04:47.107-0400: 87105.254: [GC (Allocation Failure) [PSYoungGen: 1734783K->59246K(1836544K)] 3313971K->1639721K(5115904K), 0.0250783 secs] [Times: user=0.18 sys=0.00, real=0.03 secs] 
2022-06-30T13:05:09.040-0400: 87127.187: [GC (Allocation Failure) [PSYoungGen: 1664366K->59720K(1858560K)] 3244841K->1643024K(5137920K), 0.0260640 secs] [Times: user=0.19 sys=0.00, real=0.03 secs] 
2022-06-30T13:06:11.714-0400: 87189.860: [GC (Allocation Failure) [PSYoungGen: 1698632K->62395K(1861632K)] 3281936K->1652427K(5140992K), 0.0405357 secs] [Times: user=0.23 sys=0.00, real=0.04 secs] 
2022-06-30T13:07:12.437-0400: 87250.584: [GC (Allocation Failure) [PSYoungGen: 1701307K->44682K(1754624K)] 3291339K->1651995K(5033984K), 0.0388257 secs] [Times: user=0.26 sys=0.00, real=0.04 secs] 
2022-06-30T13:07:53.244-0400: 87291.391: [GC (Allocation Failure) [PSYoungGen: 1652362K->42337K(1619968K)] 3259675K->1651289K(4899328K), 0.0278290 secs] [Times: user=0.18 sys=0.00, real=0.03 secs] 
2022-06-30T13:08:41.118-0400: 87339.264: [GC (Allocation Failure) [PSYoungGen: 1619809K->47141K(1716224K)] 3228761K->1657716K(4995584K), 0.0378748 secs] [Times: user=0.22 sys=0.00, real=0.03 secs] 
2022-06-30T13:10:25.019-0400: 87443.166: [GC (Allocation Failure) [PSYoungGen: 1595429K->38290K(1558528K)] 3206004K->1653859K(4837888K), 0.0360165 secs] [Times: user=0.21 sys=0.00, real=0.04 secs] 
2022-06-30T13:12:00.204-0400: 87538.351: [GC (Allocation Failure) [PSYoungGen: 1558418K->36607K(1653248K)] 3173987K->1653441K(4932608K), 0.0356806 secs] [Times: user=0.23 sys=0.01, real=0.04 secs] 
2022-06-30T13:12:30.862-0400: 87569.009: [GC (Allocation Failure) [PSYoungGen: 1529087K->41385K(1507328K)] 3145921K->1658745K(4786688K), 0.0303930 secs] [Times: user=0.16 sys=0.00, real=0.03 secs] 
2022-06-30T13:13:37.146-0400: 87635.293: [GC (Allocation Failure) [PSYoungGen: 1507241K->40793K(1587200K)] 3124601K->1658841K(4866560K), 0.0319290 secs] [Times: user=0.19 sys=0.00, real=0.03 secs] 
2022-06-30T13:14:05.355-0400: 87663.502: [GC (Allocation Failure) [PSYoungGen: 1480537K->45411K(1460224K)] 3098585K->1663963K(4739584K), 0.0310020 secs] [Times: user=0.18 sys=0.01, real=0.03 secs] 
2022-06-30T13:14:38.914-0400: 87697.061: [GC (Allocation Failure) [PSYoungGen: 1460067K->46257K(1523200K)] 3078619K->1668001K(4802560K), 0.0377984 secs] [Times: user=0.20 sys=0.00, real=0.04 secs] 
2022-06-30T13:15:15.617-0400: 87733.764: [GC (Allocation Failure) [PSYoungGen: 1436337K->44727K(1411584K)] 3058081K->1666767K(4690944K), 0.0312265 secs] [Times: user=0.17 sys=0.01, real=0.03 secs] 
2022-06-30T13:15:52.629-0400: 87770.776: [GC (Allocation Failure) [PSYoungGen: 1411255K->49300K(1463296K)] 3033295K->1672289K(4742656K), 0.0372255 secs] [Times: user=0.18 sys=0.00, real=0.04 secs] 
2022-06-30T13:16:19.967-0400: 87798.113: [GC (Allocation Failure) [PSYoungGen: 1392788K->40903K(1361920K)] 3015777K->1667849K(4641280K), 0.0279370 secs] [Times: user=0.18 sys=0.00, real=0.02 secs] 
2022-06-30T13:16:58.387-0400: 87836.534: [GC (Allocation Failure) [PSYoungGen: 1361863K->46012K(1472512K)] 2988809K->1673846K(4751872K), 0.0370128 secs] [Times: user=0.20 sys=0.00, real=0.04 secs] 
2022-06-30T13:17:34.457-0400: 87872.604: [GC (Allocation Failure) [PSYoungGen: 1373628K->41806K(1347584K)] 3001462K->1670480K(4626944K), 0.0325487 secs] [Times: user=0.18 sys=0.01, real=0.03 secs] 
2022-06-30T13:18:08.082-0400: 87906.229: [GC (Allocation Failure) [PSYoungGen: 1347406K->36061K(1387008K)] 2976080K->1670666K(4666368K), 0.0283173 secs] [Times: user=0.18 sys=0.00, real=0.02 secs] 
2022-06-30T13:18:32.760-0400: 87930.907: [GC (Allocation Failure) [PSYoungGen: 1320157K->41003K(1412608K)] 2954762K->1676218K(4691968K), 0.0278004 secs] [Times: user=0.15 sys=0.00, real=0.03 secs] 
2022-06-30T13:18:48.231-0400: 87946.378: [GC (Allocation Failure) [PSYoungGen: 1325099K->43085K(1429504K)] 2960314K->1678912K(4708864K), 0.0269860 secs] [Times: user=0.16 sys=0.00, real=0.03 secs] 
2022-06-30T13:18:58.909-0400: 87957.056: [GC (Allocation Failure) [PSYoungGen: 1355341K->47708K(1430016K)] 2991168K->1683734K(4709376K), 0.0253420 secs] [Times: user=0.17 sys=0.01, real=0.03 secs] 
2022-06-30T13:19:04.716-0400: 87962.863: [GC (Allocation Failure) [PSYoungGen: 1359964K->50053K(1465344K)] 2995990K->1686871K(4744704K), 0.0291897 secs] [Times: user=0.17 sys=0.00, real=0.03 secs] 
2022-06-30T13:19:10.702-0400: 87968.849: [GC (Allocation Failure) [PSYoungGen: 1403781K->46893K(1459712K)] 3040599K->1684159K(4739072K), 0.0230953 secs] [Times: user=0.15 sys=0.00, real=0.02 secs] 
2022-06-30T13:19:17.139-0400: 87975.286: [GC (Allocation Failure) [PSYoungGen: 1400621K->41425K(1520128K)] 3037887K->1682839K(4799488K), 0.0324335 secs] [Times: user=0.15 sys=0.00, real=0.03 secs] 
2022-06-30T13:19:54.077-0400: 88012.224: [GC (Allocation Failure) [PSYoungGen: 1460689K->45936K(1516544K)] 3102103K->1687923K(4795904K), 0.0330310 secs] [Times: user=0.19 sys=0.00, real=0.04 secs] 
2022-06-30T13:22:07.440-0400: 88145.587: [GC (Allocation Failure) [PSYoungGen: 1465200K->47327K(1546240K)] 3107187K->1689841K(4825600K), 0.0477084 secs] [Times: user=0.25 sys=0.03, real=0.04 secs] 
2022-06-30T13:22:29.840-0400: 88167.987: [GC (Allocation Failure) [PSYoungGen: 1519839K->45706K(1561600K)] 3162353K->1689100K(4840960K), 0.0399012 secs] [Times: user=0.27 sys=0.01, real=0.04 secs] 
2022-06-30T13:23:22.338-0400: 88220.485: [GC (Allocation Failure) [PSYoungGen: 1518218K->45042K(1590784K)] 3161612K->1692151K(4870144K), 0.0344940 secs] [Times: user=0.17 sys=0.02, real=0.04 secs] 
2022-06-30T13:24:02.860-0400: 88261.007: [GC (Allocation Failure) [PSYoungGen: 1563634K->44653K(1601536K)] 3210743K->1695068K(4880896K), 0.0342150 secs] [Times: user=0.18 sys=0.00, real=0.03 secs] 
2022-06-30T13:24:42.101-0400: 88300.247: [GC (Allocation Failure) [PSYoungGen: 1563245K->43681K(1626624K)] 3213660K->1694320K(4905984K), 0.0296620 secs] [Times: user=0.15 sys=0.02, real=0.03 secs] 
2022-06-30T13:25:05.425-0400: 88323.571: [GC (Allocation Failure) [PSYoungGen: 1600161K->49830K(1633792K)] 3250800K->1700937K(4913152K), 0.0385015 secs] [Times: user=0.19 sys=0.02, real=0.04 secs] 
2022-06-30T13:25:18.993-0400: 88337.140: [GC (Allocation Failure) [PSYoungGen: 1606310K->45633K(1674752K)] 3257417K->1696980K(4954112K), 0.0299250 secs] [Times: user=0.17 sys=0.02, real=0.03 secs] 
2022-06-30T13:26:44.152-0400: 88422.299: [GC (Allocation Failure) [PSYoungGen: 1645121K->48507K(1672704K)] 3296468K->1700527K(4952064K), 0.0348564 secs] [Times: user=0.21 sys=0.00, real=0.03 secs] 
2022-06-30T13:27:25.580-0400: 88463.727: [GC (Allocation Failure) [PSYoungGen: 1647995K->51033K(1704960K)] 3300015K->1703845K(4984320K), 0.0437426 secs] [Times: user=0.18 sys=0.04, real=0.04 secs] 
2022-06-30T13:28:20.802-0400: 88518.949: [GC (Allocation Failure) [PSYoungGen: 1688921K->53633K(1707520K)] 3341733K->1707216K(4986880K), 0.0496222 secs] [Times: user=0.23 sys=0.00, real=0.05 secs] 
2022-06-30T13:28:51.464-0400: 88549.610: [GC (Allocation Failure) [PSYoungGen: 1691521K->49142K(1739264K)] 3345104K->1703021K(5018624K), 0.0313963 secs] [Times: user=0.17 sys=0.02, real=0.03 secs] 
2022-06-30T13:29:13.413-0400: 88571.560: [GC (Allocation Failure) [PSYoungGen: 1722870K->46025K(1741824K)] 3376749K->1701544K(5021184K), 0.0294644 secs] [Times: user=0.18 sys=0.00, real=0.02 secs] 
2022-06-30T13:29:38.420-0400: 88596.567: [GC (Allocation Failure) [PSYoungGen: 1719753K->56452K(1777664K)] 3375272K->1712323K(5057024K), 0.0430438 secs] [Times: user=0.18 sys=0.03, real=0.04 secs] 
2022-06-30T13:30:11.908-0400: 88630.054: [GC (Allocation Failure) [PSYoungGen: 1767556K->52123K(1778688K)] 3423427K->1708732K(5058048K), 0.0377497 secs] [Times: user=0.19 sys=0.00, real=0.04 secs] 
2022-06-30T13:30:39.166-0400: 88657.313: [GC (Allocation Failure) [PSYoungGen: 1763227K->55732K(1819648K)] 3419836K->1715821K(5099008K), 0.0421636 secs] [Times: user=0.19 sys=0.04, real=0.04 secs] 
2022-06-30T13:31:46.802-0400: 88724.949: [GC (Allocation Failure) [PSYoungGen: 1808308K->52775K(1820160K)] 3468397K->1713531K(5099520K), 0.0370321 secs] [Times: user=0.26 sys=0.01, real=0.04 secs] 
2022-06-30T13:32:53.484-0400: 88791.631: [GC (Allocation Failure) [PSYoungGen: 1805351K->54289K(1849856K)] 3466107K->1715604K(5129216K), 0.0393802 secs] [Times: user=0.21 sys=0.03, real=0.04 secs] 
2022-06-30T13:33:38.349-0400: 88836.495: [GC (Allocation Failure) [PSYoungGen: 1841681K->55639K(1853952K)] 3502996K->1717259K(5133312K), 0.0435517 secs] [Times: user=0.21 sys=0.00, real=0.04 secs] 
2022-06-30T13:35:00.746-0400: 88918.892: [GC (Allocation Failure) [PSYoungGen: 1843031K->49226K(1801216K)] 3504651K->1711014K(5080576K), 0.0382955 secs] [Times: user=0.18 sys=0.02, real=0.04 secs] 
2022-06-30T13:35:28.343-0400: 88946.489: [GC (Allocation Failure) [PSYoungGen: 1800778K->51564K(1838080K)] 3462566K->1713576K(5117440K), 0.0413776 secs] [Times: user=0.19 sys=0.01, real=0.04 secs] 
2022-06-30T13:35:52.708-0400: 88970.854: [GC (Allocation Failure) [PSYoungGen: 1837932K->44586K(1851392K)] 3499944K->1706966K(5130752K), 0.0355289 secs] [Times: user=0.18 sys=0.00, real=0.03 secs] 
2022-06-30T13:36:28.863-0400: 89007.010: [GC (Allocation Failure) [PSYoungGen: 1840682K->47069K(1860096K)] 3503062K->1709752K(5139456K), 0.0313038 secs] [Times: user=0.18 sys=0.00, real=0.03 secs] 
2022-06-30T13:37:18.047-0400: 89056.194: [GC (Allocation Failure) [PSYoungGen: 1843165K->47130K(1887744K)] 3505848K->1710198K(5167104K), 0.0303729 secs] [Times: user=0.17 sys=0.02, real=0.03 secs] 
2022-06-30T13:38:14.807-0400: 89112.954: [GC (Allocation Failure) [PSYoungGen: 1877018K->43704K(1836544K)] 3540086K->1707772K(5115904K), 0.0376361 secs] [Times: user=0.17 sys=0.01, real=0.03 secs] 
2022-06-30T13:39:14.361-0400: 89172.507: [GC (Allocation Failure) [PSYoungGen: 1836216K->43517K(1800192K)] 3500284K->1711107K(5079552K), 0.0357429 secs] [Times: user=0.20 sys=0.00, real=0.04 secs] 
2022-06-30T13:41:08.475-0400: 89286.622: [GC (Allocation Failure) [PSYoungGen: 1800189K->43788K(1765888K)] 3467779K->1711733K(5045248K), 0.0599403 secs] [Times: user=0.28 sys=0.00, real=0.06 secs] 
2022-06-30T13:41:43.694-0400: 89321.840: [GC (Allocation Failure) [PSYoungGen: 1765644K->35826K(1788928K)] 3433589K->1717001K(5068288K), 0.0515894 secs] [Times: user=0.23 sys=0.00, real=0.05 secs] 
2022-06-30T13:42:31.232-0400: 89369.379: [GC (Allocation Failure) [PSYoungGen: 1788914K->43614K(1814528K)] 3470089K->1726882K(5093888K), 0.0412851 secs] [Times: user=0.26 sys=0.00, real=0.04 secs] 
2022-06-30T13:43:29.054-0400: 89427.200: [GC (Allocation Failure) [PSYoungGen: 1798238K->43141K(1763328K)] 3481506K->1726409K(5042688K), 0.0391735 secs] [Times: user=0.19 sys=0.01, real=0.04 secs] 
2022-06-30T13:44:43.279-0400: 89501.426: [GC (Allocation Failure) [PSYoungGen: 1762949K->44502K(1730560K)] 3446217K->1728762K(5009920K), 0.0550834 secs] [Times: user=0.29 sys=0.01, real=0.05 secs] 
2022-06-30T13:46:43.611-0400: 89621.758: [GC (Allocation Failure) [PSYoungGen: 1730518K->31217K(1684480K)] 3414778K->1725654K(4963840K), 0.0593524 secs] [Times: user=0.30 sys=0.00, real=0.06 secs] 
2022-06-30T13:48:17.264-0400: 89715.411: [GC (Allocation Failure) [PSYoungGen: 1684465K->38423K(1660416K)] 3378902K->1734299K(4939776K), 0.0544031 secs] [Times: user=0.33 sys=0.00, real=0.06 secs] 
2022-06-30T13:49:59.184-0400: 89817.331: [GC (Allocation Failure) [PSYoungGen: 1659927K->34575K(1625600K)] 3355803K->1730452K(4904960K), 0.0337243 secs] [Times: user=0.24 sys=0.00, real=0.03 secs] 
2022-06-30T13:50:51.116-0400: 89869.263: [GC (Allocation Failure) [PSYoungGen: 1625359K->33208K(1594368K)] 3321236K->1730777K(4873728K), 0.0320672 secs] [Times: user=0.20 sys=0.00, real=0.03 secs] 
2022-06-30T13:51:42.430-0400: 89920.577: [GC (Allocation Failure) [PSYoungGen: 1594296K->34126K(1566720K)] 3291865K->1731951K(4846080K), 0.0284740 secs] [Times: user=0.20 sys=0.00, real=0.03 secs] 
2022-06-30T13:52:25.451-0400: 89963.598: [GC (Allocation Failure) [PSYoungGen: 1566542K->37037K(1541632K)] 3264367K->1734967K(4820992K), 0.0343222 secs] [Times: user=0.17 sys=0.00, real=0.04 secs] 
2022-06-30T13:53:24.065-0400: 90022.212: [GC (Allocation Failure) [PSYoungGen: 1541293K->36889K(1514496K)] 3239223K->1734930K(4793856K), 0.0329007 secs] [Times: user=0.18 sys=0.00, real=0.03 secs] 
2022-06-30T13:54:03.446-0400: 90061.593: [GC (Allocation Failure) [PSYoungGen: 1514009K->33999K(1485312K)] 3212050K->1733412K(4764672K), 0.0385969 secs] [Times: user=0.20 sys=0.01, real=0.04 secs] 
2022-06-30T13:54:42.448-0400: 90100.595: [GC (Allocation Failure) [PSYoungGen: 1485007K->41203K(1466880K)] 3184420K->1741089K(4746240K), 0.0319494 secs] [Times: user=0.17 sys=0.00, real=0.03 secs] 
2022-06-30T13:55:14.680-0400: 90132.827: [GC (Allocation Failure) [PSYoungGen: 1466611K->42187K(1443328K)] 3166497K->1742801K(4722688K), 0.0377270 secs] [Times: user=0.20 sys=0.00, real=0.04 secs] 
2022-06-30T13:56:04.281-0400: 90182.428: [GC (Allocation Failure) [PSYoungGen: 1443019K->29173K(1405952K)] 3143633K->1744836K(4685312K), 0.0316369 secs] [Times: user=0.25 sys=0.00, real=0.03 secs] 
2022-06-30T13:57:21.875-0400: 90260.022: [GC (Allocation Failure) [PSYoungGen: 1405941K->32818K(1386496K)] 3121604K->1750925K(4665856K), 0.0352870 secs] [Times: user=0.20 sys=0.01, real=0.04 secs] 
2022-06-30T13:59:09.118-0400: 90367.264: [GC (Allocation Failure) [PSYoungGen: 1386034K->42611K(1373696K)] 3104141K->1760719K(4653056K), 0.0422892 secs] [Times: user=0.24 sys=0.00, real=0.04 secs] 
2022-06-30T14:00:05.937-0400: 90424.084: [GC (Allocation Failure) [PSYoungGen: 1373299K->38456K(1347584K)] 3091407K->1756739K(4626944K), 0.0368065 secs] [Times: user=0.22 sys=0.01, real=0.03 secs] 
2022-06-30T14:00:30.398-0400: 90448.545: [GC (Allocation Failure) [PSYoungGen: 1347128K->28131K(1315328K)] 3065411K->1753524K(4594688K), 0.0351867 secs] [Times: user=0.20 sys=0.00, real=0.04 secs] 
2022-06-30T14:01:46.859-0400: 90525.007: [GC (Allocation Failure) [PSYoungGen: 1315299K->33366K(1299968K)] 3040692K->1760150K(4579328K), 0.0438760 secs] [Times: user=0.25 sys=0.01, real=0.04 secs] 
2022-06-30T14:02:15.188-0400: 90553.336: [GC (Allocation Failure) [PSYoungGen: 1299542K->34838K(1281024K)] 3026326K->1761623K(4560384K), 0.0280974 secs] [Times: user=0.19 sys=0.00, real=0.03 secs] 
2022-06-30T14:02:54.626-0400: 90592.774: [GC (Allocation Failure) [PSYoungGen: 1280534K->37587K(1263616K)] 3007319K->1764507K(4542976K), 0.0279548 secs] [Times: user=0.18 sys=0.01, real=0.03 secs] 
2022-06-30T14:03:17.872-0400: 90616.019: [GC (Allocation Failure) [PSYoungGen: 1263315K->31740K(1238016K)] 2990235K->1764302K(4517376K), 0.0250753 secs] [Times: user=0.18 sys=0.00, real=0.03 secs] 
2022-06-30T14:03:58.091-0400: 90656.239: [GC (Allocation Failure) [PSYoungGen: 1238012K->33058K(1220608K)] 2970574K->1765924K(4499968K), 0.0340484 secs] [Times: user=0.17 sys=0.01, real=0.03 secs] 
2022-06-30T14:04:46.495-0400: 90704.642: [GC (Allocation Failure) [PSYoungGen: 1220386K->35485K(1204736K)] 2953252K->1768351K(4484096K), 0.0278459 secs] [Times: user=0.17 sys=0.00, real=0.03 secs] 
2022-06-30T14:05:19.672-0400: 90737.819: [GC (Allocation Failure) [PSYoungGen: 1204381K->35819K(1186816K)] 2937247K->1768901K(4466176K), 0.0297720 secs] [Times: user=0.18 sys=0.00, real=0.03 secs] 
2022-06-30T14:05:54.578-0400: 90772.725: [GC (Allocation Failure) [PSYoungGen: 1186795K->27128K(1160704K)] 2919877K->1767799K(4440064K), 0.0249458 secs] [Times: user=0.17 sys=0.00, real=0.02 secs] 
2022-06-30T14:06:49.028-0400: 90827.176: [GC (Allocation Failure) [PSYoungGen: 1160696K->30409K(1147392K)] 2901367K->1772548K(4426752K), 0.0255654 secs] [Times: user=0.15 sys=0.00, real=0.02 secs] 
